build	Verify universal release binaries	﻿2026-09-02T14:58:16.8333331Z ##[group]Run ./tools/build/Initialize-CiUtf8.ps1
build	Verify universal release binaries	2026-09-02T14:58:16.8333876Z ^[[36;1m./tools/build/Initialize-CiUtf8.ps1^[[0m
build	Verify universal release binaries	2026-09-02T14:58:16.8334828Z ^[[36;1m$arguments = @{ Configuration = 'Release'; PlatformToolset = 'v143'; SkipUpdateManifest = $true; BatchOutputDirectory = 'out/target-batches'; ArchHandlerOutputDirectory = 'out/archhandler/Win32/Release' }^[[0m
build	Verify universal release binaries	2026-09-02T14:58:16.8335909Z ^[[36;1mif ($env:GITHUB_REF_TYPE -eq 'tag') { $arguments.FullValidation = $true }^[[0m
build	Verify universal release binaries	2026-09-02T14:58:16.8336387Z ^[[36;1m./tools/build/verify-release.ps1 @arguments^[[0m
build	Verify universal release binaries	2026-09-02T14:58:16.8384455Z shell: C:\Program Files\PowerShell\7\pwsh.EXE -command ". '{0}'"
build	Verify universal release binaries	2026-09-02T14:58:16.8384813Z ##[endgroup]
build	Verify universal release binaries	2026-09-02T14:58:17.3420687Z Build provenance validated: D:\a\fictionbook-editor-next\fictionbook-editor-next\out\build-provenance\CommonCore-Release.json
build	Verify universal release binaries	2026-09-02T14:58:17.3566031Z Build provenance validated: D:\a\fictionbook-editor-next\fictionbook-editor-next\out\build-provenance\Runtime-Release.json
build	Verify universal release binaries	2026-09-02T14:58:17.3816262Z Development bundled plugin layout passed: D:\a\fictionbook-editor-next\fictionbook-editor-next\out\Release\Plugins
build	Verify universal release binaries	2026-09-02T14:58:17.5722182Z Update manifest candidate written: D:\a\fictionbook-editor-next\fictionbook-editor-next\out\tests\update-manifest-candidate\update.xml
build	Verify universal release binaries	2026-09-02T14:58:17.6251058Z Манифест обновления проверен: D:\a\fictionbook-editor-next\fictionbook-editor-next\out\tests\update-manifest-candidate\update.xml
build	Verify universal release binaries	2026-09-02T14:58:17.7574314Z Update manifest candidate behavior passed.
build	Verify universal release binaries	2026-09-02T14:58:17.8407585Z Build provenance written: C:\Users\runneradmin\AppData\Local\Temp\fbe-provenance-7384\provenance\CommonCore-Release.json
build	Verify universal release binaries	2026-09-02T14:58:17.8472781Z Build provenance validated: C:\Users\runneradmin\AppData\Local\Temp\fbe-provenance-7384\provenance\CommonCore-Release.json
build	Verify universal release binaries	2026-09-02T14:58:17.8577908Z Build provenance stale ImportEPUB regression passed.
build	Verify universal release binaries	2026-09-02T14:58:17.9191200Z Build provenance written: C:\Users\runneradmin\AppData\Local\Temp\fbe-provenance-7384\provenance\Runtime-Release.json
build	Verify universal release binaries	2026-09-02T14:58:17.9252454Z Build provenance validated: C:\Users\runneradmin\AppData\Local\Temp\fbe-provenance-7384\provenance\Runtime-Release.json
build	Verify universal release binaries	2026-09-02T14:58:17.9311390Z Runtime provenance tamper regression passed.
build	Verify universal release binaries	2026-09-02T14:58:18.0109662Z Resource ID safety contract passed.
build	Verify universal release binaries	2026-09-02T14:58:18.0805906Z Проверки безопасной работы с исходниками прошли успешно.
build	Verify universal release binaries	2026-09-02T14:58:18.1676148Z Source line-number margin thresholds passed.
build	Verify universal release binaries	2026-09-02T14:58:18.1741203Z Source SCN_UPDATEUI notification contract passed.
build	Verify universal release binaries	2026-09-02T14:58:18.1969826Z Source modern Scintilla feature contract passed.
build	Verify universal release binaries	2026-09-02T14:58:18.4088534Z FBD support contract passed.
build	Verify universal release binaries	2026-09-02T14:58:18.6212116Z FB2 schema metadata freshness test passed.
build	Verify universal release binaries	2026-09-02T14:58:18.9847661Z FB2 schema metadata culture determinism test passed.
build	Verify universal release binaries	2026-09-02T14:58:19.9800051Z VS toolchain: installation=C:\Program Files\Microsoft Visual Studio\2022\Enterprise; PlatformToolset=; cl.exe=C:\Program Files\Microsoft Visual Studio\2022\Enterprise\VC\Tools\MSVC\14.44.35207\bin\HostX64\x86\cl.exe; VCToolsVersion=14.44.35207
build	Verify universal release binaries	2026-09-02T14:58:19.9962252Z structural-context-test.cpp
build	Verify universal release binaries	2026-09-02T14:58:20.5281450Z Fb2SourceStructuralContext.cpp
build	Verify universal release binaries	2026-09-02T14:58:20.9105510Z Generating Code...
build	Verify universal release binaries	2026-09-02T14:58:22.4468475Z FB2 structural context behavioral test passed.
build	Verify universal release binaries	2026-09-02T14:58:22.4740080Z autocomplete-test.cpp
build	Verify universal release binaries	2026-09-02T14:58:22.9609496Z Fb2SourceAutocomplete.cpp
build	Verify universal release binaries	2026-09-02T14:58:23.4736730Z Generating Code...
build	Verify universal release binaries	2026-09-02T14:58:23.6147930Z FB2 autocomplete behavioral test passed.
build	Verify universal release binaries	2026-09-02T14:58:23.6262965Z Source EOL validation annotation contract passed.
build	Verify universal release binaries	2026-09-02T14:58:23.6427094Z Source special-character representation contract passed.
build	Verify universal release binaries	2026-09-02T14:58:23.6486592Z Source line-index preallocation contract passed.
build	Verify universal release binaries	2026-09-02T14:58:23.7220369Z Editor-runtime fingerprint behavior passed.
build	Verify universal release binaries	2026-09-02T14:58:23.7307605Z Customizable toolbar TBN_GETBUTTONINFO contract passed.
build	Verify universal release binaries	2026-09-02T14:58:23.7387404Z UiMetrics and toolbar geometry contract passed.
build	Verify universal release binaries	2026-09-02T14:58:23.7394142Z Table checks are not run by default; use -RunTableTests or -FullValidation to enable them.
build	Verify universal release binaries	2026-09-02T14:58:23.7447108Z Диагностика HRESULT в отчётах тестового режима прошла проверку.
build	Verify universal release binaries	2026-09-02T14:58:23.8732150Z Проверка компактной сериализации binary и сохранения тире в ID пройдена.
build	Verify universal release binaries	2026-09-02T14:58:23.9315023Z Binary image save contract passed.
build	Verify universal release binaries	2026-09-02T14:58:24.8706750Z VS toolchain: installation=C:\Program Files\Microsoft Visual Studio\2022\Enterprise; PlatformToolset=; cl.exe=C:\Program Files\Microsoft Visual Studio\2022\Enterprise\VC\Tools\MSVC\14.44.35207\bin\HostX64\x86\cl.exe; VCToolsVersion=14.44.35207
build	Verify universal release binaries	2026-09-02T14:58:24.8847962Z binary-file-save-runtime.cpp
build	Verify universal release binaries	2026-09-02T14:58:25.9741164Z Runtime-тест атомарного сохранения binary прошёл успешно.
build	Verify universal release binaries	2026-09-02T14:58:26.0549500Z Контракт импорта изображений проверен.
build	Verify universal release binaries	2026-09-02T14:58:26.0615440Z main.js reliability contracts passed.
build	Verify universal release binaries	2026-09-02T14:58:26.5804974Z main.js binary behavioral test passed.
build	Verify universal release binaries	2026-09-02T14:58:44.3019505Z note preview regression tests passed
build	Verify universal release binaries	2026-09-02T14:58:45.3108004Z VS toolchain: installation=C:\Program Files\Microsoft Visual Studio\2022\Enterprise; PlatformToolset=v143; cl.exe=C:\Program Files\Microsoft Visual Studio\2022\Enterprise\VC\Tools\MSVC\14.44.35207\bin\HostX64\x86\cl.exe; VCToolsVersion=14.44.35207
build	Verify universal release binaries	2026-09-02T14:58:45.3266909Z link-navigation-test.cpp
build	Verify universal release binaries	2026-09-02T14:58:45.9563444Z Link navigation helper test passed.
build	Verify universal release binaries	2026-09-02T14:58:45.9869522Z MSHTML Body mouse-selection passthrough contract passed.
build	Verify universal release binaries	2026-09-02T14:58:46.0168709Z Binary editor localization contracts passed.
build	Verify universal release binaries	2026-09-02T14:58:46.0222236Z Контракт выбора Visual Studio/CMake для image codecs проверен.
build	Verify universal release binaries	2026-09-02T14:58:48.3626881Z image-import-smoke.cpp
build	Verify universal release binaries	2026-09-02T14:58:54.6242650Z ImageImport.cpp
build	Verify universal release binaries	2026-09-02T14:58:59.8821455Z Generating Code...
build	Verify universal release binaries	2026-09-02T14:59:00.1899802Z    Creating library D:\a\fictionbook-editor-next\fictionbook-editor-next\out\tests\image-import\image-import-smoke.lib and object D:\a\fictionbook-editor-next\fictionbook-editor-next\out\tests\image-import\image-import-smoke.exp
build	Verify universal release binaries	2026-09-02T14:59:03.8445543Z Native ImageImport smoke-test passed.
build	Verify universal release binaries	2026-09-02T14:59:03.8500081Z ArchHandler reset registration contract passed.
build	Verify universal release binaries	2026-09-02T14:59:04.0295912Z ArchHandler Reset behavioral script passed.
build	Verify universal release binaries	2026-09-02T14:59:04.1535645Z ArchHandler Reset behavioral test passed.
build	Verify universal release binaries	2026-09-02T14:59:45.9653773Z Base64 1048576 bytes: 2328 ms
build	Verify universal release binaries	2026-09-02T14:59:45.9654269Z Base64 5242880 bytes: 11589 ms
build	Verify universal release binaries	2026-09-02T15:00:00.5933076Z Base64 many-binary 100 x 65536 bytes: 14477 ms
build	Verify universal release binaries	2026-09-02T15:00:09.8979443Z Base64 many-binary 1000 x 4096 bytes: 9300 ms
build	Verify universal release binaries	2026-09-02T15:00:09.9053316Z FB2CheckContentTypes full Base64 validation passed.
build	Verify universal release binaries	2026-09-02T15:00:11.1085039Z FB2Recode exact CP1251 behavioural regression passed.
build	Verify universal release binaries	2026-09-02T15:00:11.1615683Z cancelled
build	Verify universal release binaries	2026-09-02T15:00:11.1697536Z FB2Recode cooperative cancellation regression passed.
build	Verify universal release binaries	2026-09-02T15:00:11.3467317Z ^[[31;1mException: ^[[0mD:\a\fictionbook-editor-next\fictionbook-editor-next\tools\tests\test-save-sections-safe-replacement.ps1:45^[[0m
build	Verify universal release binaries	2026-09-02T15:00:11.3468397Z ^[[31;1m^[[0m^[[36;1mLine |^[[0m
build	Verify universal release binaries	2026-09-02T15:00:11.3469133Z ^[[31;1m^[[0m^[[36;1m^[[36;1m  45 | ^[[0m … DE -ne 0) { ^[[36;1mthrow "Save Sections success path returned exit code $LAS^[[0m …^[[0m
build	Verify universal release binaries	2026-09-02T15:00:11.3469897Z ^[[31;1m^[[0m^[[36;1m^[[36;1m^[[0m^[[36;1m^[[0m^[[36;1m     | ^[[31;1m               ~~~~~~~~~~~~~~~~~~~~~~~~~~~~~~~~~~~~~~~~~~~~~~~~~~~~~~~~~^[[0m
build	Verify universal release binaries	2026-09-02T15:00:11.3470625Z ^[[31;1m^[[0m^[[36;1m^[[36;1m^[[0m^[[36;1m^[[0m^[[36;1m^[[31;1m^[[31;1m^[[36;1m     | ^[[31;1mSave Sections success path returned exit code 1.^[[0m
build	Verify universal release binaries	2026-09-02T15:00:11.3721339Z ##[error]Process completed with exit code 1.
