validate	Set up job	﻿2026-09-02T14:12:32.2404096Z Current runner version: '2.337.0'
validate	Set up job	2026-09-02T14:12:32.2447313Z ##[group]Runner Image Provisioner
validate	Set up job	2026-09-02T14:12:32.2448155Z Hosted Compute Agent
validate	Set up job	2026-09-02T14:12:32.2448685Z Version: 20260828.587
validate	Set up job	2026-09-02T14:12:32.2449259Z Commit: abac92662cab4cc7352de4f9f9d2e2419aad9c29
validate	Set up job	2026-09-02T14:12:32.2449899Z Build Date: 2026-08-28T16:44:25Z
validate	Set up job	2026-09-02T14:12:32.2450489Z Worker ID: {abaed5c3-7a11-48bb-897d-437adb1f85ca}
validate	Set up job	2026-09-02T14:12:32.2451126Z Azure Region: westus3
validate	Set up job	2026-09-02T14:12:32.2451628Z ##[endgroup]
validate	Set up job	2026-09-02T14:12:32.2452875Z ##[group]Operating System
validate	Set up job	2026-09-02T14:12:32.2453431Z Microsoft Windows Server 2022
validate	Set up job	2026-09-02T14:12:32.2453944Z 10.0.20348
validate	Set up job	2026-09-02T14:12:32.2454432Z Datacenter
validate	Set up job	2026-09-02T14:12:32.2454868Z ##[endgroup]
validate	Set up job	2026-09-02T14:12:32.2455340Z ##[group]Runner Image
validate	Set up job	2026-09-02T14:12:32.2455832Z Image: windows-2022
validate	Set up job	2026-09-02T14:12:32.2456321Z Version: 20260830.290.1
validate	Set up job	2026-09-02T14:12:32.2457305Z Included Software: https://github.com/actions/runner-images/blob/win22/20260830.290/images/windows/Windows2022-Readme.md
validate	Set up job	2026-09-02T14:12:32.2459171Z Image Release: https://github.com/actions/runner-images/releases/tag/win22%2F20260830.290
validate	Set up job	2026-09-02T14:12:32.2460010Z ##[endgroup]
validate	Set up job	2026-09-02T14:12:32.2460995Z ##[group]GITHUB_TOKEN Permissions
validate	Set up job	2026-09-02T14:12:32.2462828Z Contents: read
validate	Set up job	2026-09-02T14:12:32.2463317Z Metadata: read
validate	Set up job	2026-09-02T14:12:32.2463826Z ##[endgroup]
validate	Set up job	2026-09-02T14:12:32.2465825Z Secret source: Actions
validate	Set up job	2026-09-02T14:12:32.2466766Z Prepare workflow directory
validate	Set up job	2026-09-02T14:12:32.2865094Z Prepare all required actions
validate	Set up job	2026-09-02T14:12:32.2916387Z Getting action download info
validate	Set up job	2026-09-02T14:12:32.6383497Z Download action repository 'actions/checkout@v5' (SHA:fbc6f3992d24b796d5a048ff273f7fcc4a7b6c09)
validate	Set up job	2026-09-02T14:12:32.9820156Z Complete job name: validate
validate	Run actions/checkout@v5	﻿2026-09-02T14:12:33.2474107Z ##[group]Run actions/checkout@v5
validate	Run actions/checkout@v5	2026-09-02T14:12:33.2475596Z with:
validate	Run actions/checkout@v5	2026-09-02T14:12:33.2476179Z   fetch-depth: 1
validate	Run actions/checkout@v5	2026-09-02T14:12:33.2476772Z   repository: sklart/fictionbook-editor-next
validate	Run actions/checkout@v5	2026-09-02T14:12:33.2481154Z   token: ***
validate	Run actions/checkout@v5	2026-09-02T14:12:33.2481663Z   ssh-strict: true
validate	Run actions/checkout@v5	2026-09-02T14:12:33.2482209Z   ssh-user: git
validate	Run actions/checkout@v5	2026-09-02T14:12:33.2482758Z   persist-credentials: true
validate	Run actions/checkout@v5	2026-09-02T14:12:33.2483354Z   clean: true
validate	Run actions/checkout@v5	2026-09-02T14:12:33.2483863Z   sparse-checkout-cone-mode: true
validate	Run actions/checkout@v5	2026-09-02T14:12:33.2484529Z   fetch-tags: false
validate	Run actions/checkout@v5	2026-09-02T14:12:33.2485075Z   show-progress: true
validate	Run actions/checkout@v5	2026-09-02T14:12:33.2485612Z   lfs: false
validate	Run actions/checkout@v5	2026-09-02T14:12:33.2486136Z   submodules: false
validate	Run actions/checkout@v5	2026-09-02T14:12:33.2486674Z   set-safe-directory: true
validate	Run actions/checkout@v5	2026-09-02T14:12:33.2487305Z   allow-unsafe-pr-checkout: false
validate	Run actions/checkout@v5	2026-09-02T14:12:33.2488225Z ##[endgroup]
validate	Run actions/checkout@v5	2026-09-02T14:12:33.4083761Z Syncing repository: sklart/fictionbook-editor-next
validate	Run actions/checkout@v5	2026-09-02T14:12:33.4085968Z ##[group]Getting Git version info
validate	Run actions/checkout@v5	2026-09-02T14:12:33.4087077Z Working directory is 'D:\a\fictionbook-editor-next\fictionbook-editor-next'
validate	Run actions/checkout@v5	2026-09-02T14:12:33.5216256Z [command]"C:\Program Files\Git\bin\git.exe" version
validate	Run actions/checkout@v5	2026-09-02T14:12:34.4171894Z git version 2.55.0.windows.5
validate	Run actions/checkout@v5	2026-09-02T14:12:34.4209654Z ##[endgroup]
validate	Run actions/checkout@v5	2026-09-02T14:12:34.4228365Z Temporarily overriding HOME='D:\a\_temp\1805335c-d8ce-408a-8860-88b8f2edb89b' before making global git config changes
validate	Run actions/checkout@v5	2026-09-02T14:12:34.4231674Z Adding repository directory to the temporary git global config as a safe directory
validate	Run actions/checkout@v5	2026-09-02T14:12:34.4239475Z [command]"C:\Program Files\Git\bin\git.exe" config --global --add safe.directory D:\a\fictionbook-editor-next\fictionbook-editor-next
validate	Run actions/checkout@v5	2026-09-02T14:12:34.5329174Z Deleting the contents of 'D:\a\fictionbook-editor-next\fictionbook-editor-next'
validate	Run actions/checkout@v5	2026-09-02T14:12:34.5334222Z ##[group]Initializing the repository
validate	Run actions/checkout@v5	2026-09-02T14:12:34.5343698Z [command]"C:\Program Files\Git\bin\git.exe" init D:\a\fictionbook-editor-next\fictionbook-editor-next
validate	Run actions/checkout@v5	2026-09-02T14:12:34.6722586Z Initialized empty Git repository in D:/a/fictionbook-editor-next/fictionbook-editor-next/.git/
validate	Run actions/checkout@v5	2026-09-02T14:12:34.6771983Z [command]"C:\Program Files\Git\bin\git.exe" remote add origin https://github.com/sklart/fictionbook-editor-next
validate	Run actions/checkout@v5	2026-09-02T14:12:34.7630327Z ##[endgroup]
validate	Run actions/checkout@v5	2026-09-02T14:12:34.7631028Z ##[group]Disabling automatic garbage collection
validate	Run actions/checkout@v5	2026-09-02T14:12:34.7639800Z [command]"C:\Program Files\Git\bin\git.exe" config --local gc.auto 0
validate	Run actions/checkout@v5	2026-09-02T14:12:34.7875635Z ##[endgroup]
validate	Run actions/checkout@v5	2026-09-02T14:12:34.7876293Z ##[group]Setting up auth
validate	Run actions/checkout@v5	2026-09-02T14:12:34.7888625Z [command]"C:\Program Files\Git\bin\git.exe" config --local --name-only --get-regexp core\.sshCommand
validate	Run actions/checkout@v5	2026-09-02T14:12:34.8138009Z [command]"C:\Program Files\Git\bin\git.exe" submodule foreach --recursive "sh -c \"git config --local --name-only --get-regexp 'core\.sshCommand' && git config --local --unset-all 'core.sshCommand' || :\""
validate	Run actions/checkout@v5	2026-09-02T14:12:37.7083327Z [command]"C:\Program Files\Git\bin\git.exe" config --local --name-only --get-regexp http\.https\:\/\/github\.com\/\.extraheader
validate	Run actions/checkout@v5	2026-09-02T14:12:37.7332845Z [command]"C:\Program Files\Git\bin\git.exe" submodule foreach --recursive "sh -c \"git config --local --name-only --get-regexp 'http\.https\:\/\/github\.com\/\.extraheader' && git config --local --unset-all 'http.https://github.com/.extraheader' || :\""
validate	Run actions/checkout@v5	2026-09-02T14:12:38.1950781Z [command]"C:\Program Files\Git\bin\git.exe" config --local --name-only --get-regexp ^includeIf\.gitdir:
validate	Run actions/checkout@v5	2026-09-02T14:12:38.2188329Z [command]"C:\Program Files\Git\bin\git.exe" submodule foreach --recursive "git config --local --show-origin --name-only --get-regexp remote.origin.url"
validate	Run actions/checkout@v5	2026-09-02T14:12:38.6614458Z [command]"C:\Program Files\Git\bin\git.exe" config --local http.https://github.com/.extraheader "AUTHORIZATION: basic ***"
validate	Run actions/checkout@v5	2026-09-02T14:12:38.6864386Z ##[endgroup]
validate	Run actions/checkout@v5	2026-09-02T14:12:38.6864962Z ##[group]Fetching the repository
validate	Run actions/checkout@v5	2026-09-02T14:12:38.6889080Z [command]"C:\Program Files\Git\bin\git.exe" -c protocol.version=2 fetch --no-tags --prune --no-recurse-submodules --depth=1 origin +3b21774ad4621df48d3634897131e57dff5a0088:refs/tags/v3.0.8-rc.2
validate	Run actions/checkout@v5	2026-09-02T14:12:42.3794326Z From https://github.com/sklart/fictionbook-editor-next
validate	Run actions/checkout@v5	2026-09-02T14:12:42.3795008Z  * [new ref]         3b21774ad4621df48d3634897131e57dff5a0088 -> v3.0.8-rc.2
validate	Run actions/checkout@v5	2026-09-02T14:12:42.3831709Z ##[endgroup]
validate	Run actions/checkout@v5	2026-09-02T14:12:42.3832964Z ##[group]Determining the checkout info
validate	Run actions/checkout@v5	2026-09-02T14:12:42.3834091Z ##[endgroup]
validate	Run actions/checkout@v5	2026-09-02T14:12:42.3844932Z [command]"C:\Program Files\Git\bin\git.exe" sparse-checkout disable
validate	Run actions/checkout@v5	2026-09-02T14:12:42.4459889Z [command]"C:\Program Files\Git\bin\git.exe" config --local --unset-all extensions.worktreeConfig
validate	Run actions/checkout@v5	2026-09-02T14:12:42.4719980Z ##[group]Checking out the ref
validate	Run actions/checkout@v5	2026-09-02T14:12:42.4733412Z [command]"C:\Program Files\Git\bin\git.exe" checkout --progress --force refs/tags/v3.0.8-rc.2
validate	Run actions/checkout@v5	2026-09-02T14:12:43.2186927Z Note: switching to 'refs/tags/v3.0.8-rc.2'.
validate	Run actions/checkout@v5	2026-09-02T14:12:43.2187538Z 
validate	Run actions/checkout@v5	2026-09-02T14:12:43.2188437Z You are in 'detached HEAD' state. You can look around, make experimental
validate	Run actions/checkout@v5	2026-09-02T14:12:43.2189437Z changes and commit them, and you can discard any commits you make in this
validate	Run actions/checkout@v5	2026-09-02T14:12:43.2190862Z state without impacting any branches by switching back to a branch.
validate	Run actions/checkout@v5	2026-09-02T14:12:43.2191192Z 
validate	Run actions/checkout@v5	2026-09-02T14:12:43.2191411Z If you want to create a new branch to retain commits you create, you may
validate	Run actions/checkout@v5	2026-09-02T14:12:43.2191911Z do so (now or later) by using -c with the switch command. Example:
validate	Run actions/checkout@v5	2026-09-02T14:12:43.2192167Z 
validate	Run actions/checkout@v5	2026-09-02T14:12:43.2192368Z   git switch -c <new-branch-name>
validate	Run actions/checkout@v5	2026-09-02T14:12:43.2192549Z 
validate	Run actions/checkout@v5	2026-09-02T14:12:43.2192694Z Or undo this operation with:
validate	Run actions/checkout@v5	2026-09-02T14:12:43.2192871Z 
validate	Run actions/checkout@v5	2026-09-02T14:12:43.2192972Z   git switch -
validate	Run actions/checkout@v5	2026-09-02T14:12:43.2193133Z 
validate	Run actions/checkout@v5	2026-09-02T14:12:43.2193342Z Turn off this advice by setting config variable advice.detachedHead to false
validate	Run actions/checkout@v5	2026-09-02T14:12:43.2193670Z 
validate	Run actions/checkout@v5	2026-09-02T14:12:43.2193903Z HEAD is now at 3b21774 Sync third-party version notices
validate	Run actions/checkout@v5	2026-09-02T14:12:43.2378182Z ##[endgroup]
validate	Run actions/checkout@v5	2026-09-02T14:12:43.2837055Z [command]"C:\Program Files\Git\bin\git.exe" log -1 --format=%H
validate	Run actions/checkout@v5	2026-09-02T14:12:43.3046632Z 3b21774ad4621df48d3634897131e57dff5a0088
validate	Check generated version files and pipeline structure	﻿2026-09-02T14:12:43.3513475Z ##[group]Run ./tools/build/Initialize-CiUtf8.ps1
validate	Check generated version files and pipeline structure	2026-09-02T14:12:43.3514061Z ^[[36;1m./tools/build/Initialize-CiUtf8.ps1^[[0m
validate	Check generated version files and pipeline structure	2026-09-02T14:12:43.3514362Z ^[[36;1m./tools/version/sync-version.ps1^[[0m
validate	Check generated version files and pipeline structure	2026-09-02T14:12:43.3514723Z ^[[36;1mgit diff --exit-code -- packaging/nsis/Installer/version.nsh^[[0m
validate	Check generated version files and pipeline structure	2026-09-02T14:12:43.3515157Z ^[[36;1m./tools/tests/test-release-pipeline-deduplication.ps1^[[0m
validate	Check generated version files and pipeline structure	2026-09-02T14:12:43.3515535Z ^[[36;1m./tools/tests/test-update-release-pipeline.ps1^[[0m
validate	Check generated version files and pipeline structure	2026-09-02T14:12:43.3515855Z ^[[36;1m./tools/tests/test-update-manifest.ps1^[[0m
validate	Check generated version files and pipeline structure	2026-09-02T14:12:43.3516200Z ^[[36;1m./tools/tests/test-legacy308-migration-policy.ps1^[[0m
validate	Check generated version files and pipeline structure	2026-09-02T14:12:43.3516571Z ^[[36;1m./tools/tests/test-legacy308-artifact-migration.ps1^[[0m
validate	Check generated version files and pipeline structure	2026-09-02T14:12:43.3516931Z ^[[36;1m./tools/tests/test-create-release-alias-names.ps1^[[0m
validate	Check generated version files and pipeline structure	2026-09-02T14:12:43.3517253Z ^[[36;1m./tools/tests/test-update-version.ps1^[[0m
validate	Check generated version files and pipeline structure	2026-09-02T14:12:43.3517560Z ^[[36;1m./tools/tests/test-buildstamp-fallback.ps1^[[0m
validate	Check generated version files and pipeline structure	2026-09-02T14:12:43.3517943Z ^[[36;1m./tools/tests/test-fbe-script-command-ids.ps1^[[0m
validate	Check generated version files and pipeline structure	2026-09-02T14:12:43.3518303Z ^[[36;1m./tools/tests/test-portable-scripts-infrastructure.ps1^[[0m
validate	Check generated version files and pipeline structure	2026-09-02T14:12:43.3518678Z ^[[36;1m./tools/tests/test-fbe-script-folder-icons.ps1^[[0m
validate	Check generated version files and pipeline structure	2026-09-02T14:12:43.3519015Z ^[[36;1m./tools/tests/test-fbe-settings-tooltips.ps1^[[0m
validate	Check generated version files and pipeline structure	2026-09-02T14:12:43.3519326Z ^[[36;1m./tools/tests/test-ci-build-contract.ps1^[[0m
validate	Check generated version files and pipeline structure	2026-09-02T14:12:43.3519672Z ^[[36;1m./tools/tests/test-modern-file-dialog-contract.ps1^[[0m
validate	Check generated version files and pipeline structure	2026-09-02T14:12:43.3520035Z ^[[36;1m./tools/tests/test-export-html-options-dialog.ps1^[[0m
validate	Check generated version files and pipeline structure	2026-09-02T14:12:43.3520475Z ^[[36;1m./tools/tests/test-export-docx-modern-file-dialog.ps1^[[0m
validate	Check generated version files and pipeline structure	2026-09-02T14:12:43.3520886Z ^[[36;1m./tools/tests/test-export-epub-modern-file-dialog.ps1^[[0m
validate	Check generated version files and pipeline structure	2026-09-02T14:12:43.3521303Z ^[[36;1m./tools/tests/test-import-epub-modern-file-dialog-owner.ps1^[[0m
validate	Check generated version files and pipeline structure	2026-09-02T14:12:43.3521666Z ^[[36;1m./tools/build/verify-nsis-layout.ps1^[[0m
validate	Check generated version files and pipeline structure	2026-09-02T14:12:43.6789844Z shell: C:\Program Files\PowerShell\7\pwsh.EXE -command ". '{0}'"
validate	Check generated version files and pipeline structure	2026-09-02T14:12:43.6790312Z ##[endgroup]
validate	Check generated version files and pipeline structure	2026-09-02T14:12:44.1580579Z Generated-файл уже синхронизирован: D:\a\fictionbook-editor-next\fictionbook-editor-next\packaging\nsis\Installer\version.nsh
validate	Check generated version files and pipeline structure	2026-09-02T14:12:44.1607184Z Версия FictionBook Editor Next: 3.0.8
validate	Check generated version files and pipeline structure	2026-09-02T14:12:44.2322323Z Unified release pipeline contract passed.
validate	Check generated version files and pipeline structure	2026-09-02T14:12:44.2659213Z Проверка update/release pipeline прошла успешно.
validate	Check generated version files and pipeline structure	2026-09-02T14:12:44.2768682Z Generated-файл уже синхронизирован: D:\a\fictionbook-editor-next\fictionbook-editor-next\packaging\nsis\Installer\version.nsh
validate	Check generated version files and pipeline structure	2026-09-02T14:12:44.2775173Z Версия FictionBook Editor Next: 3.0.8
validate	Check generated version files and pipeline structure	2026-09-02T14:12:44.3584993Z Проверен legacy manifest: D:\a\fictionbook-editor-next\fictionbook-editor-next\update.xml
validate	Check generated version files and pipeline structure	2026-09-02T14:12:44.4096740Z Манифест обновления проверен: D:\a\fictionbook-editor-next\fictionbook-editor-next\update-prerelease.xml
validate	Check generated version files and pipeline structure	2026-09-02T14:12:44.5938366Z Unified update manifest validation passed.
validate	Check generated version files and pipeline structure	2026-09-02T14:12:44.5996132Z Legacy 3.0.8 migration policy passed.
validate	Check generated version files and pipeline structure	2026-09-02T14:12:45.2109322Z Unified release artifacts verified: D:\a\fictionbook-editor-next\fictionbook-editor-next\out\tests\legacy308-artifact-migration
validate	Check generated version files and pipeline structure	2026-09-02T14:12:45.2754068Z Update manifest candidate written: D:\a\fictionbook-editor-next\fictionbook-editor-next\out\tests\legacy308-artifact-migration\update.xml
validate	Check generated version files and pipeline structure	2026-09-02T14:12:45.2835011Z Манифест обновления проверен: D:\a\fictionbook-editor-next\fictionbook-editor-next\out\tests\legacy308-artifact-migration\update.xml
validate	Check generated version files and pipeline structure	2026-09-02T14:12:45.3235905Z Unified release artifacts verified: D:\a\fictionbook-editor-next\fictionbook-editor-next\out\tests\legacy308-artifact-migration-stable
validate	Check generated version files and pipeline structure	2026-09-02T14:12:45.3238362Z 3.0.8 prerelease migration and stable artifact fixtures passed.
validate	Check generated version files and pipeline structure	2026-09-02T14:12:45.3546493Z create-release v3.0.8 prerelease compatibility alias plan passed.
validate	Check generated version files and pipeline structure	2026-09-02T14:12:50.8977808Z test-update-version.cpp
validate	Check generated version files and pipeline structure	2026-09-02T14:13:09.2009630Z UpdateVersion.cpp
validate	Check generated version files and pipeline structure	2026-09-02T14:13:21.7013288Z Generating Code...
validate	Check generated version files and pipeline structure	2026-09-02T14:13:46.7787067Z SemVer regression test passed.
validate	Check generated version files and pipeline structure	2026-09-02T14:13:46.7909695Z Buildstamp fallback contract passed.
validate	Check generated version files and pipeline structure	2026-09-02T14:13:46.9067311Z FBE script command ID contract passed.
validate	Check generated version files and pipeline structure	2026-09-02T14:13:46.9291960Z Portable script lifecycle, hotkeys and toolbar persistence contract passed.
validate	Check generated version files and pipeline structure	2026-09-02T14:13:46.9466700Z Script folder icon ID contract passed.
validate	Check generated version files and pipeline structure	2026-09-02T14:13:46.9668347Z Settings tooltip delivery contract passed.
validate	Check generated version files and pipeline structure	2026-09-02T14:13:47.0385006Z CI shell integration and UTF-8 contract passed.
validate	Check generated version files and pipeline structure	2026-09-02T14:13:47.0522283Z Modern file dialog contract passed.
validate	Check generated version files and pipeline structure	2026-09-02T14:13:47.0658817Z HTML export options dialog contract passed.
validate	Check generated version files and pipeline structure	2026-09-02T14:13:47.0745055Z ExportDOCX modern file dialog contract passed.
validate	Check generated version files and pipeline structure	2026-09-02T14:13:47.0834902Z ExportEPUB modern file dialog contract passed.
validate	Check generated version files and pipeline structure	2026-09-02T14:13:47.0899375Z Import EPUB modern file dialog owner contract passed.
validate	Check generated version files and pipeline structure	2026-09-02T14:13:47.1057404Z Проверка структуры NSIS-контура прошла успешно.
validate	Test VsDevCmd with a long PATH	﻿2026-09-02T14:13:47.1408192Z ##[group]Run ./tools/build/Initialize-CiUtf8.ps1
validate	Test VsDevCmd with a long PATH	2026-09-02T14:13:47.1408693Z ^[[36;1m./tools/build/Initialize-CiUtf8.ps1^[[0m
validate	Test VsDevCmd with a long PATH	2026-09-02T14:13:47.1409056Z ^[[36;1m./tools/tests/test-vsdev-environment-long-path.ps1^[[0m
validate	Test VsDevCmd with a long PATH	2026-09-02T14:13:47.1460647Z shell: C:\Program Files\PowerShell\7\pwsh.EXE -command ". '{0}'"
validate	Test VsDevCmd with a long PATH	2026-09-02T14:13:47.1461019Z ##[endgroup]
validate	Test VsDevCmd with a long PATH	2026-09-02T14:13:48.6485949Z VS toolchain: installation=C:\Program Files\Microsoft Visual Studio\2022\Enterprise; PlatformToolset=v143; cl.exe=C:\Program Files\Microsoft Visual Studio\2022\Enterprise\VC\Tools\MSVC\14.44.35207\bin\HostX64\x86\cl.exe; VCToolsVersion=14.44.35207
validate	Test VsDevCmd with a long PATH	2026-09-02T14:13:48.6531281Z VsDevCmd long-PATH regression passed.
validate	Post Run actions/checkout@v5	﻿2026-09-02T14:13:48.8540386Z Post job cleanup.
validate	Post Run actions/checkout@v5	2026-09-02T14:13:49.0413954Z [command]"C:\Program Files\Git\bin\git.exe" version
validate	Post Run actions/checkout@v5	2026-09-02T14:13:49.0688239Z git version 2.55.0.windows.5
validate	Post Run actions/checkout@v5	2026-09-02T14:13:49.0756453Z Temporarily overriding HOME='D:\a\_temp\46950020-9077-4230-ab1e-2e014f0ab057' before making global git config changes
validate	Post Run actions/checkout@v5	2026-09-02T14:13:49.0757821Z Adding repository directory to the temporary git global config as a safe directory
validate	Post Run actions/checkout@v5	2026-09-02T14:13:49.0769050Z [command]"C:\Program Files\Git\bin\git.exe" config --global --add safe.directory D:\a\fictionbook-editor-next\fictionbook-editor-next
validate	Post Run actions/checkout@v5	2026-09-02T14:13:49.1032634Z [command]"C:\Program Files\Git\bin\git.exe" config --local --name-only --get-regexp core\.sshCommand
validate	Post Run actions/checkout@v5	2026-09-02T14:13:49.1328769Z [command]"C:\Program Files\Git\bin\git.exe" submodule foreach --recursive "sh -c \"git config --local --name-only --get-regexp 'core\.sshCommand' && git config --local --unset-all 'core.sshCommand' || :\""
validate	Post Run actions/checkout@v5	2026-09-02T14:13:49.5247293Z [command]"C:\Program Files\Git\bin\git.exe" config --local --name-only --get-regexp http\.https\:\/\/github\.com\/\.extraheader
validate	Post Run actions/checkout@v5	2026-09-02T14:13:49.5450449Z http.https://github.com/.extraheader
validate	Post Run actions/checkout@v5	2026-09-02T14:13:49.5487901Z [command]"C:\Program Files\Git\bin\git.exe" config --local --unset-all http.https://github.com/.extraheader
validate	Post Run actions/checkout@v5	2026-09-02T14:13:49.5725784Z [command]"C:\Program Files\Git\bin\git.exe" submodule foreach --recursive "sh -c \"git config --local --name-only --get-regexp 'http\.https\:\/\/github\.com\/\.extraheader' && git config --local --unset-all 'http.https://github.com/.extraheader' || :\""
validate	Post Run actions/checkout@v5	2026-09-02T14:13:49.9564731Z [command]"C:\Program Files\Git\bin\git.exe" config --local --name-only --get-regexp ^includeIf\.gitdir:
validate	Post Run actions/checkout@v5	2026-09-02T14:13:49.9799932Z [command]"C:\Program Files\Git\bin\git.exe" submodule foreach --recursive "git config --local --show-origin --name-only --get-regexp remote.origin.url"
validate	Complete job	﻿2026-09-02T14:13:50.3722117Z Cleaning up orphan processes
validate	Complete job	2026-09-02T14:13:50.4033434Z Terminate orphan process: pid (6780) (vctip)
build	Set up job	﻿2026-09-02T14:13:55.7245465Z Current runner version: '2.337.0'
build	Set up job	2026-09-02T14:13:55.7309079Z ##[group]Runner Image Provisioner
build	Set up job	2026-09-02T14:13:55.7310246Z Hosted Compute Agent
build	Set up job	2026-09-02T14:13:55.7311037Z Version: 20260819.586
build	Set up job	2026-09-02T14:13:55.7311893Z Commit: 3cc4a88dfa507ef76119ad1bb3eccc6378bb2b76
build	Set up job	2026-09-02T14:13:55.7312957Z Build Date: 2026-08-18T23:20:18Z
build	Set up job	2026-09-02T14:13:55.7313902Z Worker ID: {708e8d2e-1780-431c-b12d-c42af935725d}
build	Set up job	2026-09-02T14:13:55.7314903Z Azure Region: eastus
build	Set up job	2026-09-02T14:13:55.7315660Z ##[endgroup]
build	Set up job	2026-09-02T14:13:55.7317763Z ##[group]Operating System
build	Set up job	2026-09-02T14:13:55.7318726Z Microsoft Windows Server 2022
build	Set up job	2026-09-02T14:13:55.7319573Z 10.0.20348
build	Set up job	2026-09-02T14:13:55.7320278Z Datacenter
build	Set up job	2026-09-02T14:13:55.7321000Z ##[endgroup]
build	Set up job	2026-09-02T14:13:55.7321804Z ##[group]Runner Image
build	Set up job	2026-09-02T14:13:55.7322688Z Image: windows-2022
build	Set up job	2026-09-02T14:13:55.7323441Z Version: 20260824.284.2
build	Set up job	2026-09-02T14:13:55.7324969Z Included Software: https://github.com/actions/runner-images/blob/win22/20260824.284/images/windows/Windows2022-Readme.md
build	Set up job	2026-09-02T14:13:55.7328192Z Image Release: https://github.com/actions/runner-images/releases/tag/win22%2F20260824.284
build	Set up job	2026-09-02T14:13:55.7329709Z ##[endgroup]
build	Set up job	2026-09-02T14:13:55.7331262Z ##[group]GITHUB_TOKEN Permissions
build	Set up job	2026-09-02T14:13:55.7334109Z Contents: read
build	Set up job	2026-09-02T14:13:55.7334930Z Metadata: read
build	Set up job	2026-09-02T14:13:55.7335686Z ##[endgroup]
build	Set up job	2026-09-02T14:13:55.7338469Z Secret source: Actions
build	Set up job	2026-09-02T14:13:55.7339919Z Prepare workflow directory
build	Set up job	2026-09-02T14:13:55.7672278Z Prepare all required actions
build	Set up job	2026-09-02T14:13:55.7720314Z Getting action download info
build	Set up job	2026-09-02T14:13:55.9339992Z Download action repository 'actions/checkout@v5' (SHA:fbc6f3992d24b796d5a048ff273f7fcc4a7b6c09)
build	Set up job	2026-09-02T14:13:56.0511091Z Download action repository 'actions/cache@v4' (SHA:0057852bfaa89a56745cba8c7296529d2fc39830)
build	Set up job	2026-09-02T14:13:56.1760741Z Download action repository 'actions/upload-artifact@v4' (SHA:ea165f8d65b6e75b540449e92b4886f43607fa02)
build	Set up job	2026-09-02T14:13:56.5287311Z Complete job name: build
build	Run actions/checkout@v5	﻿2026-09-02T14:13:56.7974510Z ##[group]Run actions/checkout@v5
build	Run actions/checkout@v5	2026-09-02T14:13:56.7976338Z with:
build	Run actions/checkout@v5	2026-09-02T14:13:56.7976784Z   submodules: recursive
build	Run actions/checkout@v5	2026-09-02T14:13:56.7977277Z   fetch-depth: 1
build	Run actions/checkout@v5	2026-09-02T14:13:56.7977776Z   repository: sklart/fictionbook-editor-next
build	Run actions/checkout@v5	2026-09-02T14:13:56.7982211Z   token: ***
build	Run actions/checkout@v5	2026-09-02T14:13:56.7982646Z   ssh-strict: true
build	Run actions/checkout@v5	2026-09-02T14:13:56.7983093Z   ssh-user: git
build	Run actions/checkout@v5	2026-09-02T14:13:56.7983536Z   persist-credentials: true
build	Run actions/checkout@v5	2026-09-02T14:13:56.7984037Z   clean: true
build	Run actions/checkout@v5	2026-09-02T14:13:56.7984494Z   sparse-checkout-cone-mode: true
build	Run actions/checkout@v5	2026-09-02T14:13:56.7985020Z   fetch-tags: false
build	Run actions/checkout@v5	2026-09-02T14:13:56.7985456Z   show-progress: true
build	Run actions/checkout@v5	2026-09-02T14:13:56.7985897Z   lfs: false
build	Run actions/checkout@v5	2026-09-02T14:13:56.7986340Z   set-safe-directory: true
build	Run actions/checkout@v5	2026-09-02T14:13:56.7986852Z   allow-unsafe-pr-checkout: false
build	Run actions/checkout@v5	2026-09-02T14:13:56.7987853Z ##[endgroup]
build	Run actions/checkout@v5	2026-09-02T14:13:56.9598086Z Syncing repository: sklart/fictionbook-editor-next
build	Run actions/checkout@v5	2026-09-02T14:13:56.9601001Z ##[group]Getting Git version info
build	Run actions/checkout@v5	2026-09-02T14:13:56.9602041Z Working directory is 'D:\a\fictionbook-editor-next\fictionbook-editor-next'
build	Run actions/checkout@v5	2026-09-02T14:13:57.0407303Z [command]"C:\Program Files\Git\bin\git.exe" version
build	Run actions/checkout@v5	2026-09-02T14:13:57.4476806Z git version 2.55.0.windows.5
build	Run actions/checkout@v5	2026-09-02T14:13:57.4511971Z ##[endgroup]
build	Run actions/checkout@v5	2026-09-02T14:13:57.4531257Z Temporarily overriding HOME='D:\a\_temp\afc66356-76ee-440a-b421-e1071df17899' before making global git config changes
build	Run actions/checkout@v5	2026-09-02T14:13:57.4533180Z Adding repository directory to the temporary git global config as a safe directory
build	Run actions/checkout@v5	2026-09-02T14:13:57.4543554Z [command]"C:\Program Files\Git\bin\git.exe" config --global --add safe.directory D:\a\fictionbook-editor-next\fictionbook-editor-next
build	Run actions/checkout@v5	2026-09-02T14:13:57.5117840Z Deleting the contents of 'D:\a\fictionbook-editor-next\fictionbook-editor-next'
build	Run actions/checkout@v5	2026-09-02T14:13:57.5123250Z ##[group]Initializing the repository
build	Run actions/checkout@v5	2026-09-02T14:13:57.5133191Z [command]"C:\Program Files\Git\bin\git.exe" init D:\a\fictionbook-editor-next\fictionbook-editor-next
build	Run actions/checkout@v5	2026-09-02T14:13:57.6054264Z Initialized empty Git repository in D:/a/fictionbook-editor-next/fictionbook-editor-next/.git/
build	Run actions/checkout@v5	2026-09-02T14:13:57.6092366Z [command]"C:\Program Files\Git\bin\git.exe" remote add origin https://github.com/sklart/fictionbook-editor-next
build	Run actions/checkout@v5	2026-09-02T14:13:57.6629648Z ##[endgroup]
build	Run actions/checkout@v5	2026-09-02T14:13:57.6631146Z ##[group]Disabling automatic garbage collection
build	Run actions/checkout@v5	2026-09-02T14:13:57.6638443Z [command]"C:\Program Files\Git\bin\git.exe" config --local gc.auto 0
build	Run actions/checkout@v5	2026-09-02T14:13:57.6879310Z ##[endgroup]
build	Run actions/checkout@v5	2026-09-02T14:13:57.6881170Z ##[group]Setting up auth
build	Run actions/checkout@v5	2026-09-02T14:13:57.6890892Z [command]"C:\Program Files\Git\bin\git.exe" config --local --name-only --get-regexp core\.sshCommand
build	Run actions/checkout@v5	2026-09-02T14:13:57.7136344Z [command]"C:\Program Files\Git\bin\git.exe" submodule foreach --recursive "sh -c \"git config --local --name-only --get-regexp 'core\.sshCommand' && git config --local --unset-all 'core.sshCommand' || :\""
build	Run actions/checkout@v5	2026-09-02T14:13:59.2495609Z [command]"C:\Program Files\Git\bin\git.exe" config --local --name-only --get-regexp http\.https\:\/\/github\.com\/\.extraheader
build	Run actions/checkout@v5	2026-09-02T14:13:59.2741933Z [command]"C:\Program Files\Git\bin\git.exe" submodule foreach --recursive "sh -c \"git config --local --name-only --get-regexp 'http\.https\:\/\/github\.com\/\.extraheader' && git config --local --unset-all 'http.https://github.com/.extraheader' || :\""
build	Run actions/checkout@v5	2026-09-02T14:13:59.8088845Z [command]"C:\Program Files\Git\bin\git.exe" config --local --name-only --get-regexp ^includeIf\.gitdir:
build	Run actions/checkout@v5	2026-09-02T14:13:59.8370594Z [command]"C:\Program Files\Git\bin\git.exe" submodule foreach --recursive "git config --local --show-origin --name-only --get-regexp remote.origin.url"
build	Run actions/checkout@v5	2026-09-02T14:14:00.3426500Z [command]"C:\Program Files\Git\bin\git.exe" config --local http.https://github.com/.extraheader "AUTHORIZATION: basic ***"
build	Run actions/checkout@v5	2026-09-02T14:14:00.3681099Z ##[endgroup]
build	Run actions/checkout@v5	2026-09-02T14:14:00.3694321Z ##[group]Fetching the repository
build	Run actions/checkout@v5	2026-09-02T14:14:00.3696016Z [command]"C:\Program Files\Git\bin\git.exe" -c protocol.version=2 fetch --no-tags --prune --no-recurse-submodules --depth=1 origin +3b21774ad4621df48d3634897131e57dff5a0088:refs/tags/v3.0.8-rc.2
build	Run actions/checkout@v5	2026-09-02T14:14:03.0585648Z From https://github.com/sklart/fictionbook-editor-next
build	Run actions/checkout@v5	2026-09-02T14:14:03.0586324Z  * [new ref]         3b21774ad4621df48d3634897131e57dff5a0088 -> v3.0.8-rc.2
build	Run actions/checkout@v5	2026-09-02T14:14:03.0621156Z ##[endgroup]
build	Run actions/checkout@v5	2026-09-02T14:14:03.0621868Z ##[group]Determining the checkout info
build	Run actions/checkout@v5	2026-09-02T14:14:03.0624660Z ##[endgroup]
build	Run actions/checkout@v5	2026-09-02T14:14:03.0635126Z [command]"C:\Program Files\Git\bin\git.exe" sparse-checkout disable
build	Run actions/checkout@v5	2026-09-02T14:14:03.1047020Z [command]"C:\Program Files\Git\bin\git.exe" config --local --unset-all extensions.worktreeConfig
build	Run actions/checkout@v5	2026-09-02T14:14:03.1313497Z ##[group]Checking out the ref
build	Run actions/checkout@v5	2026-09-02T14:14:03.1324736Z [command]"C:\Program Files\Git\bin\git.exe" checkout --progress --force refs/tags/v3.0.8-rc.2
build	Run actions/checkout@v5	2026-09-02T14:14:03.9595338Z Note: switching to 'refs/tags/v3.0.8-rc.2'.
build	Run actions/checkout@v5	2026-09-02T14:14:03.9595905Z 
build	Run actions/checkout@v5	2026-09-02T14:14:03.9596238Z You are in 'detached HEAD' state. You can look around, make experimental
build	Run actions/checkout@v5	2026-09-02T14:14:03.9596971Z changes and commit them, and you can discard any commits you make in this
build	Run actions/checkout@v5	2026-09-02T14:14:03.9597511Z state without impacting any branches by switching back to a branch.
build	Run actions/checkout@v5	2026-09-02T14:14:03.9597925Z 
build	Run actions/checkout@v5	2026-09-02T14:14:03.9598124Z If you want to create a new branch to retain commits you create, you may
build	Run actions/checkout@v5	2026-09-02T14:14:03.9598670Z do so (now or later) by using -c with the switch command. Example:
build	Run actions/checkout@v5	2026-09-02T14:14:03.9598912Z 
build	Run actions/checkout@v5	2026-09-02T14:14:03.9599028Z   git switch -c <new-branch-name>
build	Run actions/checkout@v5	2026-09-02T14:14:03.9599210Z 
build	Run actions/checkout@v5	2026-09-02T14:14:03.9599319Z Or undo this operation with:
build	Run actions/checkout@v5	2026-09-02T14:14:03.9599509Z 
build	Run actions/checkout@v5	2026-09-02T14:14:03.9599605Z   git switch -
build	Run actions/checkout@v5	2026-09-02T14:14:03.9599730Z 
build	Run actions/checkout@v5	2026-09-02T14:14:03.9599930Z Turn off this advice by setting config variable advice.detachedHead to false
build	Run actions/checkout@v5	2026-09-02T14:14:03.9600230Z 
build	Run actions/checkout@v5	2026-09-02T14:14:03.9601317Z HEAD is now at 3b21774 Sync third-party version notices
build	Run actions/checkout@v5	2026-09-02T14:14:03.9673249Z ##[endgroup]
build	Run actions/checkout@v5	2026-09-02T14:14:03.9673734Z ##[group]Setting up auth for fetching submodules
build	Run actions/checkout@v5	2026-09-02T14:14:03.9683512Z [command]"C:\Program Files\Git\bin\git.exe" config --global http.https://github.com/.extraheader "AUTHORIZATION: basic ***"
build	Run actions/checkout@v5	2026-09-02T14:14:03.9941488Z [command]"C:\Program Files\Git\bin\git.exe" config --global --unset-all url.https://github.com/.insteadOf
build	Run actions/checkout@v5	2026-09-02T14:14:04.0188263Z [command]"C:\Program Files\Git\bin\git.exe" config --global --add url.https://github.com/.insteadOf git@github.com:
build	Run actions/checkout@v5	2026-09-02T14:14:04.0440766Z [command]"C:\Program Files\Git\bin\git.exe" config --global --add url.https://github.com/.insteadOf org-1933112@github.com:
build	Run actions/checkout@v5	2026-09-02T14:14:04.0688657Z ##[endgroup]
build	Run actions/checkout@v5	2026-09-02T14:14:04.0689127Z ##[group]Fetching submodules
build	Run actions/checkout@v5	2026-09-02T14:14:04.0698235Z [command]"C:\Program Files\Git\bin\git.exe" submodule sync --recursive
build	Run actions/checkout@v5	2026-09-02T14:14:04.5535996Z [command]"C:\Program Files\Git\bin\git.exe" -c protocol.version=2 submodule update --init --force --depth=1 --recursive
build	Run actions/checkout@v5	2026-09-02T14:14:05.0475085Z Submodule 'third_party/aom' (https://aomedia.googlesource.com/aom) registered for path 'third_party/aom'
build	Run actions/checkout@v5	2026-09-02T14:14:05.0529418Z Submodule 'third_party/hunspell' (https://github.com/hunspell/hunspell.git) registered for path 'third_party/hunspell'
build	Run actions/checkout@v5	2026-09-02T14:14:05.0531889Z Submodule 'third_party/lexilla' (https://github.com/ScintillaOrg/lexilla.git) registered for path 'third_party/lexilla'
build	Run actions/checkout@v5	2026-09-02T14:14:05.0542713Z Submodule 'third_party/libde265' (https://github.com/strukturag/libde265.git) registered for path 'third_party/libde265'
build	Run actions/checkout@v5	2026-09-02T14:14:05.0567710Z Submodule 'third_party/libheif' (https://github.com/strukturag/libheif.git) registered for path 'third_party/libheif'
build	Run actions/checkout@v5	2026-09-02T14:14:05.0569519Z Submodule 'third_party/libwebp' (https://chromium.googlesource.com/webm/libwebp) registered for path 'third_party/libwebp'
build	Run actions/checkout@v5	2026-09-02T14:14:05.0583594Z Submodule 'third_party/openjpeg' (https://github.com/uclouvain/openjpeg.git) registered for path 'third_party/openjpeg'
build	Run actions/checkout@v5	2026-09-02T14:14:05.0604533Z Submodule 'third_party/pcre2' (https://github.com/PCRE2Project/pcre2.git) registered for path 'third_party/pcre2'
build	Run actions/checkout@v5	2026-09-02T14:14:05.1183325Z Cloning into 'D:/a/fictionbook-editor-next/fictionbook-editor-next/third_party/aom'...
build	Run actions/checkout@v5	2026-09-02T14:14:06.6659674Z Cloning into 'D:/a/fictionbook-editor-next/fictionbook-editor-next/third_party/hunspell'...
build	Run actions/checkout@v5	2026-09-02T14:14:07.1813420Z Cloning into 'D:/a/fictionbook-editor-next/fictionbook-editor-next/third_party/lexilla'...
build	Run actions/checkout@v5	2026-09-02T14:14:07.8861689Z Cloning into 'D:/a/fictionbook-editor-next/fictionbook-editor-next/third_party/libde265'...
build	Run actions/checkout@v5	2026-09-02T14:14:08.5583394Z Cloning into 'D:/a/fictionbook-editor-next/fictionbook-editor-next/third_party/libheif'...
build	Run actions/checkout@v5	2026-09-02T14:14:09.2927495Z Cloning into 'D:/a/fictionbook-editor-next/fictionbook-editor-next/third_party/libwebp'...
build	Run actions/checkout@v5	2026-09-02T14:14:09.9965020Z Cloning into 'D:/a/fictionbook-editor-next/fictionbook-editor-next/third_party/openjpeg'...
build	Run actions/checkout@v5	2026-09-02T14:14:10.8254566Z Cloning into 'D:/a/fictionbook-editor-next/fictionbook-editor-next/third_party/pcre2'...
build	Run actions/checkout@v5	2026-09-02T14:14:12.8039216Z From https://aomedia.googlesource.com/aom
build	Run actions/checkout@v5	2026-09-02T14:14:12.8039739Z  * branch            de4c1d1edc49723a78954d30a83690aa1937422f -> FETCH_HEAD
build	Run actions/checkout@v5	2026-09-02T14:14:13.3218707Z Submodule path 'third_party/aom': checked out 'de4c1d1edc49723a78954d30a83690aa1937422f'
build	Run actions/checkout@v5	2026-09-02T14:14:14.3922441Z From https://github.com/hunspell/hunspell
build	Run actions/checkout@v5	2026-09-02T14:14:14.3922975Z  * branch            c5f98152a274e25b5107101104bef632b83a0cc9 -> FETCH_HEAD
build	Run actions/checkout@v5	2026-09-02T14:14:14.5549795Z Submodule path 'third_party/hunspell': checked out 'c5f98152a274e25b5107101104bef632b83a0cc9'
build	Run actions/checkout@v5	2026-09-02T14:14:14.8134580Z Submodule path 'third_party/lexilla': checked out '334b90a64b0960d98446b80a24e430eac1a4a2ee'
build	Run actions/checkout@v5	2026-09-02T14:14:15.8516808Z From https://github.com/strukturag/libde265
build	Run actions/checkout@v5	2026-09-02T14:14:15.8517617Z  * branch            4dd701fffac01632ffd5cabc5ef10deb56accba1 -> FETCH_HEAD
build	Run actions/checkout@v5	2026-09-02T14:14:15.9352529Z Submodule path 'third_party/libde265': checked out '4dd701fffac01632ffd5cabc5ef10deb56accba1'
build	Run actions/checkout@v5	2026-09-02T14:14:16.8000247Z From https://github.com/strukturag/libheif
build	Run actions/checkout@v5	2026-09-02T14:14:16.8000761Z  * branch            78c9746aea226b22885e8d35241353ce669c4ea5 -> FETCH_HEAD
build	Run actions/checkout@v5	2026-09-02T14:14:16.9830579Z Submodule path 'third_party/libheif': checked out '78c9746aea226b22885e8d35241353ce669c4ea5'
build	Run actions/checkout@v5	2026-09-02T14:14:17.7745436Z From https://chromium.googlesource.com/webm/libwebp
build	Run actions/checkout@v5	2026-09-02T14:14:17.7745980Z  * branch            4fa21912338357f89e4fd51cf2368325b59e9bd9 -> FETCH_HEAD
build	Run actions/checkout@v5	2026-09-02T14:14:18.0145509Z Submodule path 'third_party/libwebp': checked out '4fa21912338357f89e4fd51cf2368325b59e9bd9'
build	Run actions/checkout@v5	2026-09-02T14:14:18.9815867Z From https://github.com/uclouvain/openjpeg
build	Run actions/checkout@v5	2026-09-02T14:14:18.9816394Z  * branch            6c4a29b00211eb0430fa0e5e890f1ce5c80f409f -> FETCH_HEAD
build	Run actions/checkout@v5	2026-09-02T14:14:19.1491978Z Submodule path 'third_party/openjpeg': checked out '6c4a29b00211eb0430fa0e5e890f1ce5c80f409f'
build	Run actions/checkout@v5	2026-09-02T14:14:20.8537476Z From https://github.com/PCRE2Project/pcre2
build	Run actions/checkout@v5	2026-09-02T14:14:20.8538002Z  * branch            7978954dbd2efc6f2196869290553cf1871b4ce6 -> FETCH_HEAD
build	Run actions/checkout@v5	2026-09-02T14:14:21.0718313Z Submodule path 'third_party/pcre2': checked out '7978954dbd2efc6f2196869290553cf1871b4ce6'
build	Run actions/checkout@v5	2026-09-02T14:14:21.0828356Z Submodule 'deps/sljit' (https://github.com/zherczeg/sljit.git) registered for path 'third_party/pcre2/deps/sljit'
build	Run actions/checkout@v5	2026-09-02T14:14:21.1124274Z Cloning into 'D:/a/fictionbook-editor-next/fictionbook-editor-next/third_party/pcre2/deps/sljit'...
build	Run actions/checkout@v5	2026-09-02T14:14:22.3893916Z From https://github.com/zherczeg/sljit
build	Run actions/checkout@v5	2026-09-02T14:14:22.3894703Z  * branch            de0259c7aaf36aa40cba8014f3fad3edde9307f9 -> FETCH_HEAD
build	Run actions/checkout@v5	2026-09-02T14:14:22.4698546Z Submodule path 'third_party/pcre2/deps/sljit': checked out 'de0259c7aaf36aa40cba8014f3fad3edde9307f9'
build	Run actions/checkout@v5	2026-09-02T14:14:22.4902112Z [command]"C:\Program Files\Git\bin\git.exe" submodule foreach --recursive "git config --local gc.auto 0"
build	Run actions/checkout@v5	2026-09-02T14:14:22.9289498Z Entering 'third_party/aom'
build	Run actions/checkout@v5	2026-09-02T14:14:22.9803169Z Entering 'third_party/hunspell'
build	Run actions/checkout@v5	2026-09-02T14:14:23.0220319Z Entering 'third_party/lexilla'
build	Run actions/checkout@v5	2026-09-02T14:14:23.0629814Z Entering 'third_party/libde265'
build	Run actions/checkout@v5	2026-09-02T14:14:23.1094622Z Entering 'third_party/libheif'
build	Run actions/checkout@v5	2026-09-02T14:14:23.1516110Z Entering 'third_party/libwebp'
build	Run actions/checkout@v5	2026-09-02T14:14:23.1942574Z Entering 'third_party/openjpeg'
build	Run actions/checkout@v5	2026-09-02T14:14:23.2365090Z Entering 'third_party/pcre2'
build	Run actions/checkout@v5	2026-09-02T14:14:23.2775287Z Entering 'third_party/pcre2/deps/sljit'
build	Run actions/checkout@v5	2026-09-02T14:14:23.3273113Z ##[endgroup]
build	Run actions/checkout@v5	2026-09-02T14:14:23.3273543Z ##[group]Persisting credentials for submodules
build	Run actions/checkout@v5	2026-09-02T14:14:23.3284442Z [command]"C:\Program Files\Git\bin\git.exe" submodule foreach --recursive "sh -c \"git config --local --name-only --get-regexp 'url\.https\:\/\/github\.com\/\.insteadOf' && git config --local --unset-all 'url.https://github.com/.insteadOf' || :\""
build	Run actions/checkout@v5	2026-09-02T14:14:23.8219830Z Entering 'third_party/aom'
build	Run actions/checkout@v5	2026-09-02T14:14:23.8919593Z Entering 'third_party/hunspell'
build	Run actions/checkout@v5	2026-09-02T14:14:23.9623918Z Entering 'third_party/lexilla'
build	Run actions/checkout@v5	2026-09-02T14:14:24.0294318Z Entering 'third_party/libde265'
build	Run actions/checkout@v5	2026-09-02T14:14:24.0958126Z Entering 'third_party/libheif'
build	Run actions/checkout@v5	2026-09-02T14:14:24.1629802Z Entering 'third_party/libwebp'
build	Run actions/checkout@v5	2026-09-02T14:14:24.2301195Z Entering 'third_party/openjpeg'
build	Run actions/checkout@v5	2026-09-02T14:14:24.2976037Z Entering 'third_party/pcre2'
build	Run actions/checkout@v5	2026-09-02T14:14:24.3643509Z Entering 'third_party/pcre2/deps/sljit'
build	Run actions/checkout@v5	2026-09-02T14:14:24.4501526Z [command]"C:\Program Files\Git\bin\git.exe" submodule foreach --recursive "sh -c \"git config --local 'http.https://github.com/.extraheader' 'AUTHORIZATION: basic ***' && git config --local --show-origin --name-only --get-regexp remote.origin.url\""
build	Run actions/checkout@v5	2026-09-02T14:14:24.8539333Z Entering 'third_party/aom'
build	Run actions/checkout@v5	2026-09-02T14:14:24.9182039Z file:D:/a/fictionbook-editor-next/fictionbook-editor-next/.git/modules/third_party/aom/config	remote.origin.url
build	Run actions/checkout@v5	2026-09-02T14:14:24.9317668Z Entering 'third_party/hunspell'
build	Run actions/checkout@v5	2026-09-02T14:14:24.9955489Z file:D:/a/fictionbook-editor-next/fictionbook-editor-next/.git/modules/third_party/hunspell/config	remote.origin.url
build	Run actions/checkout@v5	2026-09-02T14:14:25.0087708Z Entering 'third_party/lexilla'
build	Run actions/checkout@v5	2026-09-02T14:14:25.0710494Z file:D:/a/fictionbook-editor-next/fictionbook-editor-next/.git/modules/third_party/lexilla/config	remote.origin.url
build	Run actions/checkout@v5	2026-09-02T14:14:25.0841652Z Entering 'third_party/libde265'
build	Run actions/checkout@v5	2026-09-02T14:14:25.1481465Z file:D:/a/fictionbook-editor-next/fictionbook-editor-next/.git/modules/third_party/libde265/config	remote.origin.url
build	Run actions/checkout@v5	2026-09-02T14:14:25.1614625Z Entering 'third_party/libheif'
build	Run actions/checkout@v5	2026-09-02T14:14:25.2234376Z file:D:/a/fictionbook-editor-next/fictionbook-editor-next/.git/modules/third_party/libheif/config	remote.origin.url
build	Run actions/checkout@v5	2026-09-02T14:14:25.2366386Z Entering 'third_party/libwebp'
build	Run actions/checkout@v5	2026-09-02T14:14:25.2990454Z file:D:/a/fictionbook-editor-next/fictionbook-editor-next/.git/modules/third_party/libwebp/config	remote.origin.url
build	Run actions/checkout@v5	2026-09-02T14:14:25.3120144Z Entering 'third_party/openjpeg'
build	Run actions/checkout@v5	2026-09-02T14:14:25.3736237Z file:D:/a/fictionbook-editor-next/fictionbook-editor-next/.git/modules/third_party/openjpeg/config	remote.origin.url
build	Run actions/checkout@v5	2026-09-02T14:14:25.3868910Z Entering 'third_party/pcre2'
build	Run actions/checkout@v5	2026-09-02T14:14:25.4509980Z file:D:/a/fictionbook-editor-next/fictionbook-editor-next/.git/modules/third_party/pcre2/config	remote.origin.url
build	Run actions/checkout@v5	2026-09-02T14:14:25.4633088Z Entering 'third_party/pcre2/deps/sljit'
build	Run actions/checkout@v5	2026-09-02T14:14:25.5287452Z file:D:/a/fictionbook-editor-next/fictionbook-editor-next/.git/modules/third_party/pcre2/modules/deps/sljit/config	remote.origin.url
build	Run actions/checkout@v5	2026-09-02T14:14:25.5558650Z [command]"C:\Program Files\Git\bin\git.exe" submodule foreach --recursive "git config --local --add 'url.https://github.com/.insteadOf' 'git@github.com:'"
build	Run actions/checkout@v5	2026-09-02T14:14:25.9969617Z Entering 'third_party/aom'
build	Run actions/checkout@v5	2026-09-02T14:14:26.0387917Z Entering 'third_party/hunspell'
build	Run actions/checkout@v5	2026-09-02T14:14:26.0813998Z Entering 'third_party/lexilla'
build	Run actions/checkout@v5	2026-09-02T14:14:26.1238297Z Entering 'third_party/libde265'
build	Run actions/checkout@v5	2026-09-02T14:14:26.1682336Z Entering 'third_party/libheif'
build	Run actions/checkout@v5	2026-09-02T14:14:26.2097482Z Entering 'third_party/libwebp'
build	Run actions/checkout@v5	2026-09-02T14:14:26.2513366Z Entering 'third_party/openjpeg'
build	Run actions/checkout@v5	2026-09-02T14:14:26.2929710Z Entering 'third_party/pcre2'
build	Run actions/checkout@v5	2026-09-02T14:14:26.3330608Z Entering 'third_party/pcre2/deps/sljit'
build	Run actions/checkout@v5	2026-09-02T14:14:26.3811138Z [command]"C:\Program Files\Git\bin\git.exe" submodule foreach --recursive "git config --local --add 'url.https://github.com/.insteadOf' 'org-1933112@github.com:'"
build	Run actions/checkout@v5	2026-09-02T14:14:26.8419160Z Entering 'third_party/aom'
build	Run actions/checkout@v5	2026-09-02T14:14:26.8831595Z Entering 'third_party/hunspell'
build	Run actions/checkout@v5	2026-09-02T14:14:26.9237102Z Entering 'third_party/lexilla'
build	Run actions/checkout@v5	2026-09-02T14:14:26.9638174Z Entering 'third_party/libde265'
build	Run actions/checkout@v5	2026-09-02T14:14:27.0034568Z Entering 'third_party/libheif'
build	Run actions/checkout@v5	2026-09-02T14:14:27.0431480Z Entering 'third_party/libwebp'
build	Run actions/checkout@v5	2026-09-02T14:14:27.0824631Z Entering 'third_party/openjpeg'
build	Run actions/checkout@v5	2026-09-02T14:14:27.1217517Z Entering 'third_party/pcre2'
build	Run actions/checkout@v5	2026-09-02T14:14:27.1707850Z Entering 'third_party/pcre2/deps/sljit'
build	Run actions/checkout@v5	2026-09-02T14:14:27.2181488Z ##[endgroup]
build	Run actions/checkout@v5	2026-09-02T14:14:27.2552513Z [command]"C:\Program Files\Git\bin\git.exe" log -1 --format=%H
build	Run actions/checkout@v5	2026-09-02T14:14:27.2764372Z 3b21774ad4621df48d3634897131e57dff5a0088
build	Restore PCRE2 cache	﻿2026-09-02T14:14:27.9917940Z Node 20 is being deprecated. This workflow is running with Node 24 by default. If you need to temporarily use Node 20, you can set the ACTIONS_ALLOW_USE_UNSECURE_NODE_VERSION=true environment variable. For more information see: https://github.blog/changelog/2025-09-19-deprecation-of-node-20-on-github-actions-runners/
build	Restore PCRE2 cache	2026-09-02T14:14:27.9920097Z ##[group]Run actions/cache@v4
build	Restore PCRE2 cache	2026-09-02T14:14:27.9920344Z with:
build	Restore PCRE2 cache	2026-09-02T14:14:27.9920525Z   path: build/pcre2
build	Restore PCRE2 cache	2026-09-02T14:14:27.9921048Z   key: Windows-pcre2-release-win32-v143-vs2022-46a8eca613e3acda19bdcbdfdd488e8cbdffb067257abcb439eb6dcf8e054680
build	Restore PCRE2 cache	2026-09-02T14:14:27.9921615Z   enableCrossOsArchive: false
build	Restore PCRE2 cache	2026-09-02T14:14:27.9922806Z   fail-on-cache-miss: false
build	Restore PCRE2 cache	2026-09-02T14:14:27.9923030Z   lookup-only: false
build	Restore PCRE2 cache	2026-09-02T14:14:27.9923220Z   save-always: false
build	Restore PCRE2 cache	2026-09-02T14:14:27.9923410Z ##[endgroup]
build	Restore PCRE2 cache	2026-09-02T14:14:28.1174966Z (node:5996) [DEP0040] DeprecationWarning: The `punycode` module is deprecated. Please use a userland alternative instead.
build	Restore PCRE2 cache	2026-09-02T14:14:28.1175823Z (Use `node --trace-deprecation ...` to show where the warning was created)
build	Restore PCRE2 cache	2026-09-02T14:14:28.3449906Z Cache hit for: Windows-pcre2-release-win32-v143-vs2022-46a8eca613e3acda19bdcbdfdd488e8cbdffb067257abcb439eb6dcf8e054680
build	Restore PCRE2 cache	2026-09-02T14:14:28.3560596Z (node:5996) [DEP0169] DeprecationWarning: `url.parse()` behavior is not standardized and prone to errors that have security implications. Use the WHATWG URL API instead. CVEs are not issued for `url.parse()` vulnerabilities.
build	Restore PCRE2 cache	2026-09-02T14:14:28.4409986Z Received 1414585 of 1414585 (100.0%), 27.0 MBs/sec
build	Restore PCRE2 cache	2026-09-02T14:14:28.4411552Z Cache Size: ~1 MB (1414585 B)
build	Restore PCRE2 cache	2026-09-02T14:14:28.4437785Z [command]"C:\Program Files\Git\usr\bin\tar.exe" -xf D:/a/_temp/ffaeabc0-0bfd-463d-b65a-544284d92236/cache.tzst -P -C D:/a/fictionbook-editor-next/fictionbook-editor-next --force-local --use-compress-program "zstd -d"
build	Restore PCRE2 cache	2026-09-02T14:14:28.6590310Z Cache restored successfully
build	Restore PCRE2 cache	2026-09-02T14:14:28.6705164Z Cache restored from key: Windows-pcre2-release-win32-v143-vs2022-46a8eca613e3acda19bdcbdfdd488e8cbdffb067257abcb439eb6dcf8e054680
build	Restore Hunspell cache	﻿2026-09-02T14:14:29.4329735Z Node 20 is being deprecated. This workflow is running with Node 24 by default. If you need to temporarily use Node 20, you can set the ACTIONS_ALLOW_USE_UNSECURE_NODE_VERSION=true environment variable. For more information see: https://github.blog/changelog/2025-09-19-deprecation-of-node-20-on-github-actions-runners/
build	Restore Hunspell cache	2026-09-02T14:14:29.4331122Z ##[group]Run actions/cache@v4
build	Restore Hunspell cache	2026-09-02T14:14:29.4331360Z with:
build	Restore Hunspell cache	2026-09-02T14:14:29.4331547Z   path: build/hunspell
build	Restore Hunspell cache	2026-09-02T14:14:29.4332059Z   key: Windows-hunspell-release-win32-v143-mt-9b46230553e1cfc7bf2fbee127e6ddfc781d3e28d10066f0756e0a1f14a172b7
build	Restore Hunspell cache	2026-09-02T14:14:29.4332637Z   enableCrossOsArchive: false
build	Restore Hunspell cache	2026-09-02T14:14:29.4332872Z   fail-on-cache-miss: false
build	Restore Hunspell cache	2026-09-02T14:14:29.4333089Z   lookup-only: false
build	Restore Hunspell cache	2026-09-02T14:14:29.4333282Z   save-always: false
build	Restore Hunspell cache	2026-09-02T14:14:29.4333464Z ##[endgroup]
build	Restore Hunspell cache	2026-09-02T14:14:29.5634135Z (node:5852) [DEP0040] DeprecationWarning: The `punycode` module is deprecated. Please use a userland alternative instead.
build	Restore Hunspell cache	2026-09-02T14:14:29.5634963Z (Use `node --trace-deprecation ...` to show where the warning was created)
build	Restore Hunspell cache	2026-09-02T14:14:29.7010228Z Cache hit for: Windows-hunspell-release-win32-v143-mt-9b46230553e1cfc7bf2fbee127e6ddfc781d3e28d10066f0756e0a1f14a172b7
build	Restore Hunspell cache	2026-09-02T14:14:29.7115516Z (node:5852) [DEP0169] DeprecationWarning: `url.parse()` behavior is not standardized and prone to errors that have security implications. Use the WHATWG URL API instead. CVEs are not issued for `url.parse()` vulnerabilities.
build	Restore Hunspell cache	2026-09-02T14:14:29.8196167Z Received 5023480 of 5023480 (100.0%), 55.7 MBs/sec
build	Restore Hunspell cache	2026-09-02T14:14:29.8197863Z Cache Size: ~5 MB (5023480 B)
build	Restore Hunspell cache	2026-09-02T14:14:29.8234228Z [command]"C:\Program Files\Git\usr\bin\tar.exe" -xf D:/a/_temp/1f72cdf1-c5ed-4ad6-8c39-abd951178ef1/cache.tzst -P -C D:/a/fictionbook-editor-next/fictionbook-editor-next --force-local --use-compress-program "zstd -d"
build	Restore Hunspell cache	2026-09-02T14:14:29.9176178Z Cache restored successfully
build	Restore Hunspell cache	2026-09-02T14:14:29.9288068Z Cache restored from key: Windows-hunspell-release-win32-v143-mt-9b46230553e1cfc7bf2fbee127e6ddfc781d3e28d10066f0756e0a1f14a172b7
build	Restore image decoder stack cache	﻿2026-09-02T14:14:32.1726125Z Node 20 is being deprecated. This workflow is running with Node 24 by default. If you need to temporarily use Node 20, you can set the ACTIONS_ALLOW_USE_UNSECURE_NODE_VERSION=true environment variable. For more information see: https://github.blog/changelog/2025-09-19-deprecation-of-node-20-on-github-actions-runners/
build	Restore image decoder stack cache	2026-09-02T14:14:32.1728499Z ##[group]Run actions/cache@v4
build	Restore image decoder stack cache	2026-09-02T14:14:32.1728890Z with:
build	Restore image decoder stack cache	2026-09-02T14:14:32.1729491Z   path: build/aom
build	Restore image decoder stack cache	build/libde265
build	Restore image decoder stack cache	build/libheif
build	Restore image decoder stack cache	
build	Restore image decoder stack cache	2026-09-02T14:14:32.1730569Z   key: Windows-image-decoders-release-win32-v143-2683e9a04e0357301e3f26d24048d25ecaa7ab70ddba1fa882b378bfb4d5f861
build	Restore image decoder stack cache	2026-09-02T14:14:32.1731603Z   enableCrossOsArchive: false
build	Restore image decoder stack cache	2026-09-02T14:14:32.1732047Z   fail-on-cache-miss: false
build	Restore image decoder stack cache	2026-09-02T14:14:32.1732449Z   lookup-only: false
build	Restore image decoder stack cache	2026-09-02T14:14:32.1732782Z   save-always: false
build	Restore image decoder stack cache	2026-09-02T14:14:32.1733108Z ##[endgroup]
build	Restore image decoder stack cache	2026-09-02T14:14:32.3084652Z (node:6564) [DEP0040] DeprecationWarning: The `punycode` module is deprecated. Please use a userland alternative instead.
build	Restore image decoder stack cache	2026-09-02T14:14:32.3085575Z (Use `node --trace-deprecation ...` to show where the warning was created)
build	Restore image decoder stack cache	2026-09-02T14:14:32.4625741Z Cache not found for input keys: Windows-image-decoders-release-win32-v143-2683e9a04e0357301e3f26d24048d25ecaa7ab70ddba1fa882b378bfb4d5f861
build	Restore universal editor runtime cache	﻿2026-09-02T14:14:33.6048281Z Node 20 is being deprecated. This workflow is running with Node 24 by default. If you need to temporarily use Node 20, you can set the ACTIONS_ALLOW_USE_UNSECURE_NODE_VERSION=true environment variable. For more information see: https://github.blog/changelog/2025-09-19-deprecation-of-node-20-on-github-actions-runners/
build	Restore universal editor runtime cache	2026-09-02T14:14:33.6049667Z ##[group]Run actions/cache@v4
build	Restore universal editor runtime cache	2026-09-02T14:14:33.6049959Z with:
build	Restore universal editor runtime cache	2026-09-02T14:14:33.6050179Z   path: out/editor-runtime
build	Restore universal editor runtime cache	2026-09-02T14:14:33.6050714Z   key: Windows-editor-runtime-win32-v143-vc144-d2932f03149ebe0ea81ef2b1a15de9dd80269757b6084c33fc0e8d08e769ed1a
build	Restore universal editor runtime cache	2026-09-02T14:14:33.6051288Z   enableCrossOsArchive: false
build	Restore universal editor runtime cache	2026-09-02T14:14:33.6051539Z   fail-on-cache-miss: false
build	Restore universal editor runtime cache	2026-09-02T14:14:33.6051774Z   lookup-only: false
build	Restore universal editor runtime cache	2026-09-02T14:14:33.6051978Z   save-always: false
build	Restore universal editor runtime cache	2026-09-02T14:14:33.6052191Z ##[endgroup]
build	Restore universal editor runtime cache	2026-09-02T14:14:33.7375955Z (node:5828) [DEP0040] DeprecationWarning: The `punycode` module is deprecated. Please use a userland alternative instead.
build	Restore universal editor runtime cache	2026-09-02T14:14:33.7376799Z (Use `node --trace-deprecation ...` to show where the warning was created)
build	Restore universal editor runtime cache	2026-09-02T14:14:33.8757930Z Cache hit for: Windows-editor-runtime-win32-v143-vc144-d2932f03149ebe0ea81ef2b1a15de9dd80269757b6084c33fc0e8d08e769ed1a
build	Restore universal editor runtime cache	2026-09-02T14:14:33.8866434Z (node:5828) [DEP0169] DeprecationWarning: `url.parse()` behavior is not standardized and prone to errors that have security implications. Use the WHATWG URL API instead. CVEs are not issued for `url.parse()` vulnerabilities.
build	Restore universal editor runtime cache	2026-09-02T14:14:33.9785360Z Received 928915 of 928915 (100.0%), 16.7 MBs/sec
build	Restore universal editor runtime cache	2026-09-02T14:14:33.9787218Z Cache Size: ~1 MB (928915 B)
build	Restore universal editor runtime cache	2026-09-02T14:14:33.9811118Z [command]"C:\Program Files\Git\usr\bin\tar.exe" -xf D:/a/_temp/c2408d84-6174-4f1b-89d9-9b755707eaf0/cache.tzst -P -C D:/a/fictionbook-editor-next/fictionbook-editor-next --force-local --use-compress-program "zstd -d"
build	Restore universal editor runtime cache	2026-09-02T14:14:34.0202560Z Cache restored successfully
build	Restore universal editor runtime cache	2026-09-02T14:14:34.0383999Z Cache restored from key: Windows-editor-runtime-win32-v143-vc144-d2932f03149ebe0ea81ef2b1a15de9dd80269757b6084c33fc0e8d08e769ed1a
build	Build Release Win32	﻿2026-09-02T14:14:34.0604044Z ##[group]Run ./tools/build/Initialize-CiUtf8.ps1
build	Build Release Win32	2026-09-02T14:14:34.0604700Z ^[[36;1m./tools/build/Initialize-CiUtf8.ps1^[[0m
build	Build Release Win32	2026-09-02T14:14:34.0605659Z ^[[36;1m$arguments = @{ Configuration = 'Release'; Platform = 'Win32'; PlatformToolset = 'v143'; SkipUpx = $true; WarningsAsErrors = $true; ReuseEditorRuntime = $true; SkipVersionSync = $true; BatchOutputDirectory = 'out/target-batches' }^[[0m
build	Build Release Win32	2026-09-02T14:14:34.0606770Z ^[[36;1mif ($env:GITHUB_REF_TYPE -eq 'tag') { $arguments.ReleaseVersion = $env:GITHUB_REF_NAME.Substring(1) }^[[0m
build	Build Release Win32	2026-09-02T14:14:34.0607337Z ^[[36;1mif ('true' -eq 'true') { $arguments.ReusePreparedPcre2 = $true }^[[0m
build	Build Release Win32	2026-09-02T14:14:34.0607727Z ^[[36;1m./tools/build/build.ps1 @arguments^[[0m
build	Build Release Win32	2026-09-02T14:14:34.2324679Z shell: C:\Program Files\PowerShell\7\pwsh.EXE -command ". '{0}'"
build	Build Release Win32	2026-09-02T14:14:34.2325210Z ##[endgroup]
build	Build Release Win32	2026-09-02T14:14:37.0721489Z VS toolchain: installation=C:\Program Files\Microsoft Visual Studio\2022\Enterprise; PlatformToolset=v143; cl.exe=C:\Program Files\Microsoft Visual Studio\2022\Enterprise\VC\Tools\MSVC\14.44.35207\bin\HostX64\x86\cl.exe; VCToolsVersion=14.44.35207
build	Build Release Win32	2026-09-02T14:14:37.0799330Z Используется только проверенный PCRE2 cache; остальные зависимости будут подготовлены отдельно.
build	Build Release Win32	2026-09-02T14:14:37.0803843Z Подготовка generated Hunspell project/header...
build	Build Release Win32	2026-09-02T14:14:37.1027243Z Hunspell generated project/header подготовлены; MSBuild пропущен.
build	Build Release Win32	2026-09-02T14:14:39.6840271Z -- Selecting Windows SDK version 10.0.26100.0 to target Windows 10.0.20348.
build	Build Release Win32	2026-09-02T14:14:52.5717493Z -- The C compiler identification is MSVC 19.44.35228.0
build	Build Release Win32	2026-09-02T14:14:52.7526594Z -- Detecting C compiler ABI info
build	Build Release Win32	2026-09-02T14:14:56.2260308Z -- Detecting C compiler ABI info - done
build	Build Release Win32	2026-09-02T14:14:56.2721064Z -- Check for working C compiler: C:/Program Files/Microsoft Visual Studio/2022/Enterprise/VC/Tools/MSVC/14.44.35207/bin/Hostx64/x86/cl.exe - skipped
build	Build Release Win32	2026-09-02T14:14:56.2736739Z -- Detecting C compile features
build	Build Release Win32	2026-09-02T14:14:56.2850529Z -- Detecting C compile features - done
build	Build Release Win32	2026-09-02T14:14:56.3118758Z -- Performing Test HAVE_BUILTIN_BSWAP16
build	Build Release Win32	2026-09-02T14:14:57.0697515Z -- Performing Test HAVE_BUILTIN_BSWAP16 - Failed
build	Build Release Win32	2026-09-02T14:14:57.0699114Z -- Performing Test HAVE_BUILTIN_BSWAP32
build	Build Release Win32	2026-09-02T14:14:57.7681047Z -- Performing Test HAVE_BUILTIN_BSWAP32 - Failed
build	Build Release Win32	2026-09-02T14:14:57.7682543Z -- Performing Test HAVE_BUILTIN_BSWAP64
build	Build Release Win32	2026-09-02T14:14:58.4439989Z -- Performing Test HAVE_BUILTIN_BSWAP64 - Failed
build	Build Release Win32	2026-09-02T14:14:58.4633221Z -- Performing Test CMAKE_HAVE_LIBC_PTHREAD
build	Build Release Win32	2026-09-02T14:15:00.3610970Z -- Performing Test CMAKE_HAVE_LIBC_PTHREAD - Failed
build	Build Release Win32	2026-09-02T14:15:00.3612174Z -- Looking for pthread_create in pthreads
build	Build Release Win32	2026-09-02T14:15:00.9738684Z -- Looking for pthread_create in pthreads - not found
build	Build Release Win32	2026-09-02T14:15:00.9739319Z -- Looking for pthread_create in pthread
build	Build Release Win32	2026-09-02T14:15:01.5527455Z -- Looking for pthread_create in pthread - not found
build	Build Release Win32	2026-09-02T14:15:01.5683586Z -- Found Threads: TRUE
build	Build Release Win32	2026-09-02T14:15:01.5842385Z -- Found OpenGL: opengl32
build	Build Release Win32	2026-09-02T14:15:01.5847214Z -- Performing Test HAVE_MATH_LIBRARY
build	Build Release Win32	2026-09-02T14:15:02.4523126Z -- Performing Test HAVE_MATH_LIBRARY - Success
build	Build Release Win32	2026-09-02T14:15:02.4536617Z -- Looking for include file GLUT/glut.h
build	Build Release Win32	2026-09-02T14:15:02.9491410Z -- Looking for include file GLUT/glut.h - not found
build	Build Release Win32	2026-09-02T14:15:02.9493458Z -- Looking for include file GL/glut.h
build	Build Release Win32	2026-09-02T14:15:03.4404493Z -- Looking for include file GL/glut.h - not found
build	Build Release Win32	2026-09-02T14:15:03.4406510Z -- Looking for include file OpenGL/glut.h
build	Build Release Win32	2026-09-02T14:15:03.9356534Z -- Looking for include file OpenGL/glut.h - not found
build	Build Release Win32	2026-09-02T14:15:03.9358687Z -- Looking for include file shlwapi.h
build	Build Release Win32	2026-09-02T14:15:06.3552466Z -- Looking for include file shlwapi.h - found
build	Build Release Win32	2026-09-02T14:15:06.3554492Z -- Looking for include file unistd.h
build	Build Release Win32	2026-09-02T14:15:06.8922078Z -- Looking for include file unistd.h - not found
build	Build Release Win32	2026-09-02T14:15:06.8923905Z -- Looking for include file wincodec.h
build	Build Release Win32	2026-09-02T14:15:07.9443268Z -- Looking for include file wincodec.h - found
build	Build Release Win32	2026-09-02T14:15:07.9446169Z -- Looking for include file windows.h
build	Build Release Win32	2026-09-02T14:15:08.8742232Z -- Looking for include file windows.h - found
build	Build Release Win32	2026-09-02T14:15:08.8759424Z -- Performing Test WEBP_HAVE_FLAG_AVX2
build	Build Release Win32	2026-09-02T14:15:09.6405194Z -- Performing Test WEBP_HAVE_FLAG_AVX2 - Success
build	Build Release Win32	2026-09-02T14:15:09.6414599Z -- Performing Test WEBP_HAVE_FLAG_SSE41
build	Build Release Win32	2026-09-02T14:15:10.4049671Z -- Performing Test WEBP_HAVE_FLAG_SSE41 - Success
build	Build Release Win32	2026-09-02T14:15:10.4058105Z -- Performing Test WEBP_HAVE_FLAG_SSE2
build	Build Release Win32	2026-09-02T14:15:11.1799352Z -- Performing Test WEBP_HAVE_FLAG_SSE2 - Success
build	Build Release Win32	2026-09-02T14:15:11.1807780Z -- Performing Test WEBP_HAVE_FLAG_MIPS32
build	Build Release Win32	2026-09-02T14:15:11.6857688Z -- Performing Test WEBP_HAVE_FLAG_MIPS32 - Failed
build	Build Release Win32	2026-09-02T14:15:11.6861279Z -- Performing Test WEBP_HAVE_FLAG_MIPS32
build	Build Release Win32	2026-09-02T14:15:12.2016178Z -- Performing Test WEBP_HAVE_FLAG_MIPS32 - Failed
build	Build Release Win32	2026-09-02T14:15:12.2024214Z -- Performing Test WEBP_HAVE_FLAG_MIPS_DSP_R2
build	Build Release Win32	2026-09-02T14:15:12.7076199Z -- Performing Test WEBP_HAVE_FLAG_MIPS_DSP_R2 - Failed
build	Build Release Win32	2026-09-02T14:15:12.7079817Z -- Performing Test WEBP_HAVE_FLAG_MIPS_DSP_R2
build	Build Release Win32	2026-09-02T14:15:13.2346154Z -- Performing Test WEBP_HAVE_FLAG_MIPS_DSP_R2 - Failed
build	Build Release Win32	2026-09-02T14:15:13.2354279Z -- Performing Test WEBP_HAVE_FLAG_NEON
build	Build Release Win32	2026-09-02T14:15:13.7345294Z -- Performing Test WEBP_HAVE_FLAG_NEON - Failed
build	Build Release Win32	2026-09-02T14:15:13.7348964Z -- Performing Test WEBP_HAVE_FLAG_NEON
build	Build Release Win32	2026-09-02T14:15:14.2397026Z -- Performing Test WEBP_HAVE_FLAG_NEON - Failed
build	Build Release Win32	2026-09-02T14:15:14.2405874Z -- Performing Test WEBP_HAVE_FLAG_MSA
build	Build Release Win32	2026-09-02T14:15:14.7460964Z -- Performing Test WEBP_HAVE_FLAG_MSA - Failed
build	Build Release Win32	2026-09-02T14:15:14.7464546Z -- Performing Test WEBP_HAVE_FLAG_MSA
build	Build Release Win32	2026-09-02T14:15:15.2648749Z -- Performing Test WEBP_HAVE_FLAG_MSA - Failed
build	Build Release Win32	2026-09-02T14:15:15.3245831Z -- Configuring done (36.1s)
build	Build Release Win32	2026-09-02T14:15:15.4958201Z -- Generating done (0.2s)
build	Build Release Win32	2026-09-02T14:15:15.4968089Z -- Build files have been written to: D:/a/fictionbook-editor-next/fictionbook-editor-next/build/libwebp/Release
build	Build Release Win32	2026-09-02T14:15:15.6230364Z MSBuild version 17.14.51+25f168cee for .NET Framework
build	Build Release Win32	2026-09-02T14:15:15.6553135Z 
build	Build Release Win32	2026-09-02T14:15:15.9734265Z   1>Checking Build System
build	Build Release Win32	2026-09-02T14:15:16.1581675Z   Building Custom Rule D:/a/fictionbook-editor-next/fictionbook-editor-next/third_party/libwebp/CMakeLists.txt
build	Build Release Win32	2026-09-02T14:15:16.2941538Z   alpha_dec.c
build	Build Release Win32	2026-09-02T14:15:16.4731834Z   buffer_dec.c
build	Build Release Win32	2026-09-02T14:15:16.5231508Z   frame_dec.c
build	Build Release Win32	2026-09-02T14:15:16.5725026Z   idec_dec.c
build	Build Release Win32	2026-09-02T14:15:16.6213055Z   io_dec.c
build	Build Release Win32	2026-09-02T14:15:16.6711152Z   quant_dec.c
build	Build Release Win32	2026-09-02T14:15:16.6903735Z   tree_dec.c
build	Build Release Win32	2026-09-02T14:15:16.7405947Z   vp8_dec.c
build	Build Release Win32	2026-09-02T14:15:16.7894195Z   vp8l_dec.c
build	Build Release Win32	2026-09-02T14:15:16.8396743Z   webp_dec.c
build	Build Release Win32	2026-09-02T14:15:16.8897316Z   Generating Code...
build	Build Release Win32	2026-09-02T14:15:17.7394536Z   webpdecode.vcxproj -> D:\a\fictionbook-editor-next\fictionbook-editor-next\build\libwebp\Release\webpdecode.dir\Release\webpdecode.lib
build	Build Release Win32	2026-09-02T14:15:17.8088833Z   Building Custom Rule D:/a/fictionbook-editor-next/fictionbook-editor-next/third_party/libwebp/CMakeLists.txt
build	Build Release Win32	2026-09-02T14:15:17.9117829Z   alpha_processing.c
build	Build Release Win32	2026-09-02T14:15:17.9282026Z   cpu.c
build	Build Release Win32	2026-09-02T14:15:17.9643567Z   dec.c
build	Build Release Win32	2026-09-02T14:15:18.0126941Z   dec_clip_tables.c
build	Build Release Win32	2026-09-02T14:15:18.0244133Z   filters.c
build	Build Release Win32	2026-09-02T14:15:18.0402698Z   lossless.c
build	Build Release Win32	2026-09-02T14:15:18.0893837Z   rescaler.c
build	Build Release Win32	2026-09-02T14:15:18.1001959Z   upsampling.c
build	Build Release Win32	2026-09-02T14:15:18.1129156Z   yuv.c
build	Build Release Win32	2026-09-02T14:15:18.1273856Z   lossless_avx2.c
build	Build Release Win32	2026-09-02T14:15:18.1369403Z   alpha_processing_sse41.c
build	Build Release Win32	2026-09-02T14:15:18.1462991Z   dec_sse41.c
build	Build Release Win32	2026-09-02T14:15:18.1557174Z   lossless_sse41.c
build	Build Release Win32	2026-09-02T14:15:18.1653575Z   upsampling_sse41.c
build	Build Release Win32	2026-09-02T14:15:18.1752325Z   yuv_sse41.c
build	Build Release Win32	2026-09-02T14:15:18.1863263Z   alpha_processing_sse2.c
build	Build Release Win32	2026-09-02T14:15:18.1960616Z   dec_sse2.c
build	Build Release Win32	2026-09-02T14:15:18.2058421Z   filters_sse2.c
build	Build Release Win32	2026-09-02T14:15:18.2157397Z   lossless_sse2.c
build	Build Release Win32	2026-09-02T14:15:18.2263310Z   rescaler_sse2.c
build	Build Release Win32	2026-09-02T14:15:18.2376201Z   Generating Code...
build	Build Release Win32	2026-09-02T14:15:18.8543190Z   Compiling...
build	Build Release Win32	2026-09-02T14:15:18.8543610Z   upsampling_sse2.c
build	Build Release Win32	2026-09-02T14:15:18.8641679Z   yuv_sse2.c
build	Build Release Win32	2026-09-02T14:15:18.8746542Z   alpha_processing_neon.c
build	Build Release Win32	2026-09-02T14:15:18.8841861Z   dec_neon.c
build	Build Release Win32	2026-09-02T14:15:18.8930815Z   filters_neon.c
build	Build Release Win32	2026-09-02T14:15:18.9020118Z   lossless_neon.c
build	Build Release Win32	2026-09-02T14:15:18.9111889Z   rescaler_neon.c
build	Build Release Win32	2026-09-02T14:15:18.9210571Z   upsampling_neon.c
build	Build Release Win32	2026-09-02T14:15:18.9308775Z   yuv_neon.c
build	Build Release Win32	2026-09-02T14:15:18.9415655Z   dec_msa.c
build	Build Release Win32	2026-09-02T14:15:18.9511778Z   filters_msa.c
build	Build Release Win32	2026-09-02T14:15:18.9605325Z   lossless_msa.c
build	Build Release Win32	2026-09-02T14:15:18.9702231Z   rescaler_msa.c
build	Build Release Win32	2026-09-02T14:15:18.9803161Z   upsampling_msa.c
build	Build Release Win32	2026-09-02T14:15:18.9932392Z   dec_mips32.c
build	Build Release Win32	2026-09-02T14:15:19.0033414Z   rescaler_mips32.c
build	Build Release Win32	2026-09-02T14:15:19.0133008Z   yuv_mips32.c
build	Build Release Win32	2026-09-02T14:15:19.0233393Z   alpha_processing_mips_dsp_r2.c
build	Build Release Win32	2026-09-02T14:15:19.0332585Z   dec_mips_dsp_r2.c
build	Build Release Win32	2026-09-02T14:15:19.0440039Z   filters_mips_dsp_r2.c
build	Build Release Win32	2026-09-02T14:15:19.0547881Z   Generating Code...
build	Build Release Win32	2026-09-02T14:15:19.0918165Z   Compiling...
build	Build Release Win32	2026-09-02T14:15:19.0918487Z   lossless_mips_dsp_r2.c
build	Build Release Win32	2026-09-02T14:15:19.1020162Z   rescaler_mips_dsp_r2.c
build	Build Release Win32	2026-09-02T14:15:19.1110671Z   upsampling_mips_dsp_r2.c
build	Build Release Win32	2026-09-02T14:15:19.1204669Z   yuv_mips_dsp_r2.c
build	Build Release Win32	2026-09-02T14:15:19.1295697Z   cost.c
build	Build Release Win32	2026-09-02T14:15:19.1756156Z   enc.c
build	Build Release Win32	2026-09-02T14:15:19.2210755Z   lossless_enc.c
build	Build Release Win32	2026-09-02T14:15:19.2717496Z   ssim.c
build	Build Release Win32	2026-09-02T14:15:19.2840629Z   cost_sse2.c
build	Build Release Win32	2026-09-02T14:15:19.2929839Z   enc_sse2.c
build	Build Release Win32	2026-09-02T14:15:19.3024159Z   lossless_enc_sse2.c
build	Build Release Win32	2026-09-02T14:15:19.3114194Z   ssim_sse2.c
build	Build Release Win32	2026-09-02T14:15:19.3205184Z   enc_sse41.c
build	Build Release Win32	2026-09-02T14:15:19.3292973Z   lossless_enc_sse41.c
build	Build Release Win32	2026-09-02T14:15:19.3389825Z   lossless_enc_avx2.c
build	Build Release Win32	2026-09-02T14:15:19.3488609Z   cost_neon.c
build	Build Release Win32	2026-09-02T14:15:19.3583240Z   enc_neon.c
build	Build Release Win32	2026-09-02T14:15:19.3684394Z   lossless_enc_neon.c
build	Build Release Win32	2026-09-02T14:15:19.3782734Z   enc_msa.c
build	Build Release Win32	2026-09-02T14:15:19.3883025Z   lossless_enc_msa.c
build	Build Release Win32	2026-09-02T14:15:19.3982375Z   Generating Code...
build	Build Release Win32	2026-09-02T14:15:19.6510565Z   Compiling...
build	Build Release Win32	2026-09-02T14:15:19.6510897Z   cost_mips32.c
build	Build Release Win32	2026-09-02T14:15:19.6614829Z   enc_mips32.c
build	Build Release Win32	2026-09-02T14:15:19.6715615Z   lossless_enc_mips32.c
build	Build Release Win32	2026-09-02T14:15:19.7125168Z   cost_mips_dsp_r2.c
build	Build Release Win32	2026-09-02T14:15:19.7230967Z   enc_mips_dsp_r2.c
build	Build Release Win32	2026-09-02T14:15:19.7339881Z   lossless_enc_mips_dsp_r2.c
build	Build Release Win32	2026-09-02T14:15:19.7446556Z   Generating Code...
build	Build Release Win32	2026-09-02T14:15:19.8591782Z   webpdsp.vcxproj -> D:\a\fictionbook-editor-next\fictionbook-editor-next\build\libwebp\Release\webpdsp.dir\Release\webpdsp.lib
build	Build Release Win32	2026-09-02T14:15:19.9242250Z   Building Custom Rule D:/a/fictionbook-editor-next/fictionbook-editor-next/third_party/libwebp/CMakeLists.txt
build	Build Release Win32	2026-09-02T14:15:20.0160338Z   alpha_processing.c
build	Build Release Win32	2026-09-02T14:15:20.0343609Z   cpu.c
build	Build Release Win32	2026-09-02T14:15:20.0731256Z   dec.c
build	Build Release Win32	2026-09-02T14:15:20.1254810Z   dec_clip_tables.c
build	Build Release Win32	2026-09-02T14:15:20.1380600Z   filters.c
build	Build Release Win32	2026-09-02T14:15:20.1551772Z   lossless.c
build	Build Release Win32	2026-09-02T14:15:20.2053571Z   rescaler.c
build	Build Release Win32	2026-09-02T14:15:20.2174102Z   upsampling.c
build	Build Release Win32	2026-09-02T14:15:20.2330587Z   yuv.c
build	Build Release Win32	2026-09-02T14:15:20.2484760Z   lossless_avx2.c
build	Build Release Win32	2026-09-02T14:15:20.2575693Z   alpha_processing_sse41.c
build	Build Release Win32	2026-09-02T14:15:20.2669280Z   dec_sse41.c
build	Build Release Win32	2026-09-02T14:15:20.2757428Z   lossless_sse41.c
build	Build Release Win32	2026-09-02T14:15:20.2842989Z   upsampling_sse41.c
build	Build Release Win32	2026-09-02T14:15:20.2937740Z   yuv_sse41.c
build	Build Release Win32	2026-09-02T14:15:20.3039194Z   alpha_processing_sse2.c
build	Build Release Win32	2026-09-02T14:15:20.3133720Z   dec_sse2.c
build	Build Release Win32	2026-09-02T14:15:20.3227030Z   filters_sse2.c
build	Build Release Win32	2026-09-02T14:15:20.3316988Z   lossless_sse2.c
build	Build Release Win32	2026-09-02T14:15:20.3411766Z   rescaler_sse2.c
build	Build Release Win32	2026-09-02T14:15:20.3509324Z   Generating Code...
build	Build Release Win32	2026-09-02T14:15:20.8896845Z   Compiling...
build	Build Release Win32	2026-09-02T14:15:20.8897194Z   upsampling_sse2.c
build	Build Release Win32	2026-09-02T14:15:20.9001755Z   yuv_sse2.c
build	Build Release Win32	2026-09-02T14:15:20.9112686Z   alpha_processing_neon.c
build	Build Release Win32	2026-09-02T14:15:20.9210327Z   dec_neon.c
build	Build Release Win32	2026-09-02T14:15:20.9308617Z   filters_neon.c
build	Build Release Win32	2026-09-02T14:15:20.9403026Z   lossless_neon.c
build	Build Release Win32	2026-09-02T14:15:20.9499374Z   rescaler_neon.c
build	Build Release Win32	2026-09-02T14:15:20.9595402Z   upsampling_neon.c
build	Build Release Win32	2026-09-02T14:15:20.9694465Z   yuv_neon.c
build	Build Release Win32	2026-09-02T14:15:20.9804793Z   dec_msa.c
build	Build Release Win32	2026-09-02T14:15:20.9903990Z   filters_msa.c
build	Build Release Win32	2026-09-02T14:15:21.0000267Z   lossless_msa.c
build	Build Release Win32	2026-09-02T14:15:21.0096778Z   rescaler_msa.c
build	Build Release Win32	2026-09-02T14:15:21.0189397Z   upsampling_msa.c
build	Build Release Win32	2026-09-02T14:15:21.0313020Z   dec_mips32.c
build	Build Release Win32	2026-09-02T14:15:21.0410206Z   rescaler_mips32.c
build	Build Release Win32	2026-09-02T14:15:21.0505852Z   yuv_mips32.c
build	Build Release Win32	2026-09-02T14:15:21.0600174Z   alpha_processing_mips_dsp_r2.c
build	Build Release Win32	2026-09-02T14:15:21.0692281Z   dec_mips_dsp_r2.c
build	Build Release Win32	2026-09-02T14:15:21.0795681Z   filters_mips_dsp_r2.c
build	Build Release Win32	2026-09-02T14:15:21.0898861Z   Generating Code...
build	Build Release Win32	2026-09-02T14:15:21.1263842Z   Compiling...
build	Build Release Win32	2026-09-02T14:15:21.1264192Z   lossless_mips_dsp_r2.c
build	Build Release Win32	2026-09-02T14:15:21.1374551Z   rescaler_mips_dsp_r2.c
build	Build Release Win32	2026-09-02T14:15:21.1467733Z   upsampling_mips_dsp_r2.c
build	Build Release Win32	2026-09-02T14:15:21.1556861Z   yuv_mips_dsp_r2.c
build	Build Release Win32	2026-09-02T14:15:21.1646658Z   Generating Code...
build	Build Release Win32	2026-09-02T14:15:21.2583365Z   webpdspdecode.vcxproj -> D:\a\fictionbook-editor-next\fictionbook-editor-next\build\libwebp\Release\webpdspdecode.dir\Release\webpdspdecode.lib
build	Build Release Win32	2026-09-02T14:15:21.3248530Z   Building Custom Rule D:/a/fictionbook-editor-next/fictionbook-editor-next/third_party/libwebp/CMakeLists.txt
build	Build Release Win32	2026-09-02T14:15:21.4044570Z   alpha_enc.c
build	Build Release Win32	2026-09-02T14:15:21.4595902Z   analysis_enc.c
build	Build Release Win32	2026-09-02T14:15:21.5075137Z   backward_references_cost_enc.c
build	Build Release Win32	2026-09-02T14:15:21.5548070Z   backward_references_enc.c
build	Build Release Win32	2026-09-02T14:15:21.6064567Z   config_enc.c
build	Build Release Win32	2026-09-02T14:15:21.6169996Z   cost_enc.c
build	Build Release Win32	2026-09-02T14:15:21.6626797Z   filter_enc.c
build	Build Release Win32	2026-09-02T14:15:21.7052942Z   frame_enc.c
build	Build Release Win32	2026-09-02T14:15:21.7568598Z   histogram_enc.c
build	Build Release Win32	2026-09-02T14:15:21.8057150Z   iterator_enc.c
build	Build Release Win32	2026-09-02T14:15:21.8476663Z   near_lossless_enc.c
build	Build Release Win32	2026-09-02T14:15:21.8916365Z   picture_enc.c
build	Build Release Win32	2026-09-02T14:15:21.9361632Z   picture_csp_enc.c
build	Build Release Win32	2026-09-02T14:15:21.9857914Z   picture_psnr_enc.c
build	Build Release Win32	2026-09-02T14:15:22.0312735Z   picture_rescale_enc.c
build	Build Release Win32	2026-09-02T14:15:22.0750987Z   picture_tools_enc.c
build	Build Release Win32	2026-09-02T14:15:22.1180467Z   predictor_enc.c
build	Build Release Win32	2026-09-02T14:15:22.1673164Z   quant_enc.c
build	Build Release Win32	2026-09-02T14:15:22.2163929Z   syntax_enc.c
build	Build Release Win32	2026-09-02T14:15:22.2603150Z   token_enc.c
build	Build Release Win32	2026-09-02T14:15:22.3049977Z   Generating Code...
build	Build Release Win32	2026-09-02T14:15:23.8765378Z   Compiling...
build	Build Release Win32	2026-09-02T14:15:23.8765770Z   tree_enc.c
build	Build Release Win32	2026-09-02T14:15:23.9181981Z   vp8l_enc.c
build	Build Release Win32	2026-09-02T14:15:23.9691155Z   webp_enc.c
build	Build Release Win32	2026-09-02T14:15:24.0183409Z   Generating Code...
build	Build Release Win32	2026-09-02T14:15:24.3268246Z   webpencode.vcxproj -> D:\a\fictionbook-editor-next\fictionbook-editor-next\build\libwebp\Release\webpencode.dir\Release\webpencode.lib
build	Build Release Win32	2026-09-02T14:15:24.3929898Z   Building Custom Rule D:/a/fictionbook-editor-next/fictionbook-editor-next/third_party/libwebp/CMakeLists.txt
build	Build Release Win32	2026-09-02T14:15:24.4645308Z   bit_reader_utils.c
build	Build Release Win32	2026-09-02T14:15:24.5148637Z   color_cache_utils.c
build	Build Release Win32	2026-09-02T14:15:24.5583443Z   filters_utils.c
build	Build Release Win32	2026-09-02T14:15:24.5736582Z   huffman_utils.c
build	Build Release Win32	2026-09-02T14:15:24.6163487Z   palette.c
build	Build Release Win32	2026-09-02T14:15:24.6614325Z   quant_levels_dec_utils.c
build	Build Release Win32	2026-09-02T14:15:24.7013580Z   rescaler_utils.c
build	Build Release Win32	2026-09-02T14:15:24.7427353Z   random_utils.c
build	Build Release Win32	2026-09-02T14:15:24.7540737Z   thread_utils.c
build	Build Release Win32	2026-09-02T14:15:24.9954950Z   utils.c
build	Build Release Win32	2026-09-02T14:15:25.0392834Z   bit_writer_utils.c
build	Build Release Win32	2026-09-02T14:15:25.0834457Z   huffman_encode_utils.c
build	Build Release Win32	2026-09-02T14:15:25.1265110Z   quant_levels_utils.c
build	Build Release Win32	2026-09-02T14:15:25.1386869Z   Generating Code...
build	Build Release Win32	2026-09-02T14:15:25.5173905Z   webputils.vcxproj -> D:\a\fictionbook-editor-next\fictionbook-editor-next\build\libwebp\Release\webputils.dir\Release\webputils.lib
build	Build Release Win32	2026-09-02T14:15:25.5817184Z   Building Custom Rule D:/a/fictionbook-editor-next/fictionbook-editor-next/third_party/libwebp/CMakeLists.txt
build	Build Release Win32	2026-09-02T14:15:25.6523594Z   bit_reader_utils.c
build	Build Release Win32	2026-09-02T14:15:25.7024683Z   color_cache_utils.c
build	Build Release Win32	2026-09-02T14:15:25.7443490Z   filters_utils.c
build	Build Release Win32	2026-09-02T14:15:25.7596197Z   huffman_utils.c
build	Build Release Win32	2026-09-02T14:15:25.8017459Z   palette.c
build	Build Release Win32	2026-09-02T14:15:25.8463193Z   quant_levels_dec_utils.c
build	Build Release Win32	2026-09-02T14:15:25.8839865Z   rescaler_utils.c
build	Build Release Win32	2026-09-02T14:15:25.9243291Z   random_utils.c
build	Build Release Win32	2026-09-02T14:15:25.9353273Z   thread_utils.c
build	Build Release Win32	2026-09-02T14:15:26.1514666Z   utils.c
build	Build Release Win32	2026-09-02T14:15:26.1925376Z   Generating Code...
build	Build Release Win32	2026-09-02T14:15:26.4773911Z   webputilsdecode.vcxproj -> D:\a\fictionbook-editor-next\fictionbook-editor-next\build\libwebp\Release\webputilsdecode.dir\Release\webputilsdecode.lib
build	Build Release Win32	2026-09-02T14:15:26.5620986Z   Building Custom Rule D:/a/fictionbook-editor-next/fictionbook-editor-next/third_party/libwebp/CMakeLists.txt
build	Build Release Win32	2026-09-02T14:15:26.6367782Z   sharpyuv_sse2.c
build	Build Release Win32	2026-09-02T14:15:26.6513525Z   sharpyuv_neon.c
build	Build Release Win32	2026-09-02T14:15:26.6600233Z   sharpyuv_cpu.c
build	Build Release Win32	2026-09-02T14:15:26.6948310Z   sharpyuv_csp.c
build	Build Release Win32	2026-09-02T14:15:26.7055854Z   sharpyuv_dsp.c
build	Build Release Win32	2026-09-02T14:15:26.7201854Z   sharpyuv_gamma.c
build	Build Release Win32	2026-09-02T14:15:26.7329999Z   sharpyuv.c
build	Build Release Win32	2026-09-02T14:15:26.7495300Z   Generating Code...
build	Build Release Win32	2026-09-02T14:15:26.9666123Z   sharpyuv.vcxproj -> D:\a\fictionbook-editor-next\fictionbook-editor-next\build\libwebp\Release\Release\libsharpyuv.lib
build	Build Release Win32	2026-09-02T14:15:27.0365236Z   Building Custom Rule D:/a/fictionbook-editor-next/fictionbook-editor-next/third_party/libwebp/CMakeLists.txt
build	Build Release Win32	2026-09-02T14:15:27.1451881Z   webp.vcxproj -> D:\a\fictionbook-editor-next\fictionbook-editor-next\build\libwebp\Release\Release\libwebp.lib
build	Build Release Win32	2026-09-02T14:15:27.1973833Z   Building Custom Rule D:/a/fictionbook-editor-next/fictionbook-editor-next/third_party/libwebp/CMakeLists.txt
build	Build Release Win32	2026-09-02T14:15:27.2710297Z   anim_encode.c
build	Build Release Win32	2026-09-02T14:15:27.3503767Z   muxedit.c
build	Build Release Win32	2026-09-02T14:15:27.4002100Z   muxinternal.c
build	Build Release Win32	2026-09-02T14:15:27.4481447Z   muxread.c
build	Build Release Win32	2026-09-02T14:15:27.4957383Z   Generating Code...
build	Build Release Win32	2026-09-02T14:15:27.7940473Z   libwebpmux.vcxproj -> D:\a\fictionbook-editor-next\fictionbook-editor-next\build\libwebp\Release\Release\libwebpmux.lib
build	Build Release Win32	2026-09-02T14:15:27.8615069Z   Building Custom Rule D:/a/fictionbook-editor-next/fictionbook-editor-next/third_party/libwebp/CMakeLists.txt
build	Build Release Win32	2026-09-02T14:15:27.9547960Z   webpdecoder.vcxproj -> D:\a\fictionbook-editor-next\fictionbook-editor-next\build\libwebp\Release\Release\libwebpdecoder.lib
build	Build Release Win32	2026-09-02T14:15:28.0255630Z   Building Custom Rule D:/a/fictionbook-editor-next/fictionbook-editor-next/third_party/libwebp/CMakeLists.txt
build	Build Release Win32	2026-09-02T14:15:28.0971904Z   anim_decode.c
build	Build Release Win32	2026-09-02T14:15:28.1477845Z   demux.c
build	Build Release Win32	2026-09-02T14:15:28.1949604Z   Generating Code...
build	Build Release Win32	2026-09-02T14:15:28.3696363Z   webpdemux.vcxproj -> D:\a\fictionbook-editor-next\fictionbook-editor-next\build\libwebp\Release\Release\libwebpdemux.lib
build	Build Release Win32	2026-09-02T14:15:28.4190397Z   Building Custom Rule D:/a/fictionbook-editor-next/fictionbook-editor-next/third_party/libwebp/CMakeLists.txt
build	Build Release Win32	2026-09-02T14:15:28.5239616Z   1>
build	Build Release Win32	2026-09-02T14:15:28.5783955Z   -- Install configuration: "Release"
build	Build Release Win32	2026-09-02T14:15:28.5787688Z   -- Installing: D:/a/fictionbook-editor-next/fictionbook-editor-next/build/libwebp/install/Release/lib/pkgconfig/libsharpyuv.pc
build	Build Release Win32	2026-09-02T14:15:28.5795102Z   -- Installing: D:/a/fictionbook-editor-next/fictionbook-editor-next/build/libwebp/install/Release/lib/libsharpyuv.lib
build	Build Release Win32	2026-09-02T14:15:28.5803847Z   -- Installing: D:/a/fictionbook-editor-next/fictionbook-editor-next/build/libwebp/install/Release/include/webp/sharpyuv/sharpyuv.h
build	Build Release Win32	2026-09-02T14:15:28.5808655Z   -- Installing: D:/a/fictionbook-editor-next/fictionbook-editor-next/build/libwebp/install/Release/include/webp/sharpyuv/sharpyuv_csp.h
build	Build Release Win32	2026-09-02T14:15:28.5814874Z   -- Installing: D:/a/fictionbook-editor-next/fictionbook-editor-next/build/libwebp/install/Release/lib/pkgconfig/libwebpdecoder.pc
build	Build Release Win32	2026-09-02T14:15:28.5819539Z   -- Installing: D:/a/fictionbook-editor-next/fictionbook-editor-next/build/libwebp/install/Release/lib/pkgconfig/libwebp.pc
build	Build Release Win32	2026-09-02T14:15:28.5824632Z   -- Installing: D:/a/fictionbook-editor-next/fictionbook-editor-next/build/libwebp/install/Release/lib/pkgconfig/libwebpdemux.pc
build	Build Release Win32	2026-09-02T14:15:28.5829599Z   -- Installing: D:/a/fictionbook-editor-next/fictionbook-editor-next/build/libwebp/install/Release/lib/pkgconfig/libwebpmux.pc
build	Build Release Win32	2026-09-02T14:15:28.5834860Z   -- Installing: D:/a/fictionbook-editor-next/fictionbook-editor-next/build/libwebp/install/Release/lib/libwebpdecoder.lib
build	Build Release Win32	2026-09-02T14:15:28.5847862Z   -- Installing: D:/a/fictionbook-editor-next/fictionbook-editor-next/build/libwebp/install/Release/include/webp/decode.h
build	Build Release Win32	2026-09-02T14:15:28.5853025Z   -- Installing: D:/a/fictionbook-editor-next/fictionbook-editor-next/build/libwebp/install/Release/include/webp/types.h
build	Build Release Win32	2026-09-02T14:15:28.5858442Z   -- Installing: D:/a/fictionbook-editor-next/fictionbook-editor-next/build/libwebp/install/Release/lib/libwebp.lib
build	Build Release Win32	2026-09-02T14:15:28.5872529Z   -- Up-to-date: D:/a/fictionbook-editor-next/fictionbook-editor-next/build/libwebp/install/Release/include/webp/decode.h
build	Build Release Win32	2026-09-02T14:15:28.5874068Z   -- Installing: D:/a/fictionbook-editor-next/fictionbook-editor-next/build/libwebp/install/Release/include/webp/encode.h
build	Build Release Win32	2026-09-02T14:15:28.5879088Z   -- Up-to-date: D:/a/fictionbook-editor-next/fictionbook-editor-next/build/libwebp/install/Release/include/webp/types.h
build	Build Release Win32	2026-09-02T14:15:28.5881329Z   -- Installing: D:/a/fictionbook-editor-next/fictionbook-editor-next/build/libwebp/install/Release/lib/libwebpdemux.lib
build	Build Release Win32	2026-09-02T14:15:28.5887227Z   -- Up-to-date: D:/a/fictionbook-editor-next/fictionbook-editor-next/build/libwebp/install/Release/include/webp/decode.h
build	Build Release Win32	2026-09-02T14:15:28.5888582Z   -- Installing: D:/a/fictionbook-editor-next/fictionbook-editor-next/build/libwebp/install/Release/include/webp/demux.h
build	Build Release Win32	2026-09-02T14:15:28.5893457Z   -- Installing: D:/a/fictionbook-editor-next/fictionbook-editor-next/build/libwebp/install/Release/include/webp/mux_types.h
build	Build Release Win32	2026-09-02T14:15:28.5898408Z   -- Up-to-date: D:/a/fictionbook-editor-next/fictionbook-editor-next/build/libwebp/install/Release/include/webp/types.h
build	Build Release Win32	2026-09-02T14:15:28.5900731Z   -- Installing: D:/a/fictionbook-editor-next/fictionbook-editor-next/build/libwebp/install/Release/lib/libwebpmux.lib
build	Build Release Win32	2026-09-02T14:15:28.5907448Z   -- Installing: D:/a/fictionbook-editor-next/fictionbook-editor-next/build/libwebp/install/Release/include/webp/mux.h
build	Build Release Win32	2026-09-02T14:15:28.5917343Z   -- Up-to-date: D:/a/fictionbook-editor-next/fictionbook-editor-next/build/libwebp/install/Release/include/webp/mux_types.h
build	Build Release Win32	2026-09-02T14:15:28.5918605Z   -- Up-to-date: D:/a/fictionbook-editor-next/fictionbook-editor-next/build/libwebp/install/Release/include/webp/types.h
build	Build Release Win32	2026-09-02T14:15:28.5923462Z   -- Installing: D:/a/fictionbook-editor-next/fictionbook-editor-next/build/libwebp/install/Release/share/WebP/cmake/WebPTargets.cmake
build	Build Release Win32	2026-09-02T14:15:28.5929120Z   -- Installing: D:/a/fictionbook-editor-next/fictionbook-editor-next/build/libwebp/install/Release/share/WebP/cmake/WebPTargets-release.cmake
build	Build Release Win32	2026-09-02T14:15:28.5934100Z   -- Installing: D:/a/fictionbook-editor-next/fictionbook-editor-next/build/libwebp/install/Release/share/WebP/cmake/WebPConfigVersion.cmake
build	Build Release Win32	2026-09-02T14:15:28.5938267Z   -- Installing: D:/a/fictionbook-editor-next/fictionbook-editor-next/build/libwebp/install/Release/share/WebP/cmake/WebPConfig.cmake
build	Build Release Win32	2026-09-02T14:15:28.7147943Z -- Selecting Windows SDK version 10.0.26100.0 to target Windows 10.0.20348.
build	Build Release Win32	2026-09-02T14:15:29.7976165Z -- The C compiler identification is MSVC 19.44.35228.0
build	Build Release Win32	2026-09-02T14:15:29.8254841Z -- Detecting C compiler ABI info
build	Build Release Win32	2026-09-02T14:15:30.6043113Z -- Detecting C compiler ABI info - done
build	Build Release Win32	2026-09-02T14:15:30.6491088Z -- Check for working C compiler: C:/Program Files/Microsoft Visual Studio/2022/Enterprise/VC/Tools/MSVC/14.44.35207/bin/Hostx64/x86/cl.exe - skipped
build	Build Release Win32	2026-09-02T14:15:30.6496267Z -- Detecting C compile features
build	Build Release Win32	2026-09-02T14:15:30.6504336Z -- Detecting C compile features - done
build	Build Release Win32	2026-09-02T14:15:30.6658874Z -- Looking for string.h
build	Build Release Win32	2026-09-02T14:15:31.4220741Z -- Looking for string.h - found
build	Build Release Win32	2026-09-02T14:15:31.4222823Z -- Looking for memory.h
build	Build Release Win32	2026-09-02T14:15:32.1796148Z -- Looking for memory.h - found
build	Build Release Win32	2026-09-02T14:15:32.1797909Z -- Looking for stdlib.h
build	Build Release Win32	2026-09-02T14:15:32.9351557Z -- Looking for stdlib.h - found
build	Build Release Win32	2026-09-02T14:15:32.9353486Z -- Looking for stdio.h
build	Build Release Win32	2026-09-02T14:15:33.7030508Z -- Looking for stdio.h - found
build	Build Release Win32	2026-09-02T14:15:33.7032353Z -- Looking for math.h
build	Build Release Win32	2026-09-02T14:15:34.4636881Z -- Looking for math.h - found
build	Build Release Win32	2026-09-02T14:15:34.4638539Z -- Looking for float.h
build	Build Release Win32	2026-09-02T14:15:35.2248994Z -- Looking for float.h - found
build	Build Release Win32	2026-09-02T14:15:35.2250752Z -- Looking for time.h
build	Build Release Win32	2026-09-02T14:15:35.9718796Z -- Looking for time.h - found
build	Build Release Win32	2026-09-02T14:15:35.9720470Z -- Looking for stdarg.h
build	Build Release Win32	2026-09-02T14:15:36.7144511Z -- Looking for stdarg.h - found
build	Build Release Win32	2026-09-02T14:15:36.7146464Z -- Looking for ctype.h
build	Build Release Win32	2026-09-02T14:15:37.4599039Z -- Looking for ctype.h - found
build	Build Release Win32	2026-09-02T14:15:37.4601088Z -- Looking for assert.h
build	Build Release Win32	2026-09-02T14:15:38.2133056Z -- Looking for assert.h - found
build	Build Release Win32	2026-09-02T14:15:38.2134993Z -- Looking for stdint.h
build	Build Release Win32	2026-09-02T14:15:38.9681419Z -- Looking for stdint.h - found
build	Build Release Win32	2026-09-02T14:15:38.9683260Z -- Looking for inttypes.h
build	Build Release Win32	2026-09-02T14:15:39.7573034Z -- Looking for inttypes.h - found
build	Build Release Win32	2026-09-02T14:15:39.7580490Z -- Looking for strings.h
build	Build Release Win32	2026-09-02T14:15:40.2805346Z -- Looking for strings.h - not found
build	Build Release Win32	2026-09-02T14:15:40.2807110Z -- Looking for sys/stat.h
build	Build Release Win32	2026-09-02T14:15:41.0678023Z -- Looking for sys/stat.h - found
build	Build Release Win32	2026-09-02T14:15:41.0679891Z -- Looking for sys/types.h
build	Build Release Win32	2026-09-02T14:15:41.8244160Z -- Looking for sys/types.h - found
build	Build Release Win32	2026-09-02T14:15:41.8246423Z -- Looking for unistd.h
build	Build Release Win32	2026-09-02T14:15:42.3479186Z -- Looking for unistd.h - not found
build	Build Release Win32	2026-09-02T14:15:42.3483053Z -- Checking for 64-bit off_t
build	Build Release Win32	2026-09-02T14:15:44.3647543Z -- Checking for 64-bit off_t - not present
build	Build Release Win32	2026-09-02T14:15:44.3655571Z -- Checking for fseeko/ftello
build	Build Release Win32	2026-09-02T14:15:45.3801424Z -- Checking for fseeko/ftello - not found
build	Build Release Win32	2026-09-02T14:15:45.3801911Z -- Large File support - not found
build	Build Release Win32	2026-09-02T14:15:45.3808124Z -- Looking for include file malloc.h
build	Build Release Win32	2026-09-02T14:15:46.1457320Z -- Looking for include file malloc.h - found
build	Build Release Win32	2026-09-02T14:15:46.1469847Z -- Looking for _aligned_malloc
build	Build Release Win32	2026-09-02T14:15:46.9139190Z -- Looking for _aligned_malloc - found
build	Build Release Win32	2026-09-02T14:15:46.9142121Z -- Looking for posix_memalign
build	Build Release Win32	2026-09-02T14:15:47.4136062Z -- Looking for posix_memalign - not found
build	Build Release Win32	2026-09-02T14:15:47.4138975Z -- Looking for memalign
build	Build Release Win32	2026-09-02T14:15:47.9081824Z -- Looking for memalign - not found
build	Build Release Win32	2026-09-02T14:15:49.8427906Z -- Configuring done (21.1s)
build	Build Release Win32	2026-09-02T14:15:49.8934259Z -- Generating done (0.0s)
build	Build Release Win32	2026-09-02T14:15:49.8939665Z CMake Warning:
build	Build Release Win32	2026-09-02T14:15:49.8940187Z   Manually-specified variables were not used by the project:
build	Build Release Win32	2026-09-02T14:15:49.8940628Z 
build	Build Release Win32	2026-09-02T14:15:49.8940745Z     BUILD_MJ2
build	Build Release Win32	2026-09-02T14:15:49.8940926Z 
build	Build Release Win32	2026-09-02T14:15:49.8940932Z 
build	Build Release Win32	2026-09-02T14:15:49.8951294Z -- Build files have been written to: D:/a/fictionbook-editor-next/fictionbook-editor-next/build/openjpeg/Release
build	Build Release Win32	2026-09-02T14:15:50.0076238Z MSBuild version 17.14.51+25f168cee for .NET Framework
build	Build Release Win32	2026-09-02T14:15:50.0383054Z 
build	Build Release Win32	2026-09-02T14:15:50.3117738Z   1>Checking Build System
build	Build Release Win32	2026-09-02T14:15:50.4728780Z   Building Custom Rule D:/a/fictionbook-editor-next/fictionbook-editor-next/third_party/openjpeg/src/lib/openjp2/CMakeLists.txt
build	Build Release Win32	2026-09-02T14:15:50.6068476Z   thread.c
build	Build Release Win32	2026-09-02T14:15:50.8413610Z   bio.c
build	Build Release Win32	2026-09-02T14:15:50.8991840Z   cio.c
build	Build Release Win32	2026-09-02T14:15:50.9569831Z   dwt.c
build	Build Release Win32	2026-09-02T14:15:51.0209970Z   event.c
build	Build Release Win32	2026-09-02T14:15:51.0766563Z   ht_dec.c
build	Build Release Win32	2026-09-02T14:15:51.1389305Z   image.c
build	Build Release Win32	2026-09-02T14:15:51.1962848Z   invert.c
build	Build Release Win32	2026-09-02T14:15:51.2529812Z   j2k.c
build	Build Release Win32	2026-09-02T14:15:51.3314196Z   jp2.c
build	Build Release Win32	2026-09-02T14:15:51.3927393Z   mct.c
build	Build Release Win32	2026-09-02T14:15:51.4503020Z   mqc.c
build	Build Release Win32	2026-09-02T14:15:51.5081986Z   openjpeg.c
build	Build Release Win32	2026-09-02T14:15:51.7363532Z   opj_clock.c
build	Build Release Win32	2026-09-02T14:15:51.9539559Z   pi.c
build	Build Release Win32	2026-09-02T14:15:52.0155125Z   t1.c
build	Build Release Win32	2026-09-02T14:15:52.1035696Z   t2.c
build	Build Release Win32	2026-09-02T14:15:52.1634014Z   tcd.c
build	Build Release Win32	2026-09-02T14:15:52.2271923Z   tgt.c
build	Build Release Win32	2026-09-02T14:15:52.2866169Z   function_list.c
build	Build Release Win32	2026-09-02T14:15:52.3410835Z   Generating Code...
build	Build Release Win32	2026-09-02T14:15:56.1245644Z   Compiling...
build	Build Release Win32	2026-09-02T14:15:56.1246077Z   opj_malloc.c
build	Build Release Win32	2026-09-02T14:15:56.1841656Z   sparse_array.c
build	Build Release Win32	2026-09-02T14:15:56.2436754Z   Generating Code...
build	Build Release Win32	2026-09-02T14:15:56.4196380Z   openjp2.vcxproj -> D:\a\fictionbook-editor-next\fictionbook-editor-next\build\openjpeg\Release\bin\Release\openjp2.lib
build	Build Release Win32	2026-09-02T14:15:56.4677724Z   Building Custom Rule D:/a/fictionbook-editor-next/fictionbook-editor-next/third_party/openjpeg/CMakeLists.txt
build	Build Release Win32	2026-09-02T14:15:56.5649431Z   1>
build	Build Release Win32	2026-09-02T14:15:56.6191406Z   -- Install configuration: "Release"
build	Build Release Win32	2026-09-02T14:15:56.6201533Z   -- Installing: D:/a/fictionbook-editor-next/fictionbook-editor-next/build/openjpeg/install/Release/include/openjpeg-2.5/opj_config.h
build	Build Release Win32	2026-09-02T14:15:56.6208604Z   -- Installing: D:/a/fictionbook-editor-next/fictionbook-editor-next/build/openjpeg/install/Release/lib/openjp2.lib
build	Build Release Win32	2026-09-02T14:15:56.6224351Z   -- Installing: D:/a/fictionbook-editor-next/fictionbook-editor-next/build/openjpeg/install/Release/include/openjpeg-2.5/openjpeg.h
build	Build Release Win32	2026-09-02T14:15:56.6236791Z   -- Installing: D:/a/fictionbook-editor-next/fictionbook-editor-next/build/openjpeg/install/Release/lib/cmake/openjpeg-2.5/OpenJPEGTargets.cmake
build	Build Release Win32	2026-09-02T14:15:56.6242651Z   -- Installing: D:/a/fictionbook-editor-next/fictionbook-editor-next/build/openjpeg/install/Release/lib/cmake/openjpeg-2.5/OpenJPEGTargets-release.cmake
build	Build Release Win32	2026-09-02T14:15:56.6248651Z   -- Installing: D:/a/fictionbook-editor-next/fictionbook-editor-next/build/openjpeg/install/Release/lib/cmake/openjpeg-2.5/OpenJPEGConfig.cmake
build	Build Release Win32	2026-09-02T14:15:56.6252978Z   -- Installing: D:/a/fictionbook-editor-next/fictionbook-editor-next/build/openjpeg/install/Release/lib/cmake/openjpeg-2.5/OpenJPEGConfigVersion.cmake
build	Build Release Win32	2026-09-02T14:15:56.6259248Z   -- Installing: D:/a/fictionbook-editor-next/fictionbook-editor-next/build/openjpeg/install/Release/lib/pkgconfig/libopenjp2.pc
build	Build Release Win32	2026-09-02T14:15:56.7485597Z -- Selecting Windows SDK version 10.0.26100.0 to target Windows 6.1.
build	Build Release Win32	2026-09-02T14:15:57.8483704Z -- The C compiler identification is MSVC 19.44.35228.0
build	Build Release Win32	2026-09-02T14:15:59.2455233Z -- The CXX compiler identification is MSVC 19.44.35228.0
build	Build Release Win32	2026-09-02T14:15:59.2641320Z -- Detecting C compiler ABI info
build	Build Release Win32	2026-09-02T14:16:00.0294913Z -- Detecting C compiler ABI info - done
build	Build Release Win32	2026-09-02T14:16:00.0756562Z -- Check for working C compiler: C:/Program Files/Microsoft Visual Studio/2022/Enterprise/VC/Tools/MSVC/14.44.35207/bin/Hostx64/x86/cl.exe - skipped
build	Build Release Win32	2026-09-02T14:16:00.0761880Z -- Detecting C compile features
build	Build Release Win32	2026-09-02T14:16:00.0770152Z -- Detecting C compile features - done
build	Build Release Win32	2026-09-02T14:16:00.0938296Z -- Detecting CXX compiler ABI info
build	Build Release Win32	2026-09-02T14:16:00.8666316Z -- Detecting CXX compiler ABI info - done
build	Build Release Win32	2026-09-02T14:16:00.9131218Z -- Check for working CXX compiler: C:/Program Files/Microsoft Visual Studio/2022/Enterprise/VC/Tools/MSVC/14.44.35207/bin/Hostx64/x86/cl.exe - skipped
build	Build Release Win32	2026-09-02T14:16:00.9135877Z -- Detecting CXX compile features
build	Build Release Win32	2026-09-02T14:16:00.9146586Z -- Detecting CXX compile features - done
build	Build Release Win32	2026-09-02T14:16:00.9301484Z -- Looking for malloc.h
build	Build Release Win32	2026-09-02T14:16:01.6784022Z -- Looking for malloc.h - found
build	Build Release Win32	2026-09-02T14:16:01.6784525Z -- Looking for posix_memalign
build	Build Release Win32	2026-09-02T14:16:02.3544654Z -- Looking for posix_memalign - not found
build	Build Release Win32	2026-09-02T14:16:02.3548855Z -- Performing Test HAVE_X86
build	Build Release Win32	2026-09-02T14:16:03.1284629Z -- Performing Test HAVE_X86 - Success
build	Build Release Win32	2026-09-02T14:16:03.1286592Z -- Performing Test HAVE_ARM32
build	Build Release Win32	2026-09-02T14:16:03.6144991Z -- Performing Test HAVE_ARM32 - Failed
build	Build Release Win32	2026-09-02T14:16:03.6146396Z -- Performing Test HAVE_ARM64
build	Build Release Win32	2026-09-02T14:16:04.1030784Z -- Performing Test HAVE_ARM64 - Failed
build	Build Release Win32	2026-09-02T14:16:04.1055588Z -- Performing Test CMAKE_HAVE_LIBC_PTHREAD
build	Build Release Win32	2026-09-02T14:16:04.6124525Z -- Performing Test CMAKE_HAVE_LIBC_PTHREAD - Failed
build	Build Release Win32	2026-09-02T14:16:04.6126113Z -- Looking for pthread_create in pthreads
build	Build Release Win32	2026-09-02T14:16:05.2030840Z -- Looking for pthread_create in pthreads - not found
build	Build Release Win32	2026-09-02T14:16:05.2031426Z -- Looking for pthread_create in pthread
build	Build Release Win32	2026-09-02T14:16:05.7715751Z -- Looking for pthread_create in pthread - not found
build	Build Release Win32	2026-09-02T14:16:05.7729790Z -- Found Threads: TRUE
build	Build Release Win32	2026-09-02T14:16:05.7746738Z -- Looking for _LIBCPP_VERSION
build	Build Release Win32	2026-09-02T14:16:06.4572451Z -- Looking for _LIBCPP_VERSION - not found
build	Build Release Win32	2026-09-02T14:16:06.4628570Z -- Configuring done (9.7s)
build	Build Release Win32	2026-09-02T14:16:06.5284877Z CMake Warning:
build	Build Release Win32	2026-09-02T14:16:06.5285281Z -- Generating done (0.1s)
build	Build Release Win32	2026-09-02T14:16:06.5285774Z   Manually-specified variables were not used by the project:
build	Build Release Win32	2026-09-02T14:16:06.5286052Z 
build	Build Release Win32	2026-09-02T14:16:06.5286148Z     CMAKE_POLICY_VERSION_MINIMUM
build	Build Release Win32	2026-09-02T14:16:06.5286324Z 
build	Build Release Win32	2026-09-02T14:16:06.5286328Z 
build	Build Release Win32	2026-09-02T14:16:06.5295479Z -- Build files have been written to: D:/a/fictionbook-editor-next/fictionbook-editor-next/build/libde265/Release-v143
build	Build Release Win32	2026-09-02T14:16:06.6391506Z MSBuild version 17.14.51+25f168cee for .NET Framework
build	Build Release Win32	2026-09-02T14:16:06.6686934Z 
build	Build Release Win32	2026-09-02T14:16:06.9371024Z   1>Checking Build System
build	Build Release Win32	2026-09-02T14:16:07.0977424Z   Building Custom Rule D:/a/fictionbook-editor-next/fictionbook-editor-next/third_party/libde265/libde265/x86/CMakeLists.txt
build	Build Release Win32	2026-09-02T14:16:07.2217270Z   sse.cc
build	Build Release Win32	2026-09-02T14:16:07.4285949Z   x86.vcxproj -> D:\a\fictionbook-editor-next\fictionbook-editor-next\build\libde265\Release-v143\libde265\x86\x86.dir\Release\x86.lib
build	Build Release Win32	2026-09-02T14:16:07.4966998Z   Building Custom Rule D:/a/fictionbook-editor-next/fictionbook-editor-next/third_party/libde265/libde265/x86/CMakeLists.txt
build	Build Release Win32	2026-09-02T14:16:07.5638799Z   sse-motion.cc
build	Build Release Win32	2026-09-02T14:16:08.3342097Z   sse-dct.cc
build	Build Release Win32	2026-09-02T14:16:08.6727627Z   sse-intrapred.cc
build	Build Release Win32	2026-09-02T14:16:08.9462570Z   sse-deblk.cc
build	Build Release Win32	2026-09-02T14:16:08.9778994Z   Generating Code...
build	Build Release Win32	2026-09-02T14:16:38.1404040Z   x86_sse.vcxproj -> D:\a\fictionbook-editor-next\fictionbook-editor-next\build\libde265\Release-v143\libde265\x86\x86_sse.dir\Release\x86_sse.lib
build	Build Release Win32	2026-09-02T14:16:38.2099142Z   Building Custom Rule D:/a/fictionbook-editor-next/fictionbook-editor-next/third_party/libde265/libde265/CMakeLists.txt
build	Build Release Win32	2026-09-02T14:16:38.2931603Z   alloc_pool.cc
build	Build Release Win32	2026-09-02T14:16:38.6649701Z   bitstream.cc
build	Build Release Win32	2026-09-02T14:16:38.6954121Z   cabac.cc
build	Build Release Win32	2026-09-02T14:16:38.9715030Z   contextmodel.cc
build	Build Release Win32	2026-09-02T14:16:39.9058395Z   de265.cc
build	Build Release Win32	2026-09-02T14:16:40.6766870Z   deblock.cc
build	Build Release Win32	2026-09-02T14:16:41.4496133Z   decctx.cc
build	Build Release Win32	2026-09-02T14:16:42.3707411Z   dpb.cc
build	Build Release Win32	2026-09-02T14:16:43.1389342Z   fallback-dct.cc
build	Build Release Win32	2026-09-02T14:16:43.4495386Z   fallback-deblk.cc
build	Build Release Win32	2026-09-02T14:16:43.7396837Z   fallback-intrapred.cc
build	Build Release Win32	2026-09-02T14:16:44.5019979Z   fallback-motion.cc
build	Build Release Win32	2026-09-02T14:16:44.7779864Z   fallback.cc
build	Build Release Win32	2026-09-02T14:16:45.0530667Z   image-io.cc
build	Build Release Win32	2026-09-02T14:16:45.7654271Z   image.cc
build	Build Release Win32	2026-09-02T14:16:46.5363079Z   intrapred.cc
build	Build Release Win32	2026-09-02T14:16:47.3021399Z   md5.cc
build	Build Release Win32	2026-09-02T14:16:47.3256476Z   motion.cc
build	Build Release Win32	2026-09-02T14:16:48.1122420Z   nal-parser.cc
build	Build Release Win32	2026-09-02T14:16:48.4641093Z   nal.cc
build	Build Release Win32	2026-09-02T14:16:48.7378367Z   Generating Code...
build	Build Release Win32	2026-09-02T14:16:50.9237349Z   Compiling...
build	Build Release Win32	2026-09-02T14:16:50.9237696Z   pps.cc
build	Build Release Win32	2026-09-02T14:16:51.7474338Z   quality.cc
build	Build Release Win32	2026-09-02T14:16:52.4651342Z   refpic.cc
build	Build Release Win32	2026-09-02T14:16:53.2337062Z   sao.cc
build	Build Release Win32	2026-09-02T14:16:54.0117686Z   scan.cc
build	Build Release Win32	2026-09-02T14:16:54.0276325Z   sei.cc
build	Build Release Win32	2026-09-02T14:16:54.8052763Z   slice.cc
build	Build Release Win32	2026-09-02T14:16:55.6175412Z   sps.cc
build	Build Release Win32	2026-09-02T14:16:56.3943014Z   threads.cc
build	Build Release Win32	2026-09-02T14:16:57.2033114Z   transform.cc
build	Build Release Win32	2026-09-02T14:16:57.9783124Z   util.cc
build	Build Release Win32	2026-09-02T14:16:58.2499886Z   visualize.cc
build	Build Release Win32	2026-09-02T14:16:59.0175234Z   vps.cc
build	Build Release Win32	2026-09-02T14:16:59.8051364Z   vui.cc
build	Build Release Win32	2026-09-02T14:17:00.5951563Z   Generating Code...
build	Build Release Win32	2026-09-02T14:17:02.2110440Z   win32cond.c
build	Build Release Win32	2026-09-02T14:17:02.5182768Z   de265.vcxproj -> D:\a\fictionbook-editor-next\fictionbook-editor-next\build\libde265\Release-v143\libde265\Release\libde265.lib
build	Build Release Win32	2026-09-02T14:17:02.5860147Z   Building Custom Rule D:/a/fictionbook-editor-next/fictionbook-editor-next/third_party/libde265/dec265/CMakeLists.txt
build	Build Release Win32	2026-09-02T14:17:02.6627009Z   dec265.cc
build	Build Release Win32	2026-09-02T14:17:03.7886539Z   getopt.c
build	Build Release Win32	2026-09-02T14:17:03.8137414Z   getopt_long.c
build	Build Release Win32	2026-09-02T14:17:03.8455697Z   Generating Code...
build	Build Release Win32	2026-09-02T14:17:03.8658640Z D:\a\fictionbook-editor-next\fictionbook-editor-next\third_party\libde265\extra\getopt_long.c(76,36): warning C4028: formal parameter 2 different from declaration [D:\a\fictionbook-editor-next\fictionbook-editor-next\build\libde265\Release-v143\dec265\dec265.vcxproj]
build	Build Release Win32	2026-09-02T14:17:06.6692527Z   dec265.vcxproj -> D:\a\fictionbook-editor-next\fictionbook-editor-next\build\libde265\Release-v143\dec265\Release\dec265.exe
build	Build Release Win32	2026-09-02T14:17:06.7145273Z   Building Custom Rule D:/a/fictionbook-editor-next/fictionbook-editor-next/third_party/libde265/CMakeLists.txt
build	Build Release Win32	2026-09-02T14:17:06.8115034Z   1>
build	Build Release Win32	2026-09-02T14:17:06.8642114Z   -- Install configuration: "Release"
build	Build Release Win32	2026-09-02T14:17:06.8650323Z   -- Installing: D:/a/fictionbook-editor-next/fictionbook-editor-next/build/libde265/install/Release/lib/libde265.lib
build	Build Release Win32	2026-09-02T14:17:06.8674654Z   -- Installing: D:/a/fictionbook-editor-next/fictionbook-editor-next/build/libde265/install/Release/include/libde265/de265.h
build	Build Release Win32	2026-09-02T14:17:06.8683529Z   -- Installing: D:/a/fictionbook-editor-next/fictionbook-editor-next/build/libde265/install/Release/include/libde265/de265-version.h
build	Build Release Win32	2026-09-02T14:17:06.8690354Z   -- Installing: D:/a/fictionbook-editor-next/fictionbook-editor-next/build/libde265/install/Release/lib/cmake/libde265/libde265-config.cmake
build	Build Release Win32	2026-09-02T14:17:06.8698318Z   -- Installing: D:/a/fictionbook-editor-next/fictionbook-editor-next/build/libde265/install/Release/lib/cmake/libde265/libde265-config-release.cmake
build	Build Release Win32	2026-09-02T14:17:06.8703639Z   -- Installing: D:/a/fictionbook-editor-next/fictionbook-editor-next/build/libde265/install/Release/lib/cmake/libde265/libde265-config-version.cmake
build	Build Release Win32	2026-09-02T14:17:06.8710618Z   -- Installing: D:/a/fictionbook-editor-next/fictionbook-editor-next/build/libde265/install/Release/lib/pkgconfig/libde265.pc
build	Build Release Win32	2026-09-02T14:17:06.8720042Z   -- Installing: D:/a/fictionbook-editor-next/fictionbook-editor-next/build/libde265/install/Release/bin/dec265.exe
build	Build Release Win32	2026-09-02T14:17:06.9895900Z -- Selecting Windows SDK version 10.0.26100.0 to target Windows 6.1.
build	Build Release Win32	2026-09-02T14:17:08.0588860Z -- The C compiler identification is MSVC 19.44.35228.0
build	Build Release Win32	2026-09-02T14:17:08.7866496Z -- The CXX compiler identification is MSVC 19.44.35228.0
build	Build Release Win32	2026-09-02T14:17:08.8059611Z -- Detecting C compiler ABI info
build	Build Release Win32	2026-09-02T14:17:09.6172482Z -- Detecting C compiler ABI info - done
build	Build Release Win32	2026-09-02T14:17:09.6630368Z -- Check for working C compiler: C:/Program Files/Microsoft Visual Studio/2022/Enterprise/VC/Tools/MSVC/14.44.35207/bin/Hostx64/x86/cl.exe - skipped
build	Build Release Win32	2026-09-02T14:17:09.6635906Z -- Detecting C compile features
build	Build Release Win32	2026-09-02T14:17:09.6644666Z -- Detecting C compile features - done
build	Build Release Win32	2026-09-02T14:17:09.6743405Z -- Detecting CXX compiler ABI info
build	Build Release Win32	2026-09-02T14:17:10.4907379Z -- Detecting CXX compiler ABI info - done
build	Build Release Win32	2026-09-02T14:17:10.5358462Z -- Check for working CXX compiler: C:/Program Files/Microsoft Visual Studio/2022/Enterprise/VC/Tools/MSVC/14.44.35207/bin/Hostx64/x86/cl.exe - skipped
build	Build Release Win32	2026-09-02T14:17:10.5363348Z -- Detecting CXX compile features
build	Build Release Win32	2026-09-02T14:17:10.5374347Z -- Detecting CXX compile features - done
build	Build Release Win32	2026-09-02T14:17:10.5427145Z -- Performing Test CMAKE_HAVE_LIBC_PTHREAD
build	Build Release Win32	2026-09-02T14:17:11.0453409Z -- Performing Test CMAKE_HAVE_LIBC_PTHREAD - Failed
build	Build Release Win32	2026-09-02T14:17:11.0454018Z -- Looking for pthread_create in pthreads
build	Build Release Win32	2026-09-02T14:17:11.6348246Z -- Looking for pthread_create in pthreads - not found
build	Build Release Win32	2026-09-02T14:17:11.6348825Z -- Looking for pthread_create in pthread
build	Build Release Win32	2026-09-02T14:17:12.2310662Z -- Looking for pthread_create in pthread - not found
build	Build Release Win32	2026-09-02T14:17:12.2325353Z -- Found Threads: TRUE
build	Build Release Win32	2026-09-02T14:17:12.2463343Z --- aom_configure: Detected CPU: generic
build	Build Release Win32	2026-09-02T14:17:12.2464268Z Running C compiler test: pie_check
build	Build Release Win32	2026-09-02T14:17:12.2466056Z -- Performing Test C_TEST_COMPILED
build	Build Release Win32	2026-09-02T14:17:12.7325404Z -- Performing Test C_TEST_COMPILED - Failed
build	Build Release Win32	2026-09-02T14:17:12.7325844Z C Compiler test pie_check failed.
build	Build Release Win32	2026-09-02T14:17:12.7328027Z Checking C compiler flag support for: -D_WIN32_WINNT=0x0601
build	Build Release Win32	2026-09-02T14:17:12.7342912Z -- Performing Test C_FLAG_SUPPORTED
build	Build Release Win32	2026-09-02T14:17:13.4777609Z -- Performing Test C_FLAG_SUPPORTED - Success
build	Build Release Win32	2026-09-02T14:17:13.4783634Z Checking C++ compiler flag support for: -D_WIN32_WINNT=0x0601
build	Build Release Win32	2026-09-02T14:17:13.4797548Z -- Performing Test CXX_FLAG_SUPPORTED
build	Build Release Win32	2026-09-02T14:17:14.2424775Z -- Performing Test CXX_FLAG_SUPPORTED - Success
build	Build Release Win32	2026-09-02T14:17:14.2431151Z Checking C compiler flag support for: -D_CRT_SECURE_NO_WARNINGS
build	Build Release Win32	2026-09-02T14:17:14.2445450Z -- Performing Test C_FLAG_SUPPORTED
build	Build Release Win32	2026-09-02T14:17:14.9796704Z -- Performing Test C_FLAG_SUPPORTED - Success
build	Build Release Win32	2026-09-02T14:17:14.9802695Z Checking C++ compiler flag support for: -D_CRT_SECURE_NO_WARNINGS
build	Build Release Win32	2026-09-02T14:17:14.9817481Z -- Performing Test CXX_FLAG_SUPPORTED
build	Build Release Win32	2026-09-02T14:17:15.7507321Z -- Performing Test CXX_FLAG_SUPPORTED - Success
build	Build Release Win32	2026-09-02T14:17:15.7513440Z Running C compiler test: unistd_check
build	Build Release Win32	2026-09-02T14:17:15.7515103Z -- Performing Test C_TEST_COMPILED
build	Build Release Win32	2026-09-02T14:17:16.2435679Z C Compiler test unistd_check failed.
build	Build Release Win32	2026-09-02T14:17:16.2436361Z -- Performing Test C_TEST_COMPILED - Failed
build	Build Release Win32	2026-09-02T14:17:16.2436879Z Running CXX compiler test: unistd_check
build	Build Release Win32	2026-09-02T14:17:16.2438807Z -- Performing Test CXX_TEST_COMPILED
build	Build Release Win32	2026-09-02T14:17:16.7857522Z -- Performing Test CXX_TEST_COMPILED - Failed
build	Build Release Win32	2026-09-02T14:17:16.7858147Z CXX Compiler test unistd_check failed.
build	Build Release Win32	2026-09-02T14:17:16.7865439Z Checking C compiler flag support for: /std:c11
build	Build Release Win32	2026-09-02T14:17:16.7880496Z -- Performing Test HAVE_C_FLAG
build	Build Release Win32	2026-09-02T14:17:17.5278566Z -- Performing Test HAVE_C_FLAG - Success
build	Build Release Win32	2026-09-02T14:17:17.5283631Z Checking C++ compiler flag support for: /std:c++17
build	Build Release Win32	2026-09-02T14:17:17.5297610Z -- Performing Test CXX_FLAG_SUPPORTED
build	Build Release Win32	2026-09-02T14:17:18.3089333Z -- Performing Test CXX_FLAG_SUPPORTED - Success
build	Build Release Win32	2026-09-02T14:17:18.3095377Z Checking C compiler flag support for: /W3
build	Build Release Win32	2026-09-02T14:17:18.3110009Z -- Performing Test C_FLAG_SUPPORTED
build	Build Release Win32	2026-09-02T14:17:19.0501961Z -- Performing Test C_FLAG_SUPPORTED - Success
build	Build Release Win32	2026-09-02T14:17:19.0507707Z Checking C++ compiler flag support for: /W3
build	Build Release Win32	2026-09-02T14:17:19.0521802Z -- Performing Test CXX_FLAG_SUPPORTED
build	Build Release Win32	2026-09-02T14:17:19.8045861Z -- Performing Test CXX_FLAG_SUPPORTED - Success
build	Build Release Win32	2026-09-02T14:17:19.8051811Z Checking C compiler flag support for: /wd4996
build	Build Release Win32	2026-09-02T14:17:19.8066400Z -- Performing Test C_FLAG_SUPPORTED
build	Build Release Win32	2026-09-02T14:17:20.5539670Z -- Performing Test C_FLAG_SUPPORTED - Success
build	Build Release Win32	2026-09-02T14:17:20.5545701Z Checking C++ compiler flag support for: /wd4996
build	Build Release Win32	2026-09-02T14:17:20.5559738Z -- Performing Test CXX_FLAG_SUPPORTED
build	Build Release Win32	2026-09-02T14:17:21.3163275Z -- Performing Test CXX_FLAG_SUPPORTED - Success
build	Build Release Win32	2026-09-02T14:17:21.3169266Z Checking C compiler flag support for: /MP
build	Build Release Win32	2026-09-02T14:17:21.3183395Z -- Performing Test C_FLAG_SUPPORTED
build	Build Release Win32	2026-09-02T14:17:22.1089208Z -- Performing Test C_FLAG_SUPPORTED - Success
build	Build Release Win32	2026-09-02T14:17:22.1094758Z Checking C++ compiler flag support for: /MP
build	Build Release Win32	2026-09-02T14:17:22.1108728Z -- Performing Test CXX_FLAG_SUPPORTED
build	Build Release Win32	2026-09-02T14:17:22.8687747Z -- Performing Test CXX_FLAG_SUPPORTED - Success
build	Build Release Win32	2026-09-02T14:17:23.0019821Z -- Found Git: C:/Program Files/Git/bin/git.exe (found version "2.55.0.windows.5")
build	Build Release Win32	2026-09-02T14:17:23.6354189Z -- Found Perl: C:/Strawberry/perl/bin/perl.exe (found version "5.32.1")
build	Build Release Win32	2026-09-02T14:17:24.1116504Z -- Could NOT find Doxygen (missing: DOXYGEN_EXECUTABLE) 
build	Build Release Win32	2026-09-02T14:17:24.1117909Z --- Cannot find doxygen(version 1.8.10 or newer), ENABLE_DOCS turned off.
build	Build Release Win32	2026-09-02T14:17:24.2476392Z -- Configuring done (17.3s)
build	Build Release Win32	2026-09-02T14:17:24.5241459Z -- Generating done (0.3s)
build	Build Release Win32	2026-09-02T14:17:24.5253400Z -- Build files have been written to: D:/a/fictionbook-editor-next/fictionbook-editor-next/build/aom/Release-v143
build	Build Release Win32	2026-09-02T14:17:24.6385344Z MSBuild version 17.14.51+25f168cee for .NET Framework
build	Build Release Win32	2026-09-02T14:17:24.6679500Z 
build	Build Release Win32	2026-09-02T14:17:24.9361297Z   1>Checking Build System
build	Build Release Win32	2026-09-02T14:17:25.1603768Z   Updating version info if necessary.
build	Build Release Win32	2026-09-02T14:17:25.2060463Z   Building Custom Rule D:/a/fictionbook-editor-next/fictionbook-editor-next/third_party/aom/CMakeLists.txt
build	Build Release Win32	2026-09-02T14:17:25.2798989Z   Writing aom_version.h
build	Build Release Win32	2026-09-02T14:17:25.3260854Z   Building Custom Rule D:/a/fictionbook-editor-next/fictionbook-editor-next/third_party/aom/CMakeLists.txt
build	Build Release Win32	2026-09-02T14:17:25.4681401Z   aom_version_no_op.c
build	Build Release Win32	2026-09-02T14:17:25.5552923Z   aom_version.vcxproj -> D:\a\fictionbook-editor-next\fictionbook-editor-next\build\aom\Release-v143\Release\aom_version.lib
build	Build Release Win32	2026-09-02T14:17:25.6292392Z   Generating D:/a/fictionbook-editor-next/fictionbook-editor-next/build/aom/Release-v143/config/aom_dsp_rtcd.h
build	Build Release Win32	2026-09-02T14:17:25.7327336Z   Generating D:/a/fictionbook-editor-next/fictionbook-editor-next/build/aom/Release-v143/config/aom_scale_rtcd.h
build	Build Release Win32	2026-09-02T14:17:25.7819798Z   Generating D:/a/fictionbook-editor-next/fictionbook-editor-next/build/aom/Release-v143/config/av1_rtcd.h
build	Build Release Win32	2026-09-02T14:17:25.8445536Z   Building Custom Rule D:/a/fictionbook-editor-next/fictionbook-editor-next/third_party/aom/CMakeLists.txt
build	Build Release Win32	2026-09-02T14:17:25.9313916Z   aom_dsp_rtcd.c
build	Build Release Win32	2026-09-02T14:17:25.9326832Z   aom_scale_rtcd.c
build	Build Release Win32	2026-09-02T14:17:25.9330037Z   av1_rtcd.c
build	Build Release Win32	2026-09-02T14:17:26.2737855Z   aom_rtcd.vcxproj -> D:\a\fictionbook-editor-next\fictionbook-editor-next\build\aom\Release-v143\aom_rtcd.dir\Release\aom_rtcd.lib
build	Build Release Win32	2026-09-02T14:17:26.3180536Z   Building Custom Rule D:/a/fictionbook-editor-next/fictionbook-editor-next/third_party/aom/CMakeLists.txt
build	Build Release Win32	2026-09-02T14:17:26.4351633Z   args_helper.c
build	Build Release Win32	2026-09-02T14:17:26.4352136Z   arg_defs.c
build	Build Release Win32	2026-09-02T14:17:26.4379994Z   alloccommon.c
build	Build Release Win32	2026-09-02T14:17:26.4381957Z   av1_inv_txfm1d.c
build	Build Release Win32	2026-09-02T14:17:26.6320331Z   av1_inv_txfm2d.c
build	Build Release Win32	2026-09-02T14:17:26.7259639Z   av1_loopfilter.c
build	Build Release Win32	2026-09-02T14:17:27.0826202Z   av1_txfm.c
build	Build Release Win32	2026-09-02T14:17:27.1915787Z   blockd.c
build	Build Release Win32	2026-09-02T14:17:27.2916919Z   cdef.c
build	Build Release Win32	2026-09-02T14:17:27.4183549Z   cdef_block.c
build	Build Release Win32	2026-09-02T14:17:27.5387104Z   cfl.c
build	Build Release Win32	2026-09-02T14:17:27.7985619Z   common_data.c
build	Build Release Win32	2026-09-02T14:17:27.8253067Z   convolve.c
build	Build Release Win32	2026-09-02T14:17:28.0032898Z   debugmodes.c
build	Build Release Win32	2026-09-02T14:17:28.0106937Z   entropy.c
build	Build Release Win32	2026-09-02T14:17:28.4422304Z   entropymode.c
build	Build Release Win32	2026-09-02T14:17:28.4493971Z   entropymv.c
build	Build Release Win32	2026-09-02T14:17:28.5542719Z   frame_buffers.c
build	Build Release Win32	2026-09-02T14:17:28.5924792Z   idct.c
build	Build Release Win32	2026-09-02T14:17:28.6330375Z   mvref_common.c
build	Build Release Win32	2026-09-02T14:17:28.7517556Z   obu_util.c
build	Build Release Win32	2026-09-02T14:17:28.7994277Z   pred_common.c
build	Build Release Win32	2026-09-02T14:17:29.0531143Z   quant_common.c
build	Build Release Win32	2026-09-02T14:17:29.2220163Z   reconinter.c
build	Build Release Win32	2026-09-02T14:17:29.2313284Z   reconintra.c
build	Build Release Win32	2026-09-02T14:17:29.2757471Z   resize.c
build	Build Release Win32	2026-09-02T14:17:29.3801069Z   restoration.c
build	Build Release Win32	2026-09-02T14:17:29.8323557Z   scale.c
build	Build Release Win32	2026-09-02T14:17:29.8396448Z   scan.c
build	Build Release Win32	2026-09-02T14:17:30.1378775Z   seg_common.c
build	Build Release Win32	2026-09-02T14:17:30.1882521Z   thread_common.c
build	Build Release Win32	2026-09-02T14:17:30.2483126Z   tile_common.c
build	Build Release Win32	2026-09-02T14:17:30.2491018Z   timing.c
build	Build Release Win32	2026-09-02T14:17:30.2505868Z   txb_common.c
build	Build Release Win32	2026-09-02T14:17:30.4425804Z   warped_motion.c
build	Build Release Win32	2026-09-02T14:17:30.9123940Z   aom_av1_common.vcxproj -> D:\a\fictionbook-editor-next\fictionbook-editor-next\build\aom\Release-v143\aom_av1_common.dir\Release\aom_av1_common.lib
build	Build Release Win32	2026-09-02T14:17:30.9786610Z   Building Custom Rule D:/a/fictionbook-editor-next/fictionbook-editor-next/third_party/aom/CMakeLists.txt
build	Build Release Win32	2026-09-02T14:17:31.0675225Z   av1_dx_iface.c
build	Build Release Win32	2026-09-02T14:17:31.0678277Z   decodeframe.c
build	Build Release Win32	2026-09-02T14:17:31.0801289Z   decodemv.c
build	Build Release Win32	2026-09-02T14:17:31.0816396Z   decoder.c
build	Build Release Win32	2026-09-02T14:17:31.6170062Z   decodetxb.c
build	Build Release Win32	2026-09-02T14:17:32.0115531Z   detokenize.c
build	Build Release Win32	2026-09-02T14:17:32.2145387Z   grain_synthesis.c
build	Build Release Win32	2026-09-02T14:17:32.3361608Z   obu.c
build	Build Release Win32	2026-09-02T14:17:32.7592009Z   aom_av1_decoder.vcxproj -> D:\a\fictionbook-editor-next\fictionbook-editor-next\build\aom\Release-v143\aom_av1_decoder.dir\Release\aom_av1_decoder.lib
build	Build Release Win32	2026-09-02T14:17:32.8247954Z   Building Custom Rule D:/a/fictionbook-editor-next/fictionbook-editor-next/third_party/aom/CMakeLists.txt
build	Build Release Win32	2026-09-02T14:17:32.9127310Z   arg_defs.c
build	Build Release Win32	2026-09-02T14:17:32.9164201Z   args_helper.c
build	Build Release Win32	2026-09-02T14:17:32.9166785Z   args.c
build	Build Release Win32	2026-09-02T14:17:32.9174557Z   av1_config.c
build	Build Release Win32	2026-09-02T14:17:32.9845051Z   md5_utils.c
build	Build Release Win32	2026-09-02T14:17:33.0288940Z   tools_common.c
build	Build Release Win32	2026-09-02T14:17:33.0465500Z   rawenc.c
build	Build Release Win32	2026-09-02T14:17:33.0488081Z   y4menc.c
build	Build Release Win32	2026-09-02T14:17:33.1397087Z   ivfdec.c
build	Build Release Win32	2026-09-02T14:17:33.2697691Z   aom_common_app_util.vcxproj -> D:\a\fictionbook-editor-next\fictionbook-editor-next\build\aom\Release-v143\aom_common_app_util.dir\Release\aom_common_app_util.lib
build	Build Release Win32	2026-09-02T14:17:33.3355642Z   Building Custom Rule D:/a/fictionbook-editor-next/fictionbook-editor-next/third_party/aom/CMakeLists.txt
build	Build Release Win32	2026-09-02T14:17:33.4225985Z   obudec.c
build	Build Release Win32	2026-09-02T14:17:33.4226798Z   video_reader.c
build	Build Release Win32	2026-09-02T14:17:33.6041027Z   webmdec.cc
build	Build Release Win32	2026-09-02T14:17:33.7499831Z   aom_decoder_app_util.vcxproj -> D:\a\fictionbook-editor-next\fictionbook-editor-next\build\aom\Release-v143\aom_decoder_app_util.dir\Release\aom_decoder_app_util.lib
build	Build Release Win32	2026-09-02T14:17:33.8170382Z   Building Custom Rule D:/a/fictionbook-editor-next/fictionbook-editor-next/third_party/aom/CMakeLists.txt
build	Build Release Win32	2026-09-02T14:17:33.9003838Z   aom_av1_no_op.c
build	Build Release Win32	2026-09-02T14:17:33.9004638Z   aom_dsp_no_op.c
build	Build Release Win32	2026-09-02T14:17:33.9841891Z   aom_dsp.vcxproj -> D:\a\fictionbook-editor-next\fictionbook-editor-next\build\aom\Release-v143\aom_dsp.dir\Release\aom_dsp.lib
build	Build Release Win32	2026-09-02T14:17:34.0512956Z   Building Custom Rule D:/a/fictionbook-editor-next/fictionbook-editor-next/third_party/aom/CMakeLists.txt
build	Build Release Win32	2026-09-02T14:17:34.1432433Z   aom_convolve.c
build	Build Release Win32	2026-09-02T14:17:34.1452613Z   bitreader_buffer.c
build	Build Release Win32	2026-09-02T14:17:34.1462868Z   bitwriter_buffer.c
build	Build Release Win32	2026-09-02T14:17:34.1537851Z   blend_a64_hmask.c
build	Build Release Win32	2026-09-02T14:17:34.2873398Z   blend_a64_mask.c
build	Build Release Win32	2026-09-02T14:17:34.3484281Z   blend_a64_vmask.c
build	Build Release Win32	2026-09-02T14:17:34.5682304Z   entcode.c
build	Build Release Win32	2026-09-02T14:17:34.6528839Z   intrapred.c
build	Build Release Win32	2026-09-02T14:17:34.6545713Z   loopfilter.c
build	Build Release Win32	2026-09-02T14:17:34.6708798Z   odintrin.c
build	Build Release Win32	2026-09-02T14:17:35.2231635Z   aom_dsp_common.vcxproj -> D:\a\fictionbook-editor-next\fictionbook-editor-next\build\aom\Release-v143\aom_dsp_common.dir\Release\aom_dsp_common.lib
build	Build Release Win32	2026-09-02T14:17:35.2885014Z   Building Custom Rule D:/a/fictionbook-editor-next/fictionbook-editor-next/third_party/aom/CMakeLists.txt
build	Build Release Win32	2026-09-02T14:17:35.3725041Z   binary_codes_reader.c
build	Build Release Win32	2026-09-02T14:17:35.3741666Z   bitreader.c
build	Build Release Win32	2026-09-02T14:17:35.3742382Z   entdec.c
build	Build Release Win32	2026-09-02T14:17:35.5649980Z   aom_dsp_decoder.vcxproj -> D:\a\fictionbook-editor-next\fictionbook-editor-next\build\aom\Release-v143\aom_dsp_decoder.dir\Release\aom_dsp_decoder.lib
build	Build Release Win32	2026-09-02T14:17:35.6324931Z   Building Custom Rule D:/a/fictionbook-editor-next/fictionbook-editor-next/third_party/aom/CMakeLists.txt
build	Build Release Win32	2026-09-02T14:17:35.7156324Z   aomstats.c
build	Build Release Win32	2026-09-02T14:17:35.7156826Z   rate_hist.c
build	Build Release Win32	2026-09-02T14:17:35.8562162Z   aom_encoder_stats.vcxproj -> D:\a\fictionbook-editor-next\fictionbook-editor-next\build\aom\Release-v143\aom_encoder_stats.dir\Release\aom_encoder_stats.lib
build	Build Release Win32	2026-09-02T14:17:35.9203261Z   Building Custom Rule D:/a/fictionbook-editor-next/fictionbook-editor-next/third_party/aom/CMakeLists.txt
build	Build Release Win32	2026-09-02T14:17:35.9987404Z   aom_mem.c
build	Build Release Win32	2026-09-02T14:17:36.1016364Z   aom_mem.vcxproj -> D:\a\fictionbook-editor-next\fictionbook-editor-next\build\aom\Release-v143\aom_mem.dir\Release\aom_mem.lib
build	Build Release Win32	2026-09-02T14:17:36.1663162Z   Building Custom Rule D:/a/fictionbook-editor-next/fictionbook-editor-next/third_party/aom/CMakeLists.txt
build	Build Release Win32	2026-09-02T14:17:36.2581946Z   aom_config.c
build	Build Release Win32	2026-09-02T14:17:36.2617288Z   aom_codec.c
build	Build Release Win32	2026-09-02T14:17:36.2621063Z   aom_decoder.c
build	Build Release Win32	2026-09-02T14:17:36.2623958Z   aom_encoder.c
build	Build Release Win32	2026-09-02T14:17:36.2971757Z   aom_image.c
build	Build Release Win32	2026-09-02T14:17:36.3567733Z   aom_integer.c
build	Build Release Win32	2026-09-02T14:17:36.4488259Z   aom_obj.vcxproj -> D:\a\fictionbook-editor-next\fictionbook-editor-next\build\aom\Release-v143\aom_obj.dir\Release\aom_obj.lib
build	Build Release Win32	2026-09-02T14:17:36.5170027Z   Building Custom Rule D:/a/fictionbook-editor-next/fictionbook-editor-next/third_party/aom/CMakeLists.txt
build	Build Release Win32	2026-09-02T14:17:36.6011664Z   yv12config.c
build	Build Release Win32	2026-09-02T14:17:36.6012176Z   yv12extend.c
build	Build Release Win32	2026-09-02T14:17:36.8688122Z   aom_scale.vcxproj -> D:\a\fictionbook-editor-next\fictionbook-editor-next\build\aom\Release-v143\aom_scale.dir\Release\aom_scale.lib
build	Build Release Win32	2026-09-02T14:17:36.9369492Z   Building Custom Rule D:/a/fictionbook-editor-next/fictionbook-editor-next/third_party/aom/CMakeLists.txt
build	Build Release Win32	2026-09-02T14:17:37.0074610Z   usage_exit.c
build	Build Release Win32	2026-09-02T14:17:37.1089026Z   aom_usage_exit.vcxproj -> D:\a\fictionbook-editor-next\fictionbook-editor-next\build\aom\Release-v143\aom_usage_exit.dir\Release\aom_usage_exit.lib
build	Build Release Win32	2026-09-02T14:17:37.1729027Z   Building Custom Rule D:/a/fictionbook-editor-next/fictionbook-editor-next/third_party/aom/CMakeLists.txt
build	Build Release Win32	2026-09-02T14:17:37.2477830Z   aom_thread.c
build	Build Release Win32	2026-09-02T14:17:37.4710989Z   aom_util.vcxproj -> D:\a\fictionbook-editor-next\fictionbook-editor-next\build\aom\Release-v143\aom_util.dir\Release\aom_util.lib
build	Build Release Win32	2026-09-02T14:17:37.5353639Z   Building Custom Rule D:/a/fictionbook-editor-next/fictionbook-editor-next/third_party/aom/CMakeLists.txt
build	Build Release Win32	2026-09-02T14:17:37.6306698Z   hdr_util.cc
build	Build Release Win32	2026-09-02T14:17:37.6308290Z   mkvmuxer.cc
build	Build Release Win32	2026-09-02T14:17:37.6489202Z   mkvmuxerutil.cc
build	Build Release Win32	2026-09-02T14:17:37.6490063Z   mkvwriter.cc
build	Build Release Win32	2026-09-02T14:17:38.0342920Z   mkvparser.cc
build	Build Release Win32	2026-09-02T14:17:38.1043336Z   mkvreader.cc
build	Build Release Win32	2026-09-02T14:17:39.1942348Z   webm.vcxproj -> D:\a\fictionbook-editor-next\fictionbook-editor-next\build\aom\Release-v143\webm.dir\Release\webm.lib
build	Build Release Win32	2026-09-02T14:17:39.2609002Z   Building Custom Rule D:/a/fictionbook-editor-next/fictionbook-editor-next/third_party/aom/CMakeLists.txt
build	Build Release Win32	2026-09-02T14:17:39.3550572Z   convert_argb.cc
build	Build Release Win32	2026-09-02T14:17:39.3552112Z   cpu_id.cc
build	Build Release Win32	2026-09-02T14:17:39.3629153Z   planar_functions.cc
build	Build Release Win32	2026-09-02T14:17:39.3811247Z   row_any.cc
build	Build Release Win32	2026-09-02T14:17:39.6748085Z   row_common.cc
build	Build Release Win32	2026-09-02T14:17:39.7467485Z   row_gcc.cc
build	Build Release Win32	2026-09-02T14:17:39.7679866Z   row_mips.cc
build	Build Release Win32	2026-09-02T14:17:40.0021808Z   row_neon.cc
build	Build Release Win32	2026-09-02T14:17:40.0494177Z   row_neon64.cc
build	Build Release Win32	2026-09-02T14:17:40.1383399Z   row_win.cc
build	Build Release Win32	2026-09-02T14:17:40.1427376Z   scale.cc
build	Build Release Win32	2026-09-02T14:17:40.1430918Z   scale_any.cc
build	Build Release Win32	2026-09-02T14:17:40.1467012Z   scale_common.cc
build	Build Release Win32	2026-09-02T14:17:40.1482680Z   scale_gcc.cc
build	Build Release Win32	2026-09-02T14:17:40.2116588Z   scale_mips.cc
build	Build Release Win32	2026-09-02T14:17:40.2132650Z   scale_neon.cc
build	Build Release Win32	2026-09-02T14:17:40.3988854Z   scale_neon64.cc
build	Build Release Win32	2026-09-02T14:17:40.4016404Z   scale_win.cc
build	Build Release Win32	2026-09-02T14:17:40.4031951Z   scale_uv.cc
build	Build Release Win32	2026-09-02T14:17:40.5759022Z   yuv.vcxproj -> D:\a\fictionbook-editor-next\fictionbook-editor-next\build\aom\Release-v143\yuv.dir\Release\yuv.lib
build	Build Release Win32	2026-09-02T14:17:40.6534163Z   Building Custom Rule D:/a/fictionbook-editor-next/fictionbook-editor-next/third_party/aom/CMakeLists.txt
build	Build Release Win32	2026-09-02T14:17:40.7630347Z   aom.vcxproj -> D:\a\fictionbook-editor-next\fictionbook-editor-next\build\aom\Release-v143\Release\aom.lib
build	Build Release Win32	2026-09-02T14:17:40.8307067Z   Writing aom.pc
build	Build Release Win32	2026-09-02T14:17:40.8535396Z   Building Custom Rule D:/a/fictionbook-editor-next/fictionbook-editor-next/third_party/aom/CMakeLists.txt
build	Build Release Win32	2026-09-02T14:17:40.9224988Z   aom_pc_no_op.c
build	Build Release Win32	2026-09-02T14:17:40.9957811Z   aom_pc.vcxproj -> D:\a\fictionbook-editor-next\fictionbook-editor-next\build\aom\Release-v143\Release\aom_pc.lib
build	Build Release Win32	2026-09-02T14:17:41.0738683Z   Building Custom Rule D:/a/fictionbook-editor-next/fictionbook-editor-next/third_party/aom/CMakeLists.txt
build	Build Release Win32	2026-09-02T14:17:41.1516981Z   aomdec.c
build	Build Release Win32	2026-09-02T14:17:41.6985632Z   aomdec.vcxproj -> D:\a\fictionbook-editor-next\fictionbook-editor-next\build\aom\Release-v143\Release\aomdec.exe
build	Build Release Win32	2026-09-02T14:17:41.7526448Z   Building Custom Rule D:/a/fictionbook-editor-next/fictionbook-editor-next/third_party/aom/CMakeLists.txt
build	Build Release Win32	2026-09-02T14:17:41.8323104Z   1>
build	Build Release Win32	2026-09-02T14:17:41.8845877Z   -- Install configuration: "Release"
build	Build Release Win32	2026-09-02T14:17:41.8850572Z   -- Installing: D:/a/fictionbook-editor-next/fictionbook-editor-next/build/aom/install/Release/lib/cmake/AOM/AOMConfig.cmake
build	Build Release Win32	2026-09-02T14:17:41.8856191Z   -- Installing: D:/a/fictionbook-editor-next/fictionbook-editor-next/build/aom/install/Release/lib/cmake/AOM/AOMConfigVersion.cmake
build	Build Release Win32	2026-09-02T14:17:41.8862472Z   -- Installing: D:/a/fictionbook-editor-next/fictionbook-editor-next/build/aom/install/Release/lib/cmake/AOM/AOMTargets.cmake
build	Build Release Win32	2026-09-02T14:17:41.8869218Z   -- Installing: D:/a/fictionbook-editor-next/fictionbook-editor-next/build/aom/install/Release/lib/cmake/AOM/AOMTargets-release.cmake
build	Build Release Win32	2026-09-02T14:17:41.8876042Z   -- Installing: D:/a/fictionbook-editor-next/fictionbook-editor-next/build/aom/install/Release/include/aom/aom.h
build	Build Release Win32	2026-09-02T14:17:41.8880947Z   -- Installing: D:/a/fictionbook-editor-next/fictionbook-editor-next/build/aom/install/Release/include/aom/aom_codec.h
build	Build Release Win32	2026-09-02T14:17:41.8886521Z   -- Installing: D:/a/fictionbook-editor-next/fictionbook-editor-next/build/aom/install/Release/include/aom/aom_frame_buffer.h
build	Build Release Win32	2026-09-02T14:17:41.8891491Z   -- Installing: D:/a/fictionbook-editor-next/fictionbook-editor-next/build/aom/install/Release/include/aom/aom_image.h
build	Build Release Win32	2026-09-02T14:17:41.8896465Z   -- Installing: D:/a/fictionbook-editor-next/fictionbook-editor-next/build/aom/install/Release/include/aom/aom_integer.h
build	Build Release Win32	2026-09-02T14:17:41.8901053Z   -- Installing: D:/a/fictionbook-editor-next/fictionbook-editor-next/build/aom/install/Release/include/aom/aom_decoder.h
build	Build Release Win32	2026-09-02T14:17:41.8905804Z   -- Installing: D:/a/fictionbook-editor-next/fictionbook-editor-next/build/aom/install/Release/include/aom/aomdx.h
build	Build Release Win32	2026-09-02T14:17:41.8915222Z   -- Installing: D:/a/fictionbook-editor-next/fictionbook-editor-next/build/aom/install/Release/lib/pkgconfig/aom.pc
build	Build Release Win32	2026-09-02T14:17:41.8920223Z   -- Installing: D:/a/fictionbook-editor-next/fictionbook-editor-next/build/aom/install/Release/lib/aom.lib
build	Build Release Win32	2026-09-02T14:17:41.8956029Z   -- Installing: D:/a/fictionbook-editor-next/fictionbook-editor-next/build/aom/install/Release/bin/aomdec.exe
build	Build Release Win32	2026-09-02T14:17:42.0082957Z -- Selecting Windows SDK version 10.0.26100.0 to target Windows 6.1.
build	Build Release Win32	2026-09-02T14:17:43.0177227Z -- The C compiler identification is MSVC 19.44.35228.0
build	Build Release Win32	2026-09-02T14:17:43.6897082Z -- The CXX compiler identification is MSVC 19.44.35228.0
build	Build Release Win32	2026-09-02T14:17:43.7081280Z -- Detecting C compiler ABI info
build	Build Release Win32	2026-09-02T14:17:44.4722040Z -- Detecting C compiler ABI info - done
build	Build Release Win32	2026-09-02T14:17:44.5173189Z -- Check for working C compiler: C:/Program Files/Microsoft Visual Studio/2022/Enterprise/VC/Tools/MSVC/14.44.35207/bin/Hostx64/x86/cl.exe - skipped
build	Build Release Win32	2026-09-02T14:17:44.5178602Z -- Detecting C compile features
build	Build Release Win32	2026-09-02T14:17:44.5187012Z -- Detecting C compile features - done
build	Build Release Win32	2026-09-02T14:17:44.5283818Z -- Detecting CXX compiler ABI info
build	Build Release Win32	2026-09-02T14:17:45.2885679Z -- Detecting CXX compiler ABI info - done
build	Build Release Win32	2026-09-02T14:17:45.3333696Z -- Check for working CXX compiler: C:/Program Files/Microsoft Visual Studio/2022/Enterprise/VC/Tools/MSVC/14.44.35207/bin/Hostx64/x86/cl.exe - skipped
build	Build Release Win32	2026-09-02T14:17:45.3338584Z -- Detecting CXX compile features
build	Build Release Win32	2026-09-02T14:17:45.3349195Z -- Detecting CXX compile features - done
build	Build Release Win32	2026-09-02T14:17:45.3404631Z -- Looking for C++ include bit
build	Build Release Win32	2026-09-02T14:17:46.1818514Z -- Looking for C++ include bit - found
build	Build Release Win32	2026-09-02T14:17:46.1820401Z -- Looking for C++ include unistd.h
build	Build Release Win32	2026-09-02T14:17:46.6728222Z -- Looking for C++ include unistd.h - not found
build	Build Release Win32	2026-09-02T14:17:46.6761467Z -- Performing Test has_potentially_evaluated_expression
build	Build Release Win32	2026-09-02T14:17:47.1339106Z -- Performing Test has_potentially_evaluated_expression - Failed
build	Build Release Win32	2026-09-02T14:17:47.7759695Z -- Found LIBDE265 
build	Build Release Win32	2026-09-02T14:17:47.7774986Z -- Found LIBDE265: D:/a/fictionbook-editor-next/fictionbook-editor-next/build/libde265/install/Release/include (found version "1.1.1")
build	Build Release Win32	2026-09-02T14:17:49.4421518Z -- Found AOM: D:/a/fictionbook-editor-next/fictionbook-editor-next/build/aom/install/Release/lib/cmake/AOM
build	Build Release Win32	2026-09-02T14:17:49.4428569Z -- Looking for AOM_USAGE_GOOD_QUALITY
build	Build Release Win32	2026-09-02T14:17:49.9267705Z -- Looking for AOM_USAGE_GOOD_QUALITY - not found
build	Build Release Win32	2026-09-02T14:17:49.9271418Z 
build	Build Release Win32	2026-09-02T14:17:49.9271671Z === Summary of compiled codecs ===
build	Build Release Win32	2026-09-02T14:17:49.9272700Z libde265 HEVC decoder                 : + built-in
build	Build Release Win32	2026-09-02T14:17:49.9273426Z FFMPEG HEVC decoder (HW acc)          : - disabled
build	Build Release Win32	2026-09-02T14:17:49.9274337Z WebCodecs HEVC decoder (experimental) : - disabled
build	Build Release Win32	2026-09-02T14:17:49.9274915Z x265 HEVC encoder                     : - disabled
build	Build Release Win32	2026-09-02T14:17:49.9276642Z Kvazaar HEVC encoder                  : - disabled
build	Build Release Win32	2026-09-02T14:17:49.9277105Z AOM AV1 decoder                       : + built-in
build	Build Release Win32	2026-09-02T14:17:49.9277526Z AOM AV1 encoder                       : - disabled
build	Build Release Win32	2026-09-02T14:17:49.9277953Z Dav1d AV1 decoder                     : - disabled
build	Build Release Win32	2026-09-02T14:17:49.9278842Z SVT AV1 encoder                       : - disabled
build	Build Release Win32	2026-09-02T14:17:49.9279702Z Rav1e AV1 encoder                     : - disabled
build	Build Release Win32	2026-09-02T14:17:49.9280561Z JPEG decoder                          : - disabled
build	Build Release Win32	2026-09-02T14:17:49.9281655Z JPEG encoder                          : - disabled
build	Build Release Win32	2026-09-02T14:17:49.9282224Z x264 AVC encoder                      : - disabled
build	Build Release Win32	2026-09-02T14:17:49.9283253Z OpenH264 decoder                      : - disabled
build	Build Release Win32	2026-09-02T14:17:49.9283808Z OpenJPEG J2K decoder                  : - disabled
build	Build Release Win32	2026-09-02T14:17:49.9284676Z OpenJPEG J2K encoder                  : - disabled
build	Build Release Win32	2026-09-02T14:17:49.9285274Z OpenJPH HT-J2K encoder                : - disabled
build	Build Release Win32	2026-09-02T14:17:49.9286132Z uvg266 VVC encoder                    : - disabled
build	Build Release Win32	2026-09-02T14:17:49.9286749Z vvenc VVC encoder                     : - disabled
build	Build Release Win32	2026-09-02T14:17:49.9287828Z vvdec VVC decoder                     : - disabled
build	Build Release Win32	2026-09-02T14:17:49.9289312Z 
build	Build Release Win32	2026-09-02T14:17:49.9289531Z === Supported formats ===
build	Build Release Win32	2026-09-02T14:17:49.9290032Z format        decoding   encoding
build	Build Release Win32	2026-09-02T14:17:49.9290445Z AVC             NO         NO 
build	Build Release Win32	2026-09-02T14:17:49.9290833Z AVIF            YES        NO 
build	Build Release Win32	2026-09-02T14:17:49.9292076Z HEIC            YES        NO 
build	Build Release Win32	2026-09-02T14:17:49.9292416Z JPEG            NO         NO 
build	Build Release Win32	2026-09-02T14:17:49.9293335Z JPEG2000        NO         NO 
build	Build Release Win32	2026-09-02T14:17:49.9293943Z JPEG2000-HT     NO         NO 
build	Build Release Win32	2026-09-02T14:17:49.9294808Z Uncompressed    NO         NO 
build	Build Release Win32	2026-09-02T14:17:49.9295443Z VVC             NO         NO 
build	Build Release Win32	2026-09-02T14:17:49.9295646Z 
build	Build Release Win32	2026-09-02T14:17:49.9296055Z libsharpyuv: disabled
build	Build Release Win32	2026-09-02T14:17:49.9308651Z -- Looking for _LIBCPP_VERSION
build	Build Release Win32	2026-09-02T14:17:50.4334321Z -- Looking for _LIBCPP_VERSION - not found
build	Build Release Win32	2026-09-02T14:18:02.4198466Z -- Could NOT find TIFF (missing: TIFF_LIBRARY TIFF_INCLUDE_DIR) 
build	Build Release Win32	2026-09-02T14:18:02.4663410Z -- Could NOT find JPEG (missing: JPEG_LIBRARY JPEG_INCLUDE_DIR) 
build	Build Release Win32	2026-09-02T14:18:02.6161543Z -- Could NOT find ZLIB (missing: ZLIB_LIBRARY ZLIB_INCLUDE_DIR) 
build	Build Release Win32	2026-09-02T14:18:02.6176328Z -- Could NOT find PNG (missing: PNG_LIBRARY PNG_PNG_INCLUDE_DIR) 
build	Build Release Win32	2026-09-02T14:18:03.1414121Z -- Could NOT find WEBP (missing: WEBP_INCLUDE_DIR WEBP_LIBRARY WEBPMUX_INCLUDE_DIR WEBPMUX_LIBRARY) 
build	Build Release Win32	2026-09-02T14:18:03.1414796Z 
build	Build Release Win32	2026-09-02T14:18:03.1414918Z === Active input formats for heif-enc ===
build	Build Release Win32	2026-09-02T14:18:03.1415239Z JPEG: ------ (libjpeg not found)
build	Build Release Win32	2026-09-02T14:18:03.1415506Z PNG:  ------ (libpng not found)
build	Build Release Win32	2026-09-02T14:18:03.1415771Z WEBP:  ------ (libwebp not found)
build	Build Release Win32	2026-09-02T14:18:03.1416029Z TIFF: ------ (libtiff not found)
build	Build Release Win32	2026-09-02T14:18:03.1416198Z 
build	Build Release Win32	2026-09-02T14:18:03.1756465Z -- Could NOT find Doxygen (missing: DOXYGEN_EXECUTABLE) 
build	Build Release Win32	2026-09-02T14:18:03.1758243Z Doxygen tool needs to be installed to generate the API documentation
build	Build Release Win32	2026-09-02T14:18:03.2002713Z Not compiling 'x265' backend
build	Build Release Win32	2026-09-02T14:18:03.2003144Z Compiling 'libde265' as built-in backend
build	Build Release Win32	2026-09-02T14:18:03.2070295Z Not compiling 'dav1d' backend
build	Build Release Win32	2026-09-02T14:18:03.2071181Z Compiling 'aomdec' as built-in backend
build	Build Release Win32	2026-09-02T14:18:03.2072702Z Not compiling 'aomenc' backend
build	Build Release Win32	2026-09-02T14:18:03.2073218Z Not compiling 'svtenc' backend
build	Build Release Win32	2026-09-02T14:18:03.2074163Z Not compiling 'rav1e' backend
build	Build Release Win32	2026-09-02T14:18:03.2074690Z Not compiling 'jpegdec' backend
build	Build Release Win32	2026-09-02T14:18:03.2075630Z Not compiling 'jpegenc' backend
build	Build Release Win32	2026-09-02T14:18:03.2076225Z Not compiling 'j2kdec' backend
build	Build Release Win32	2026-09-02T14:18:03.2077117Z Not compiling 'j2kenc' backend
build	Build Release Win32	2026-09-02T14:18:03.2077949Z Not compiling 'kvazaar' backend
build	Build Release Win32	2026-09-02T14:18:03.2078447Z Not compiling 'ffmpegdec' backend
build	Build Release Win32	2026-09-02T14:18:03.2079385Z Not compiling 'jphenc' backend
build	Build Release Win32	2026-09-02T14:18:03.2079788Z Not compiling 'uvg266' backend
build	Build Release Win32	2026-09-02T14:18:03.2080752Z Not compiling 'vvdec' backend
build	Build Release Win32	2026-09-02T14:18:03.2081239Z Not compiling 'vvenc' backend
build	Build Release Win32	2026-09-02T14:18:03.2082162Z Not compiling 'x264' backend
build	Build Release Win32	2026-09-02T14:18:03.2082689Z Not compiling 'openh264dec' backend
build	Build Release Win32	2026-09-02T14:18:03.2083451Z Not compiling 'libsharpyuv'
build	Build Release Win32	2026-09-02T14:18:03.2112996Z -- Found Threads: TRUE
build	Build Release Win32	2026-09-02T14:18:03.2399547Z -- Configuring done (21.2s)
build	Build Release Win32	2026-09-02T14:18:03.3327304Z -- Generating done (0.1s)
build	Build Release Win32	2026-09-02T14:18:03.3339004Z -- Build files have been written to: D:/a/fictionbook-editor-next/fictionbook-editor-next/build/libheif/Release-v143
build	Build Release Win32	2026-09-02T14:18:03.4624787Z MSBuild version 17.14.51+25f168cee for .NET Framework
build	Build Release Win32	2026-09-02T14:18:03.4953093Z 
build	Build Release Win32	2026-09-02T14:18:03.7890205Z   1>Checking Build System
build	Build Release Win32	2026-09-02T14:18:03.9642127Z   Building Custom Rule D:/a/fictionbook-editor-next/fictionbook-editor-next/third_party/libheif/libheif/CMakeLists.txt
build	Build Release Win32	2026-09-02T14:18:04.1392643Z   bitstream.cc
build	Build Release Win32	2026-09-02T14:18:05.1802032Z   box.cc
build	Build Release Win32	2026-09-02T14:18:07.8860079Z   error.cc
build	Build Release Win32	2026-09-02T14:18:08.6836260Z   context.cc
build	Build Release Win32	2026-09-02T14:18:10.3667084Z D:\a\fictionbook-editor-next\fictionbook-editor-next\third_party\libheif\libheif\context.cc(1572,32): warning C4805: '!=': unsafe mix of type 'bool' and type 'const uint8_t' in operation [D:\a\fictionbook-editor-next\fictionbook-editor-next\build\libheif\Release-v143\libheif\heif.vcxproj]
build	Build Release Win32	2026-09-02T14:18:11.4313882Z   file.cc
build	Build Release Win32	2026-09-02T14:18:13.9516256Z   file_layout.cc
build	Build Release Win32	2026-09-02T14:18:15.1036138Z   pixelimage.cc
build	Build Release Win32	2026-09-02T14:18:16.6322006Z   image_description.cc
build	Build Release Win32	2026-09-02T14:18:17.9662513Z   plugin_registry.cc
build	Build Release Win32	2026-09-02T14:18:18.8870290Z   nclx.cc
build	Build Release Win32	2026-09-02T14:18:19.9336400Z   security_limits.cc
build	Build Release Win32	2026-09-02T14:18:20.9158420Z   init.cc
build	Build Release Win32	2026-09-02T14:18:22.5293617Z   logging.cc
build	Build Release Win32	2026-09-02T14:18:23.2290889Z   compression.cc
build	Build Release Win32	2026-09-02T14:18:24.0145286Z   compression_brotli.cc
build	Build Release Win32	2026-09-02T14:18:24.7732095Z   compression_zlib.cc
build	Build Release Win32	2026-09-02T14:18:25.5578007Z   common_utils.cc
build	Build Release Win32	2026-09-02T14:18:26.3442992Z   region.cc
build	Build Release Win32	2026-09-02T14:18:28.0194431Z   brands.cc
build	Build Release Win32	2026-09-02T14:18:29.7812556Z   id_creator.cc
build	Build Release Win32	2026-09-02T14:18:30.5615689Z   Generating Code...
build	Build Release Win32	2026-09-02T14:18:41.2434232Z   Compiling...
build	Build Release Win32	2026-09-02T14:18:41.2434601Z   text.cc
build	Build Release Win32	2026-09-02T14:18:42.0249862Z   heif.cc
build	Build Release Win32	2026-09-02T14:18:42.7761774Z   heif_library.cc
build	Build Release Win32	2026-09-02T14:18:44.4386737Z   heif_image.cc
build	Build Release Win32	2026-09-02T14:18:46.1303238Z   heif_color.cc
build	Build Release Win32	2026-09-02T14:18:47.8500722Z   heif_regions.cc
build	Build Release Win32	2026-09-02T14:18:49.6018402Z   heif_plugin.cc
build	Build Release Win32	2026-09-02T14:18:49.6174697Z   heif_properties.cc
build	Build Release Win32	2026-09-02T14:18:51.4895382Z   heif_items.cc
build	Build Release Win32	2026-09-02T14:18:53.2212827Z   heif_sequences.cc
build	Build Release Win32	2026-09-02T14:18:55.0643650Z   heif_tai_timestamps.cc
build	Build Release Win32	2026-09-02T14:18:56.7541020Z   heif_brands.cc
build	Build Release Win32	2026-09-02T14:18:57.8526030Z   heif_metadata.cc
build	Build Release Win32	2026-09-02T14:18:59.5508551Z   heif_aux_images.cc
build	Build Release Win32	2026-09-02T14:19:01.2636177Z   heif_entity_groups.cc
build	Build Release Win32	2026-09-02T14:19:02.9730227Z   heif_security.cc
build	Build Release Win32	2026-09-02T14:19:04.6460705Z   heif_encoding.cc
build	Build Release Win32	2026-09-02T14:19:06.4255285Z   heif_decoding.cc
build	Build Release Win32	2026-09-02T14:19:08.1588035Z   heif_image_handle.cc
build	Build Release Win32	2026-09-02T14:19:09.8520926Z   heif_context.cc
build	Build Release Win32	2026-09-02T14:19:11.5996659Z   Generating Code...
build	Build Release Win32	2026-09-02T14:19:14.6620726Z   Compiling...
build	Build Release Win32	2026-09-02T14:19:14.6622156Z   heif_tiling.cc
build	Build Release Win32	2026-09-02T14:19:16.4351357Z   heif_components.cc
build	Build Release Win32	2026-09-02T14:19:18.1354264Z   heif_uncompressed.cc
build	Build Release Win32	2026-09-02T14:19:19.9025962Z   heif_text.cc
build	Build Release Win32	2026-09-02T14:19:21.6653197Z   heif_omaf.cc
build	Build Release Win32	2026-09-02T14:19:23.3570973Z   decoder.cc
build	Build Release Win32	2026-09-02T14:19:25.3747036Z   encoder.cc
build	Build Release Win32	2026-09-02T14:19:27.0892830Z   hevc.cc
build	Build Release Win32	2026-09-02T14:19:28.8882594Z   hevc_boxes.cc
build	Build Release Win32	2026-09-02T14:19:30.7673061Z   hevc_dec.cc
build	Build Release Win32	2026-09-02T14:19:32.5877059Z   hevc_enc.cc
build	Build Release Win32	2026-09-02T14:19:34.3753373Z   avif.cc
build	Build Release Win32	2026-09-02T14:19:36.1194157Z   avif_enc.cc
build	Build Release Win32	2026-09-02T14:19:37.8580260Z   avif_dec.cc
build	Build Release Win32	2026-09-02T14:19:39.5850317Z   avif_boxes.cc
build	Build Release Win32	2026-09-02T14:19:41.3519708Z   jpeg.cc
build	Build Release Win32	2026-09-02T14:19:43.0805384Z   jpeg_boxes.cc
build	Build Release Win32	2026-09-02T14:19:44.5419861Z   jpeg_dec.cc
build	Build Release Win32	2026-09-02T14:19:46.2815672Z   jpeg_enc.cc
build	Build Release Win32	2026-09-02T14:19:47.9923243Z   jpeg2000.cc
build	Build Release Win32	2026-09-02T14:19:49.8363475Z   Generating Code...
build	Build Release Win32	2026-09-02T14:19:54.3860470Z   Compiling...
build	Build Release Win32	2026-09-02T14:19:54.3861206Z   jpeg2000_dec.cc
build	Build Release Win32	2026-09-02T14:19:56.2154605Z   jpeg2000_enc.cc
build	Build Release Win32	2026-09-02T14:19:58.0202767Z   jpeg2000_boxes.cc
build	Build Release Win32	2026-09-02T14:19:59.8205056Z   vvc.cc
build	Build Release Win32	2026-09-02T14:20:01.5490598Z   vvc_dec.cc
build	Build Release Win32	2026-09-02T14:20:03.2579527Z   vvc_enc.cc
build	Build Release Win32	2026-09-02T14:20:04.9767781Z   vvc_boxes.cc
build	Build Release Win32	2026-09-02T14:20:06.8071450Z   avc.cc
build	Build Release Win32	2026-09-02T14:20:08.5078760Z   avc_boxes.cc
build	Build Release Win32	2026-09-02T14:20:10.2845456Z   avc_dec.cc
build	Build Release Win32	2026-09-02T14:20:11.9830287Z   avc_enc.cc
build	Build Release Win32	2026-09-02T14:20:13.6879106Z   mask_image.cc
build	Build Release Win32	2026-09-02T14:20:15.3758761Z   image_item.cc
build	Build Release Win32	2026-09-02T14:20:17.4798654Z   grid.cc
build	Build Release Win32	2026-09-02T14:20:19.7692904Z   overlay.cc
build	Build Release Win32	2026-09-02T14:20:21.6028552Z   iden.cc
build	Build Release Win32	2026-09-02T14:20:23.3273919Z   tiled.cc
build	Build Release Win32	2026-09-02T14:20:25.2253537Z   colorconversion.cc
build	Build Release Win32	2026-09-02T14:20:26.9204184Z   rgb2yuv.cc
build	Build Release Win32	2026-09-02T14:20:28.2327924Z   rgb2yuv_sharp.cc
build	Build Release Win32	2026-09-02T14:20:29.4757754Z   Generating Code...
build	Build Release Win32	2026-09-02T14:20:39.8897203Z   Compiling...
build	Build Release Win32	2026-09-02T14:20:39.8897605Z   yuv2rgb.cc
build	Build Release Win32	2026-09-02T14:20:41.2056537Z   rgb2rgb.cc
build	Build Release Win32	2026-09-02T14:20:42.4870600Z   monochrome.cc
build	Build Release Win32	2026-09-02T14:20:43.7837947Z   hdr_sdr.cc
build	Build Release Win32	2026-09-02T14:20:45.0667064Z   alpha.cc
build	Build Release Win32	2026-09-02T14:20:46.3757491Z   chroma_sampling.cc
build	Build Release Win32	2026-09-02T14:20:47.6881333Z   bayer_bilinear.cc
build	Build Release Win32	2026-09-02T14:20:49.0154292Z   seq_boxes.cc
build	Build Release Win32	2026-09-02T14:20:50.3188186Z   chunk.cc
build	Build Release Win32	2026-09-02T14:20:52.0626957Z   track.cc
build	Build Release Win32	2026-09-02T14:20:54.1519122Z   track_visual.cc
build	Build Release Win32	2026-09-02T14:20:56.1798431Z   track_metadata.cc
build	Build Release Win32	2026-09-02T14:20:57.9140918Z   decoder_libde265.cc
build	Build Release Win32	2026-09-02T14:20:58.6722480Z   decoder_aom.cc
build	Build Release Win32	2026-09-02T14:20:59.4551351Z   encoder_mask.cc
build	Build Release Win32	2026-09-02T14:21:00.3425170Z   nalu_utils.cc
build	Build Release Win32	2026-09-02T14:21:00.7649195Z   mini.cc
build	Build Release Win32	2026-09-02T14:21:02.5228360Z   omaf_boxes.cc
build	Build Release Win32	2026-09-02T14:21:03.5313962Z   Generating Code...
build	Build Release Win32	2026-09-02T14:21:11.7074282Z   heif.vcxproj -> D:\a\fictionbook-editor-next\fictionbook-editor-next\build\libheif\Release-v143\libheif\Release\heif.lib
build	Build Release Win32	2026-09-02T14:21:11.7797873Z   Building Custom Rule D:/a/fictionbook-editor-next/fictionbook-editor-next/third_party/libheif/heifio/CMakeLists.txt
build	Build Release Win32	2026-09-02T14:21:11.8565402Z   decoder_heif.cc
build	Build Release Win32	2026-09-02T14:21:12.4036493Z   decoder_raw.cc
build	Build Release Win32	2026-09-02T14:21:12.9318220Z   decoder_y4m.cc
build	Build Release Win32	2026-09-02T14:21:13.6163929Z   encoder.cc
build	Build Release Win32	2026-09-02T14:21:14.1386556Z   encoder_y4m.cc
build	Build Release Win32	2026-09-02T14:21:14.6517964Z   exif.cc
build	Build Release Win32	2026-09-02T14:21:15.4152714Z   stubs.cc
build	Build Release Win32	2026-09-02T14:21:15.8082318Z   Generating Code...
build	Build Release Win32	2026-09-02T14:21:16.4997312Z   heifio.vcxproj -> D:\a\fictionbook-editor-next\fictionbook-editor-next\build\libheif\Release-v143\heifio\Release\heifio.lib
build	Build Release Win32	2026-09-02T14:21:16.5445572Z   Building Custom Rule D:/a/fictionbook-editor-next/fictionbook-editor-next/third_party/libheif/CMakeLists.txt
build	Build Release Win32	2026-09-02T14:21:16.6720990Z   1>
build	Build Release Win32	2026-09-02T14:21:16.7258509Z   -- Install configuration: "Release"
build	Build Release Win32	2026-09-02T14:21:16.7262155Z   -- Installing: D:/a/fictionbook-editor-next/fictionbook-editor-next/build/libheif/install/Release/lib/pkgconfig/libheif.pc
build	Build Release Win32	2026-09-02T14:21:16.7277701Z   -- Installing: D:/a/fictionbook-editor-next/fictionbook-editor-next/build/libheif/install/Release/lib/heif.lib
build	Build Release Win32	2026-09-02T14:21:16.7480701Z   -- Installing: D:/a/fictionbook-editor-next/fictionbook-editor-next/build/libheif/install/Release/include/libheif/heif.h
build	Build Release Win32	2026-09-02T14:21:16.7484811Z   -- Installing: D:/a/fictionbook-editor-next/fictionbook-editor-next/build/libheif/install/Release/include/libheif/heif_export.h
build	Build Release Win32	2026-09-02T14:21:16.7488880Z   -- Installing: D:/a/fictionbook-editor-next/fictionbook-editor-next/build/libheif/install/Release/include/libheif/heif_library.h
build	Build Release Win32	2026-09-02T14:21:16.7494630Z   -- Installing: D:/a/fictionbook-editor-next/fictionbook-editor-next/build/libheif/install/Release/include/libheif/heif_image.h
build	Build Release Win32	2026-09-02T14:21:16.7500324Z   -- Installing: D:/a/fictionbook-editor-next/fictionbook-editor-next/build/libheif/install/Release/include/libheif/heif_color.h
build	Build Release Win32	2026-09-02T14:21:16.7506116Z   -- Installing: D:/a/fictionbook-editor-next/fictionbook-editor-next/build/libheif/install/Release/include/libheif/heif_error.h
build	Build Release Win32	2026-09-02T14:21:16.7510753Z   -- Installing: D:/a/fictionbook-editor-next/fictionbook-editor-next/build/libheif/install/Release/include/libheif/heif_plugin.h
build	Build Release Win32	2026-09-02T14:21:16.7517875Z   -- Installing: D:/a/fictionbook-editor-next/fictionbook-editor-next/build/libheif/install/Release/include/libheif/heif_properties.h
build	Build Release Win32	2026-09-02T14:21:16.7522814Z   -- Installing: D:/a/fictionbook-editor-next/fictionbook-editor-next/build/libheif/install/Release/include/libheif/heif_regions.h
build	Build Release Win32	2026-09-02T14:21:16.7527624Z   -- Installing: D:/a/fictionbook-editor-next/fictionbook-editor-next/build/libheif/install/Release/include/libheif/heif_items.h
build	Build Release Win32	2026-09-02T14:21:16.7532916Z   -- Installing: D:/a/fictionbook-editor-next/fictionbook-editor-next/build/libheif/install/Release/include/libheif/heif_sequences.h
build	Build Release Win32	2026-09-02T14:21:16.7537457Z   -- Installing: D:/a/fictionbook-editor-next/fictionbook-editor-next/build/libheif/install/Release/include/libheif/heif_tai_timestamps.h
build	Build Release Win32	2026-09-02T14:21:16.7542256Z   -- Installing: D:/a/fictionbook-editor-next/fictionbook-editor-next/build/libheif/install/Release/include/libheif/heif_brands.h
build	Build Release Win32	2026-09-02T14:21:16.7546763Z   -- Installing: D:/a/fictionbook-editor-next/fictionbook-editor-next/build/libheif/install/Release/include/libheif/heif_metadata.h
build	Build Release Win32	2026-09-02T14:21:16.7551105Z   -- Installing: D:/a/fictionbook-editor-next/fictionbook-editor-next/build/libheif/install/Release/include/libheif/heif_aux_images.h
build	Build Release Win32	2026-09-02T14:21:16.7556107Z   -- Installing: D:/a/fictionbook-editor-next/fictionbook-editor-next/build/libheif/install/Release/include/libheif/heif_entity_groups.h
build	Build Release Win32	2026-09-02T14:21:16.7561674Z   -- Installing: D:/a/fictionbook-editor-next/fictionbook-editor-next/build/libheif/install/Release/include/libheif/heif_security.h
build	Build Release Win32	2026-09-02T14:21:16.7566403Z   -- Installing: D:/a/fictionbook-editor-next/fictionbook-editor-next/build/libheif/install/Release/include/libheif/heif_encoding.h
build	Build Release Win32	2026-09-02T14:21:16.7571920Z   -- Installing: D:/a/fictionbook-editor-next/fictionbook-editor-next/build/libheif/install/Release/include/libheif/heif_decoding.h
build	Build Release Win32	2026-09-02T14:21:16.7576416Z   -- Installing: D:/a/fictionbook-editor-next/fictionbook-editor-next/build/libheif/install/Release/include/libheif/heif_image_handle.h
build	Build Release Win32	2026-09-02T14:21:16.7580503Z   -- Installing: D:/a/fictionbook-editor-next/fictionbook-editor-next/build/libheif/install/Release/include/libheif/heif_context.h
build	Build Release Win32	2026-09-02T14:21:16.7584680Z   -- Installing: D:/a/fictionbook-editor-next/fictionbook-editor-next/build/libheif/install/Release/include/libheif/heif_tiling.h
build	Build Release Win32	2026-09-02T14:21:16.7588982Z   -- Installing: D:/a/fictionbook-editor-next/fictionbook-editor-next/build/libheif/install/Release/include/libheif/heif_components.h
build	Build Release Win32	2026-09-02T14:21:16.7593353Z   -- Installing: D:/a/fictionbook-editor-next/fictionbook-editor-next/build/libheif/install/Release/include/libheif/heif_uncompressed.h
build	Build Release Win32	2026-09-02T14:21:16.7597440Z   -- Installing: D:/a/fictionbook-editor-next/fictionbook-editor-next/build/libheif/install/Release/include/libheif/heif_text.h
build	Build Release Win32	2026-09-02T14:21:16.7601599Z   -- Installing: D:/a/fictionbook-editor-next/fictionbook-editor-next/build/libheif/install/Release/include/libheif/heif_omaf.h
build	Build Release Win32	2026-09-02T14:21:16.7605179Z   -- Installing: D:/a/fictionbook-editor-next/fictionbook-editor-next/build/libheif/install/Release/include/libheif/heif_cxx.h
build	Build Release Win32	2026-09-02T14:21:16.7610299Z   -- Installing: D:/a/fictionbook-editor-next/fictionbook-editor-next/build/libheif/install/Release/include/libheif/heif_version.h
build	Build Release Win32	2026-09-02T14:21:16.7618287Z   -- Installing: D:/a/fictionbook-editor-next/fictionbook-editor-next/build/libheif/install/Release/lib/cmake/libheif/libheif-config.cmake
build	Build Release Win32	2026-09-02T14:21:16.7624840Z   -- Installing: D:/a/fictionbook-editor-next/fictionbook-editor-next/build/libheif/install/Release/lib/cmake/libheif/libheif-config-release.cmake
build	Build Release Win32	2026-09-02T14:21:16.7629655Z   -- Installing: D:/a/fictionbook-editor-next/fictionbook-editor-next/build/libheif/install/Release/lib/cmake/libheif/libheif-config-version.cmake
build	Build Release Win32	2026-09-02T14:21:18.2882185Z Scintilla/Lexilla: используется vcvars_ver=14.44.
build	Build Release Win32	2026-09-02T14:21:18.3724708Z Scintilla/Lexilla: validated universal editor runtime cache hit (toolset=v143).
build	Build Release Win32	2026-09-02T14:21:18.9401259Z Runtime JSON-локализация экспортирована.
build	Build Release Win32	2026-09-02T14:21:18.9404221Z   Каталог: D:\a\fictionbook-editor-next\fictionbook-editor-next\out\Release\Lang
build	Build Release Win32	2026-09-02T14:21:18.9415842Z   Языков: 12
build	Build Release Win32	2026-09-02T14:21:18.9420754Z   Модулей: 6
build	Build Release Win32	2026-09-02T14:21:18.9425790Z Runtime-локализация подготовлена рядом с бинарниками: D:\a\fictionbook-editor-next\fictionbook-editor-next\out\Release\Lang
build	Build Release Win32	2026-09-02T14:21:23.4363425Z 
build	Build Release Win32	2026-09-02T14:21:26.0562605Z   stdafx.cpp
build	Build Release Win32	2026-09-02T14:21:26.0583437Z   StdAfx.cpp
build	Build Release Win32	2026-09-02T14:21:26.1649674Z   affentry.cxx
build	Build Release Win32	2026-09-02T14:21:26.2232060Z   Processing ..\fbe\fbe.idl
build	Build Release Win32	2026-09-02T14:21:26.2500959Z   fbe.idl
build	Build Release Win32	2026-09-02T14:21:26.3102728Z   Processing C:\Program Files (x86)\Windows Kits\10\Include\10.0.26100.0\um\oaidl.idl
build	Build Release Win32	2026-09-02T14:21:26.3360267Z   oaidl.idl
build	Build Release Win32	2026-09-02T14:21:26.3817714Z   Processing C:\Program Files (x86)\Windows Kits\10\Include\10.0.26100.0\um\objidl.idl
build	Build Release Win32	2026-09-02T14:21:26.4168318Z   objidl.idl
build	Build Release Win32	2026-09-02T14:21:26.4627744Z   Processing C:\Program Files (x86)\Windows Kits\10\Include\10.0.26100.0\um\unknwn.idl
build	Build Release Win32	2026-09-02T14:21:26.5059725Z   unknwn.idl
build	Build Release Win32	2026-09-02T14:21:26.6191394Z   Processing C:\Program Files (x86)\Windows Kits\10\Include\10.0.26100.0\shared\wtypes.idl
build	Build Release Win32	2026-09-02T14:21:26.7598581Z   wtypes.idl
build	Build Release Win32	2026-09-02T14:21:26.7704651Z   Processing C:\Program Files (x86)\Windows Kits\10\Include\10.0.26100.0\shared\wtypesbase.idl
build	Build Release Win32	2026-09-02T14:21:26.8072996Z   wtypesbase.idl
build	Build Release Win32	2026-09-02T14:21:26.8487330Z   Processing C:\Program Files (x86)\Windows Kits\10\Include\10.0.26100.0\shared\basetsd.h
build	Build Release Win32	2026-09-02T14:21:26.9908041Z   affixmgr.cxx
build	Build Release Win32	2026-09-02T14:21:27.0181052Z   basetsd.h
build	Build Release Win32	2026-09-02T14:21:27.1980910Z   Processing C:\Program Files (x86)\Windows Kits\10\Include\10.0.26100.0\shared\guiddef.h
build	Build Release Win32	2026-09-02T14:21:27.2841680Z   guiddef.h
build	Build Release Win32	2026-09-02T14:21:27.3491428Z   Processing C:\Program Files (x86)\Windows Kits\10\Include\10.0.26100.0\um\ocidl.idl
build	Build Release Win32	2026-09-02T14:21:27.4318962Z   ocidl.idl
build	Build Release Win32	2026-09-02T14:21:27.4749239Z   Processing C:\Program Files (x86)\Windows Kits\10\Include\10.0.26100.0\um\oleidl.idl
build	Build Release Win32	2026-09-02T14:21:27.4996515Z   oleidl.idl
build	Build Release Win32	2026-09-02T14:21:27.5454163Z   Processing C:\Program Files (x86)\Windows Kits\10\Include\10.0.26100.0\um\servprov.idl
build	Build Release Win32	2026-09-02T14:21:27.5775000Z   servprov.idl
build	Build Release Win32	2026-09-02T14:21:27.6136249Z   Processing C:\Program Files (x86)\Windows Kits\10\Include\10.0.26100.0\um\urlmon.idl
build	Build Release Win32	2026-09-02T14:21:27.6498133Z   urlmon.idl
build	Build Release Win32	2026-09-02T14:21:27.7077592Z   Processing C:\Program Files (x86)\Windows Kits\10\Include\10.0.26100.0\um\msxml.idl
build	Build Release Win32	2026-09-02T14:21:27.7392392Z   msxml.idl
build	Build Release Win32	2026-09-02T14:21:27.9258481Z   Processing C:\Program Files (x86)\Windows Kits\10\Include\10.0.26100.0\um\oaidl.acf
build	Build Release Win32	2026-09-02T14:21:27.9540890Z   oaidl.acf
build	Build Release Win32	2026-09-02T14:21:27.9874756Z   Processing C:\Program Files (x86)\Windows Kits\10\Include\10.0.26100.0\um\ocidl.acf
build	Build Release Win32	2026-09-02T14:21:28.0084950Z   ocidl.acf
build	Build Release Win32	2026-09-02T14:21:28.0114438Z   Processing ..\fbe\fbe.idl
build	Build Release Win32	2026-09-02T14:21:28.0137434Z   Processing ..\fbe\fbe.idl
build	Build Release Win32	2026-09-02T14:21:28.0348894Z   fbe.idl
build	Build Release Win32	2026-09-02T14:21:28.0349692Z   fbe.idl
build	Build Release Win32	2026-09-02T14:21:28.0470978Z   Processing C:\Program Files (x86)\Windows Kits\10\Include\10.0.26100.0\um\oaidl.idl
build	Build Release Win32	2026-09-02T14:21:28.0480071Z   Processing C:\Program Files (x86)\Windows Kits\10\Include\10.0.26100.0\um\oaidl.idl
build	Build Release Win32	2026-09-02T14:21:28.0690369Z   oaidl.idl
build	Build Release Win32	2026-09-02T14:21:28.0691456Z   oaidl.idl
build	Build Release Win32	2026-09-02T14:21:28.0866908Z   Processing C:\Program Files (x86)\Windows Kits\10\Include\10.0.26100.0\um\objidl.idl
build	Build Release Win32	2026-09-02T14:21:28.0868077Z   Processing C:\Program Files (x86)\Windows Kits\10\Include\10.0.26100.0\um\objidl.idl
build	Build Release Win32	2026-09-02T14:21:28.1064396Z   objidl.idl
build	Build Release Win32	2026-09-02T14:21:28.1080033Z   objidl.idl
build	Build Release Win32	2026-09-02T14:21:28.1267911Z   Processing C:\Program Files (x86)\Windows Kits\10\Include\10.0.26100.0\um\unknwn.idl
build	Build Release Win32	2026-09-02T14:21:28.1274233Z   Processing C:\Program Files (x86)\Windows Kits\10\Include\10.0.26100.0\um\unknwn.idl
build	Build Release Win32	2026-09-02T14:21:28.1477686Z   unknwn.idl
build	Build Release Win32	2026-09-02T14:21:28.1478156Z   unknwn.idl
build	Build Release Win32	2026-09-02T14:21:28.1596532Z   Processing C:\Program Files (x86)\Windows Kits\10\Include\10.0.26100.0\shared\wtypes.idl
build	Build Release Win32	2026-09-02T14:21:28.1629602Z   Processing C:\Program Files (x86)\Windows Kits\10\Include\10.0.26100.0\shared\wtypes.idl
build	Build Release Win32	2026-09-02T14:21:28.1789509Z   wtypes.idl
build	Build Release Win32	2026-09-02T14:21:28.1894316Z   wtypes.idl
build	Build Release Win32	2026-09-02T14:21:28.1947911Z   Processing C:\Program Files (x86)\Windows Kits\10\Include\10.0.26100.0\shared\wtypesbase.idl
build	Build Release Win32	2026-09-02T14:21:28.1981141Z   csutil.cxx
build	Build Release Win32	2026-09-02T14:21:28.2023639Z   Processing C:\Program Files (x86)\Windows Kits\10\Include\10.0.26100.0\shared\wtypesbase.idl
build	Build Release Win32	2026-09-02T14:21:28.2188210Z   wtypesbase.idl
build	Build Release Win32	2026-09-02T14:21:28.2296057Z   wtypesbase.idl
build	Build Release Win32	2026-09-02T14:21:28.2339578Z   Processing C:\Program Files (x86)\Windows Kits\10\Include\10.0.26100.0\shared\basetsd.h
build	Build Release Win32	2026-09-02T14:21:28.2419128Z   Processing C:\Program Files (x86)\Windows Kits\10\Include\10.0.26100.0\shared\basetsd.h
build	Build Release Win32	2026-09-02T14:21:28.2591356Z   basetsd.h
build	Build Release Win32	2026-09-02T14:21:28.2696847Z   basetsd.h
build	Build Release Win32	2026-09-02T14:21:28.2752808Z   Processing C:\Program Files (x86)\Windows Kits\10\Include\10.0.26100.0\shared\guiddef.h
build	Build Release Win32	2026-09-02T14:21:28.2846170Z   Processing C:\Program Files (x86)\Windows Kits\10\Include\10.0.26100.0\shared\guiddef.h
build	Build Release Win32	2026-09-02T14:21:28.3010620Z   guiddef.h
build	Build Release Win32	2026-09-02T14:21:28.3065423Z   guiddef.h
build	Build Release Win32	2026-09-02T14:21:28.3532183Z   Processing .\ExportHTML.idl
build	Build Release Win32	2026-09-02T14:21:28.3644889Z   Processing C:\Program Files (x86)\Windows Kits\10\Include\10.0.26100.0\um\ocidl.idl
build	Build Release Win32	2026-09-02T14:21:28.3772018Z   ExportHTML.idl
build	Build Release Win32	2026-09-02T14:21:28.3799455Z   Processing C:\Program Files (x86)\Windows Kits\10\Include\10.0.26100.0\um\ocidl.idl
build	Build Release Win32	2026-09-02T14:21:28.3870989Z   ocidl.idl
build	Build Release Win32	2026-09-02T14:21:28.3916273Z   Processing C:\Program Files (x86)\Windows Kits\10\Include\10.0.26100.0\um\oaidl.idl
build	Build Release Win32	2026-09-02T14:21:28.4054914Z   ocidl.idl
build	Build Release Win32	2026-09-02T14:21:28.4081005Z   Processing C:\Program Files (x86)\Windows Kits\10\Include\10.0.26100.0\um\oleidl.idl
build	Build Release Win32	2026-09-02T14:21:28.4187577Z   oaidl.idl
build	Build Release Win32	2026-09-02T14:21:28.4269638Z   Processing C:\Program Files (x86)\Windows Kits\10\Include\10.0.26100.0\um\oleidl.idl
build	Build Release Win32	2026-09-02T14:21:28.4342123Z   oleidl.idl
build	Build Release Win32	2026-09-02T14:21:28.4383908Z   Processing C:\Program Files (x86)\Windows Kits\10\Include\10.0.26100.0\um\objidl.idl
build	Build Release Win32	2026-09-02T14:21:28.4493598Z   oleidl.idl
build	Build Release Win32	2026-09-02T14:21:28.4632472Z   objidl.idl
build	Build Release Win32	2026-09-02T14:21:28.4645036Z   Processing C:\Program Files (x86)\Windows Kits\10\Include\10.0.26100.0\um\servprov.idl
build	Build Release Win32	2026-09-02T14:21:28.4828535Z   Processing C:\Program Files (x86)\Windows Kits\10\Include\10.0.26100.0\um\servprov.idl
build	Build Release Win32	2026-09-02T14:21:28.4900927Z   Processing C:\Program Files (x86)\Windows Kits\10\Include\10.0.26100.0\um\unknwn.idl
build	Build Release Win32	2026-09-02T14:21:28.4925304Z   servprov.idl
build	Build Release Win32	2026-09-02T14:21:28.5035953Z   servprov.idl
build	Build Release Win32	2026-09-02T14:21:28.5108110Z   Processing C:\Program Files (x86)\Windows Kits\10\Include\10.0.26100.0\um\urlmon.idl
build	Build Release Win32	2026-09-02T14:21:28.5129152Z   unknwn.idl
build	Build Release Win32	2026-09-02T14:21:28.5231635Z   Processing C:\Program Files (x86)\Windows Kits\10\Include\10.0.26100.0\um\urlmon.idl
build	Build Release Win32	2026-09-02T14:21:28.5329762Z   Processing C:\Program Files (x86)\Windows Kits\10\Include\10.0.26100.0\shared\wtypes.idl
build	Build Release Win32	2026-09-02T14:21:28.5331505Z   urlmon.idl
build	Build Release Win32	2026-09-02T14:21:28.5457859Z   urlmon.idl
build	Build Release Win32	2026-09-02T14:21:28.5585042Z   wtypes.idl
build	Build Release Win32	2026-09-02T14:21:28.5594545Z   Processing C:\Program Files (x86)\Windows Kits\10\Include\10.0.26100.0\um\msxml.idl
build	Build Release Win32	2026-09-02T14:21:28.5731704Z   Processing C:\Program Files (x86)\Windows Kits\10\Include\10.0.26100.0\shared\wtypesbase.idl
build	Build Release Win32	2026-09-02T14:21:28.5742539Z   Processing C:\Program Files (x86)\Windows Kits\10\Include\10.0.26100.0\um\msxml.idl
build	Build Release Win32	2026-09-02T14:21:28.5838635Z   msxml.idl
build	Build Release Win32	2026-09-02T14:21:28.5974908Z   msxml.idl
build	Build Release Win32	2026-09-02T14:21:28.6035037Z   wtypesbase.idl
build	Build Release Win32	2026-09-02T14:21:28.6158600Z   Processing C:\Program Files (x86)\Windows Kits\10\Include\10.0.26100.0\shared\basetsd.h
build	Build Release Win32	2026-09-02T14:21:28.6465049Z   basetsd.h
build	Build Release Win32	2026-09-02T14:21:28.6559115Z   Processing C:\Program Files (x86)\Windows Kits\10\Include\10.0.26100.0\shared\guiddef.h
build	Build Release Win32	2026-09-02T14:21:28.6720053Z   Processing C:\Program Files (x86)\Windows Kits\10\Include\10.0.26100.0\um\oaidl.acf
build	Build Release Win32	2026-09-02T14:21:28.6809515Z   guiddef.h
build	Build Release Win32	2026-09-02T14:21:28.6915064Z   Processing C:\Program Files (x86)\Windows Kits\10\Include\10.0.26100.0\um\oaidl.acf
build	Build Release Win32	2026-09-02T14:21:28.6951345Z   oaidl.acf
build	Build Release Win32	2026-09-02T14:21:28.7162530Z   oaidl.acf
build	Build Release Win32	2026-09-02T14:21:28.7172042Z   Processing C:\Program Files (x86)\Windows Kits\10\Include\10.0.26100.0\um\ocidl.acf
build	Build Release Win32	2026-09-02T14:21:28.7339401Z   Processing C:\Program Files (x86)\Windows Kits\10\Include\10.0.26100.0\um\ocidl.acf
build	Build Release Win32	2026-09-02T14:21:28.7407896Z   ocidl.acf
build	Build Release Win32	2026-09-02T14:21:28.7542587Z   ocidl.acf
build	Build Release Win32	2026-09-02T14:21:28.7560503Z   Processing C:\Program Files (x86)\Windows Kits\10\Include\10.0.26100.0\um\ocidl.idl
build	Build Release Win32	2026-09-02T14:21:28.7805488Z   ocidl.idl
build	Build Release Win32	2026-09-02T14:21:28.7997245Z   Processing C:\Program Files (x86)\Windows Kits\10\Include\10.0.26100.0\um\oleidl.idl
build	Build Release Win32	2026-09-02T14:21:28.8348551Z   oleidl.idl
build	Build Release Win32	2026-09-02T14:21:28.8479673Z   Processing C:\Program Files (x86)\Windows Kits\10\Include\10.0.26100.0\um\servprov.idl
build	Build Release Win32	2026-09-02T14:21:28.8717429Z   servprov.idl
build	Build Release Win32	2026-09-02T14:21:28.8779916Z   Processing .\ExportDOCX.idl
build	Build Release Win32	2026-09-02T14:21:28.8903653Z   Processing C:\Program Files (x86)\Windows Kits\10\Include\10.0.26100.0\um\urlmon.idl
build	Build Release Win32	2026-09-02T14:21:28.8991552Z   ExportDOCX.idl
build	Build Release Win32	2026-09-02T14:21:28.9110335Z   urlmon.idl
build	Build Release Win32	2026-09-02T14:21:28.9128179Z   Processing C:\Program Files (x86)\Windows Kits\10\Include\10.0.26100.0\um\oaidl.idl
build	Build Release Win32	2026-09-02T14:21:28.9308695Z   Processing .\ExportEPUB.idl
build	Build Release Win32	2026-09-02T14:21:28.9382251Z   Processing C:\Program Files (x86)\Windows Kits\10\Include\10.0.26100.0\um\msxml.idl
build	Build Release Win32	2026-09-02T14:21:28.9390343Z   oaidl.idl
build	Build Release Win32	2026-09-02T14:21:28.9552894Z   ExportEPUB.idl
build	Build Release Win32	2026-09-02T14:21:28.9592146Z   Processing C:\Program Files (x86)\Windows Kits\10\Include\10.0.26100.0\um\objidl.idl
build	Build Release Win32	2026-09-02T14:21:28.9606574Z   msxml.idl
build	Build Release Win32	2026-09-02T14:21:28.9687815Z   Processing C:\Program Files (x86)\Windows Kits\10\Include\10.0.26100.0\um\oaidl.idl
build	Build Release Win32	2026-09-02T14:21:28.9823426Z   objidl.idl
build	Build Release Win32	2026-09-02T14:21:28.9937662Z   oaidl.idl
build	Build Release Win32	2026-09-02T14:21:29.0051232Z   Processing C:\Program Files (x86)\Windows Kits\10\Include\10.0.26100.0\um\unknwn.idl
build	Build Release Win32	2026-09-02T14:21:29.0143369Z   Processing C:\Program Files (x86)\Windows Kits\10\Include\10.0.26100.0\um\objidl.idl
build	Build Release Win32	2026-09-02T14:21:29.0371136Z   unknwn.idl
build	Build Release Win32	2026-09-02T14:21:29.0398361Z   objidl.idl
build	Build Release Win32	2026-09-02T14:21:29.0468687Z   Processing ..\fbe\fbe.idl
build	Build Release Win32	2026-09-02T14:21:29.0534643Z   Processing C:\Program Files (x86)\Windows Kits\10\Include\10.0.26100.0\shared\wtypes.idl
build	Build Release Win32	2026-09-02T14:21:29.0624483Z   Processing C:\Program Files (x86)\Windows Kits\10\Include\10.0.26100.0\um\unknwn.idl
build	Build Release Win32	2026-09-02T14:21:29.0699111Z   fbe.idl
build	Build Release Win32	2026-09-02T14:21:29.0734777Z   wtypes.idl
build	Build Release Win32	2026-09-02T14:21:29.0835016Z   unknwn.idl
build	Build Release Win32	2026-09-02T14:21:29.0864348Z   Processing C:\Program Files (x86)\Windows Kits\10\Include\10.0.26100.0\shared\wtypesbase.idl
build	Build Release Win32	2026-09-02T14:21:29.0962182Z   Processing C:\Program Files (x86)\Windows Kits\10\Include\10.0.26100.0\um\oaidl.acf
build	Build Release Win32	2026-09-02T14:21:29.1010408Z   Processing C:\Program Files (x86)\Windows Kits\10\Include\10.0.26100.0\shared\wtypes.idl
build	Build Release Win32	2026-09-02T14:21:29.1136758Z   wtypesbase.idl
build	Build Release Win32	2026-09-02T14:21:29.1184662Z   oaidl.acf
build	Build Release Win32	2026-09-02T14:21:29.1254131Z   Processing C:\Program Files (x86)\Windows Kits\10\Include\10.0.26100.0\shared\basetsd.h
build	Build Release Win32	2026-09-02T14:21:29.1260929Z   wtypes.idl
build	Build Release Win32	2026-09-02T14:21:29.1490319Z   Processing C:\Program Files (x86)\Windows Kits\10\Include\10.0.26100.0\shared\wtypesbase.idl
build	Build Release Win32	2026-09-02T14:21:29.1513554Z   basetsd.h
build	Build Release Win32	2026-09-02T14:21:29.1564807Z   Processing C:\Program Files (x86)\Windows Kits\10\Include\10.0.26100.0\um\ocidl.acf
build	Build Release Win32	2026-09-02T14:21:29.1679277Z   Processing C:\Program Files (x86)\Windows Kits\10\Include\10.0.26100.0\shared\guiddef.h
build	Build Release Win32	2026-09-02T14:21:29.1703985Z   wtypesbase.idl
build	Build Release Win32	2026-09-02T14:21:29.1915744Z   ocidl.acf
build	Build Release Win32	2026-09-02T14:21:29.1922149Z   guiddef.h
build	Build Release Win32	2026-09-02T14:21:29.2066534Z   Processing C:\Program Files (x86)\Windows Kits\10\Include\10.0.26100.0\shared\basetsd.h
build	Build Release Win32	2026-09-02T14:21:29.2557027Z   Processing C:\Program Files (x86)\Windows Kits\10\Include\10.0.26100.0\um\ocidl.idl
build	Build Release Win32	2026-09-02T14:21:29.2625098Z   basetsd.h
build	Build Release Win32	2026-09-02T14:21:29.2886023Z D:\a\fictionbook-editor-next\fictionbook-editor-next\third_party\hunspell\src\hunspell\affixmgr.cxx(1440,29): warning C4267: '=': conversion from 'size_t' to 'short', possible loss of data [D:\a\fictionbook-editor-next\fictionbook-editor-next\build\hunspell\libhunspell.vcxproj]
build	Build Release Win32	2026-09-02T14:21:29.3003113Z   ocidl.idl
build	Build Release Win32	2026-09-02T14:21:29.3161330Z   Processing C:\Program Files (x86)\Windows Kits\10\Include\10.0.26100.0\um\oleidl.idl
build	Build Release Win32	2026-09-02T14:21:29.3236818Z   Processing C:\Program Files (x86)\Windows Kits\10\Include\10.0.26100.0\shared\guiddef.h
build	Build Release Win32	2026-09-02T14:21:29.3547409Z   guiddef.h
build	Build Release Win32	2026-09-02T14:21:29.3761942Z   oleidl.idl
build	Build Release Win32	2026-09-02T14:21:29.4118009Z   Processing C:\Program Files (x86)\Windows Kits\10\Include\10.0.26100.0\um\servprov.idl
build	Build Release Win32	2026-09-02T14:21:29.4123385Z   Processing C:\Program Files (x86)\Windows Kits\10\Include\10.0.26100.0\um\ocidl.idl
build	Build Release Win32	2026-09-02T14:21:29.4304623Z   ocidl.idl
build	Build Release Win32	2026-09-02T14:21:29.4315160Z   servprov.idl
build	Build Release Win32	2026-09-02T14:21:29.4478212Z   Processing C:\Program Files (x86)\Windows Kits\10\Include\10.0.26100.0\um\urlmon.idl
build	Build Release Win32	2026-09-02T14:21:29.4491154Z   Processing C:\Program Files (x86)\Windows Kits\10\Include\10.0.26100.0\um\oleidl.idl
build	Build Release Win32	2026-09-02T14:21:29.4692196Z   oleidl.idl
build	Build Release Win32	2026-09-02T14:21:29.4693150Z   urlmon.idl
build	Build Release Win32	2026-09-02T14:21:29.4958960Z   Processing C:\Program Files (x86)\Windows Kits\10\Include\10.0.26100.0\um\msxml.idl
build	Build Release Win32	2026-09-02T14:21:29.4969414Z   Processing C:\Program Files (x86)\Windows Kits\10\Include\10.0.26100.0\um\servprov.idl
build	Build Release Win32	2026-09-02T14:21:29.5138530Z   msxml.idl
build	Build Release Win32	2026-09-02T14:21:29.5179375Z   servprov.idl
build	Build Release Win32	2026-09-02T14:21:29.5308046Z   Processing C:\Program Files (x86)\Windows Kits\10\Include\10.0.26100.0\um\urlmon.idl
build	Build Release Win32	2026-09-02T14:21:29.5503532Z   urlmon.idl
build	Build Release Win32	2026-09-02T14:21:29.5755724Z   Processing C:\Program Files (x86)\Windows Kits\10\Include\10.0.26100.0\um\msxml.idl
build	Build Release Win32	2026-09-02T14:21:29.5935374Z   Processing ..\fbe\fbe.idl
build	Build Release Win32	2026-09-02T14:21:29.6130638Z   msxml.idl
build	Build Release Win32	2026-09-02T14:21:29.6218251Z   fbe.idl
build	Build Release Win32	2026-09-02T14:21:29.6427013Z   Processing C:\Program Files (x86)\Windows Kits\10\Include\10.0.26100.0\um\oaidl.acf
build	Build Release Win32	2026-09-02T14:21:29.6685305Z   oaidl.acf
build	Build Release Win32	2026-09-02T14:21:29.6931257Z   Processing C:\Program Files (x86)\Windows Kits\10\Include\10.0.26100.0\um\ocidl.acf
build	Build Release Win32	2026-09-02T14:21:29.6968914Z   Processing ..\fbe\fbe.idl
build	Build Release Win32	2026-09-02T14:21:29.7208562Z   fbe.idl
build	Build Release Win32	2026-09-02T14:21:29.7217914Z   ocidl.acf
build	Build Release Win32	2026-09-02T14:21:29.7396385Z   Processing C:\Program Files (x86)\Windows Kits\10\Include\10.0.26100.0\um\oaidl.acf
build	Build Release Win32	2026-09-02T14:21:29.7637762Z   oaidl.acf
build	Build Release Win32	2026-09-02T14:21:29.7790633Z   Processing C:\Program Files (x86)\Windows Kits\10\Include\10.0.26100.0\um\ocidl.acf
build	Build Release Win32	2026-09-02T14:21:29.7972254Z   ocidl.acf
build	Build Release Win32	2026-09-02T14:21:30.0594344Z   StdAfx.cpp
build	Build Release Win32	2026-09-02T14:21:30.1843744Z   StdAfx.cpp
build	Build Release Win32	2026-09-02T14:21:30.2163270Z   filemgr.cxx
build	Build Release Win32	2026-09-02T14:21:30.7323830Z   FBV.cpp
build	Build Release Win32	2026-09-02T14:21:30.8986908Z   hashmgr.cxx
build	Build Release Win32	2026-09-02T14:21:31.5535864Z   AtlImageStatics.cpp
build	Build Release Win32	2026-09-02T14:21:31.8425126Z   hunspell.cxx
build	Build Release Win32	2026-09-02T14:21:32.6139661Z   StdAfx.cpp
build	Build Release Win32	2026-09-02T14:21:32.6775593Z   stdafx.cpp
build	Build Release Win32	2026-09-02T14:21:32.6901301Z   dllmain.cpp
build	Build Release Win32	2026-09-02T14:21:32.7693923Z   ExportHTML.cpp
build	Build Release Win32	2026-09-02T14:21:32.8120342Z   ExportHTMLPlugin.cpp
build	Build Release Win32	2026-09-02T14:21:32.9263947Z   hunzip.cxx
build	Build Release Win32	2026-09-02T14:21:33.0736266Z   Fb2CoverImage.cpp
build	Build Release Win32	2026-09-02T14:21:33.4302168Z   Generating code
build	Build Release Win32	2026-09-02T14:21:33.6333696Z   Previous IPDB not found, fall back to full compilation.
build	Build Release Win32	2026-09-02T14:21:33.6802190Z   phonet.cxx
build	Build Release Win32	2026-09-02T14:21:33.9623445Z   RuntimeLocalization.cpp
build	Build Release Win32	2026-09-02T14:21:34.4148537Z   Utils.cpp
build	Build Release Win32	2026-09-02T14:21:34.5254481Z   replist.cxx
build	Build Release Win32	2026-09-02T14:21:34.8197921Z   Fb2CoverThumbnail.cpp
build	Build Release Win32	2026-09-02T14:21:35.3701617Z   suggestmgr.cxx
build	Build Release Win32	2026-09-02T14:21:35.5665674Z   ExportHTML_i.c
build	Build Release Win32	2026-09-02T14:21:35.7341840Z   All 774 functions were compiled because no usable IPDB/IOBJ from previous compilation was found.
build	Build Release Win32	2026-09-02T14:21:35.7426945Z   Finished generating code
build	Build Release Win32	2026-09-02T14:21:35.8021610Z   dllmain.cpp
build	Build Release Win32	2026-09-02T14:21:35.8666565Z   ExportDOCX.cpp
build	Build Release Win32	2026-09-02T14:21:35.9277505Z   ExportDOCXPlugin.cpp
build	Build Release Win32	2026-09-02T14:21:36.0114768Z   dllmain.cpp
build	Build Release Win32	2026-09-02T14:21:36.0619087Z   EpubImport.cpp
build	Build Release Win32	2026-09-02T14:21:36.7161802Z   FBV.vcxproj -> D:\a\fictionbook-editor-next\fictionbook-editor-next\out\Release\FBV.exe
build	Build Release Win32	2026-09-02T14:21:36.7298924Z   RuntimeLocalization.cpp
build	Build Release Win32	2026-09-02T14:21:36.9041403Z   libhunspell.vcxproj -> D:\a\fictionbook-editor-next\fictionbook-editor-next\build\hunspell\lib\Release\libhunspell.lib
build	Build Release Win32	2026-09-02T14:21:37.0597400Z   dllmain.cpp
build	Build Release Win32	2026-09-02T14:21:37.0806788Z   ImportEPUBPlugin.cpp
build	Build Release Win32	2026-09-02T14:21:37.1026748Z   ExportEPUB.cpp
build	Build Release Win32	2026-09-02T14:21:37.1371496Z      Creating library D:\a\fictionbook-editor-next\fictionbook-editor-next\out\Release\Plugins\ExportHTML.lib and object D:\a\fictionbook-editor-next\fictionbook-editor-next\out\Release\Plugins\ExportHTML.exp
build	Build Release Win32	2026-09-02T14:21:37.1442875Z   ExportEPUBPlugin.cpp
build	Build Release Win32	2026-09-02T14:21:37.1664986Z   Generating code
build	Build Release Win32	2026-09-02T14:21:37.1672172Z   Previous IPDB not found, fall back to full compilation.
build	Build Release Win32	2026-09-02T14:21:37.2680496Z   Utils.cpp
build	Build Release Win32	2026-09-02T14:21:37.4973039Z   Copying requisite resources...
build	Build Release Win32	2026-09-02T14:21:37.5765475Z   ImportOptionsDialog.cpp
build	Build Release Win32	2026-09-02T14:21:37.7954068Z   Registry.cpp
build	Build Release Win32	2026-09-02T14:21:38.0398932Z   RuntimeLocalization.cpp
build	Build Release Win32	2026-09-02T14:21:38.9220970Z   Generating Code...
build	Build Release Win32	2026-09-02T14:21:39.2036284Z   RuntimeLocalization.cpp
build	Build Release Win32	2026-09-02T14:21:39.9077618Z   ExportEPUB_i.c
build	Build Release Win32	2026-09-02T14:21:40.7987474Z   FbeEpubExport.cpp
build	Build Release Win32	2026-09-02T14:21:43.5594041Z   All 2104 functions were compiled because no usable IPDB/IOBJ from previous compilation was found.
build	Build Release Win32	2026-09-02T14:21:43.5928591Z   Finished generating code
build	Build Release Win32	2026-09-02T14:21:43.8137404Z   
build	Build Release Win32	2026-09-02T14:21:43.8791831Z ExportEPUBStrings.generated.rc2(77): error RC2151: cannot reuse string constants, 102(0x66) - "EPUB 3 (*.epub)|*.epub|EPUB 2 (*.epub)|*.epub|All files (*.*)|*.*|" already defined. Cannot add 102(0x66) - "EPUB 3 (*.epub)|*.epub|EPUB 2 (*.epub)|*.epub| [D:\a\fictionbook-editor-next\fictionbook-editor-next\src\export-epub\ExportEPUB.vcxproj]
build	Build Release Win32	2026-09-02T14:21:44.4136104Z   ExportHTML.vcxproj -> D:\a\fictionbook-editor-next\fictionbook-editor-next\out\Release\Plugins\ExportHTML.dll
build	Build Release Win32	2026-09-02T14:21:44.5598446Z   ExportDOCX_i.c
build	Build Release Win32	2026-09-02T14:21:44.7088395Z      Creating library D:\a\fictionbook-editor-next\fictionbook-editor-next\src\import-epub\..\..\out\Release\Plugins\ImportEPUB.lib and object D:\a\fictionbook-editor-next\fictionbook-editor-next\src\import-epub\..\..\out\Release\Plugins\ImportEPUB.exp
build	Build Release Win32	2026-09-02T14:21:44.9129898Z   ImportEPUB.vcxproj -> D:\a\fictionbook-editor-next\fictionbook-editor-next\out\Release\Plugins\ImportEPUB.dll
build	Build Release Win32	2026-09-02T14:21:44.9575718Z   Processing .\fbe.idl
build	Build Release Win32	2026-09-02T14:21:44.9746136Z   fbe.idl
build	Build Release Win32	2026-09-02T14:21:44.9864654Z   Processing C:\Program Files (x86)\Windows Kits\10\Include\10.0.26100.0\um\oaidl.idl
build	Build Release Win32	2026-09-02T14:21:45.0024511Z   oaidl.idl
build	Build Release Win32	2026-09-02T14:21:45.0182598Z   Processing C:\Program Files (x86)\Windows Kits\10\Include\10.0.26100.0\um\objidl.idl
build	Build Release Win32	2026-09-02T14:21:45.0357022Z   objidl.idl
build	Build Release Win32	2026-09-02T14:21:45.0541606Z   Processing C:\Program Files (x86)\Windows Kits\10\Include\10.0.26100.0\um\unknwn.idl
build	Build Release Win32	2026-09-02T14:21:45.0721028Z   unknwn.idl
build	Build Release Win32	2026-09-02T14:21:45.0846431Z   Processing C:\Program Files (x86)\Windows Kits\10\Include\10.0.26100.0\shared\wtypes.idl
build	Build Release Win32	2026-09-02T14:21:45.1031374Z   wtypes.idl
build	Build Release Win32	2026-09-02T14:21:45.1166248Z   Processing C:\Program Files (x86)\Windows Kits\10\Include\10.0.26100.0\shared\wtypesbase.idl
build	Build Release Win32	2026-09-02T14:21:45.1356149Z   wtypesbase.idl
build	Build Release Win32	2026-09-02T14:21:45.1466567Z   Processing C:\Program Files (x86)\Windows Kits\10\Include\10.0.26100.0\shared\basetsd.h
build	Build Release Win32	2026-09-02T14:21:45.1656582Z   basetsd.h
build	Build Release Win32	2026-09-02T14:21:45.1771474Z   Processing C:\Program Files (x86)\Windows Kits\10\Include\10.0.26100.0\shared\guiddef.h
build	Build Release Win32	2026-09-02T14:21:45.1905328Z      Creating library D:\a\fictionbook-editor-next\fictionbook-editor-next\src\export-docx\..\..\out\Release\Plugins\ExportDOCX.lib and object D:\a\fictionbook-editor-next\fictionbook-editor-next\src\export-docx\..\..\out\Release\Plugins\ExportDOCX.exp
build	Build Release Win32	2026-09-02T14:21:45.1941788Z   guiddef.h
build	Build Release Win32	2026-09-02T14:21:45.1970751Z   Generating code
build	Build Release Win32	2026-09-02T14:21:45.2095093Z   Previous IPDB not found, fall back to full compilation.
build	Build Release Win32	2026-09-02T14:21:45.2584628Z   Processing C:\Program Files (x86)\Windows Kits\10\Include\10.0.26100.0\um\ocidl.idl
build	Build Release Win32	2026-09-02T14:21:45.2758415Z   ocidl.idl
build	Build Release Win32	2026-09-02T14:21:45.3402584Z   Processing C:\Program Files (x86)\Windows Kits\10\Include\10.0.26100.0\um\oleidl.idl
build	Build Release Win32	2026-09-02T14:21:45.6785541Z   oleidl.idl
build	Build Release Win32	2026-09-02T14:21:46.2884553Z   Processing C:\Program Files (x86)\Windows Kits\10\Include\10.0.26100.0\um\servprov.idl
build	Build Release Win32	2026-09-02T14:21:47.1018805Z   servprov.idl
build	Build Release Win32	2026-09-02T14:21:47.3072937Z   Fb2Metadata.cpp
build	Build Release Win32	2026-09-02T14:21:47.4419941Z   Processing C:\Program Files (x86)\Windows Kits\10\Include\10.0.26100.0\um\urlmon.idl
build	Build Release Win32	2026-09-02T14:21:47.5088114Z   urlmon.idl
build	Build Release Win32	2026-09-02T14:21:47.7673070Z   Processing C:\Program Files (x86)\Windows Kits\10\Include\10.0.26100.0\um\msxml.idl
build	Build Release Win32	2026-09-02T14:21:47.8056158Z   msxml.idl
build	Build Release Win32	2026-09-02T14:21:47.8746493Z   Processing C:\Program Files (x86)\Windows Kits\10\Include\10.0.26100.0\um\oaidl.acf
build	Build Release Win32	2026-09-02T14:21:47.8980724Z   oaidl.acf
build	Build Release Win32	2026-09-02T14:21:47.9154400Z   Processing C:\Program Files (x86)\Windows Kits\10\Include\10.0.26100.0\um\ocidl.acf
build	Build Release Win32	2026-09-02T14:21:47.9378409Z   ocidl.acf
build	Build Release Win32	2026-09-02T14:21:48.0022443Z   All 1970 functions were compiled because no usable IPDB/IOBJ from previous compilation was found.
build	Build Release Win32	2026-09-02T14:21:48.0212789Z   Finished generating code
build	Build Release Win32	2026-09-02T14:21:48.1523622Z   stdafx.cpp
build	Build Release Win32	2026-09-02T14:21:48.3112443Z   ExportDOCX.vcxproj -> D:\a\fictionbook-editor-next\fictionbook-editor-next\out\Release\Plugins\ExportDOCX.dll
build	Build Release Win32	2026-09-02T14:21:48.7777153Z   Fb2ShellProperties.cpp
build	Build Release Win32	2026-09-02T14:21:49.6533594Z   FbeCustomProperties.cpp
build	Build Release Win32	2026-09-02T14:21:50.1231369Z   Fb2PropertyKeys.cpp
build	Build Release Win32	2026-09-02T14:21:50.9224557Z   Fb2PropertyHandler.cpp
build	Build Release Win32	2026-09-02T14:21:51.8353778Z   Fb2PropertyStore.cpp
build	Build Release Win32	2026-09-02T14:21:52.7090380Z   Fb2PropertyStoreCom.cpp
build	Build Release Win32	2026-09-02T14:21:53.4769269Z   Fb2ThumbnailProvider.cpp
build	Build Release Win32	2026-09-02T14:21:54.9005785Z   Generating Code...
build	Build Release Win32	2026-09-02T14:21:55.2496749Z   AboutBox.cpp
build	Build Release Win32	2026-09-02T14:21:56.0605121Z   FBShell.cpp
build	Build Release Win32	2026-09-02T14:21:56.1613576Z   UpdateVersion.cpp
build	Build Release Win32	2026-09-02T14:21:56.2025777Z   UiMetrics.cpp
build	Build Release Win32	2026-09-02T14:21:56.2265898Z   CrashHandler.cpp
build	Build Release Win32	2026-09-02T14:21:56.5656559Z   DocumentTree.cpp
build	Build Release Win32	2026-09-02T14:21:56.7811098Z      Creating library D:\a\fictionbook-editor-next\fictionbook-editor-next\out\Release\FBShell.lib and object D:\a\fictionbook-editor-next\fictionbook-editor-next\out\Release\FBShell.exp
build	Build Release Win32	2026-09-02T14:21:56.8650147Z   DiagnosticPackage.cpp
build	Build Release Win32	2026-09-02T14:21:56.9430434Z   FBShell.vcxproj -> D:\a\fictionbook-editor-next\fictionbook-editor-next\out\Release\FBShell.dll
build	Build Release Win32	2026-09-02T14:21:57.1243642Z   ElementDescMnr.cpp
build	Build Release Win32	2026-09-02T14:21:58.0379870Z   ElementDescriptor.cpp
build	Build Release Win32	2026-09-02T14:21:58.4951289Z   Fb2CoverThumbnail.cpp
build	Build Release Win32	2026-09-02T14:21:58.5851744Z   RegexBackend.cpp
build	Build Release Win32	2026-09-02T14:21:58.6409902Z   RegexBackendPcre2.cpp
build	Build Release Win32	2026-09-02T14:21:58.7003278Z   RuntimeLocalization.cpp
build	Build Release Win32	2026-09-02T14:21:58.9485956Z   XmlSourceThemes.cpp
build	Build Release Win32	2026-09-02T14:21:59.3066303Z   GLLogo.cpp
build	Build Release Win32	2026-09-02T14:21:59.3611060Z   ImageImport.cpp
build	Build Release Win32	2026-09-02T14:21:59.5285667Z   SettingsAdvancedPage.cpp
build	Build Release Win32	2026-09-02T14:21:59.7705142Z   script.cpp
build	Build Release Win32	2026-09-02T14:22:00.6635530Z   Settings.cpp
build	Build Release Win32	2026-09-02T14:22:01.0449663Z   SettingsGeneralPage.cpp
build	Build Release Win32	2026-09-02T14:22:01.2880331Z   SettingsImagesPage.cpp
build	Build Release Win32	2026-09-02T14:22:01.5318749Z   Generating Code...
build	Build Release Win32	2026-09-02T14:22:07.8293908Z   Compiling...
build	Build Release Win32	2026-09-02T14:22:07.8294343Z   SettingsEditorPage.cpp
build	Build Release Win32	2026-09-02T14:22:08.0860067Z   SettingsSpellingPage.cpp
build	Build Release Win32	2026-09-02T14:22:08.4725778Z   SettingsSourcePage.cpp
build	Build Release Win32	2026-09-02T14:22:08.8058007Z   SettingsDlg.cpp
build	Build Release Win32	2026-09-02T14:22:09.1102977Z   SettingsHotkeysDlg.cpp
build	Build Release Win32	2026-09-02T14:22:09.4908466Z   SettingsWordsDlg.cpp
build	Build Release Win32	2026-09-02T14:22:09.7949607Z   Speller.cpp
build	Build Release Win32	2026-09-02T14:22:10.4210083Z   Splitter.cpp
build	Build Release Win32	2026-09-02T14:22:10.4502420Z   StartupTrace.cpp
build	Build Release Win32	2026-09-02T14:22:10.6904031Z   xmlMatchedTagsHighlighter.cpp
build	Build Release Win32	2026-09-02T14:22:10.9046914Z   XMLSerializer.cpp
build	Build Release Win32	2026-09-02T14:22:11.0032882Z   Generating Code...
build	Build Release Win32	2026-09-02T14:22:16.5366686Z   apputils.cpp
build	Build Release Win32	2026-09-02T14:22:16.6482954Z   ExternalHelper.cpp
build	Build Release Win32	2026-09-02T14:22:17.0799753Z   FBDoc.cpp
build	Build Release Win32	2026-09-02T14:22:17.7867603Z   FBE.cpp
build	Build Release Win32	2026-09-02T14:22:18.6942147Z   FBEview.cpp
build	Build Release Win32	2026-09-02T14:22:19.5489706Z   mainfrm.cpp
build	Build Release Win32	2026-09-02T14:22:21.0983761Z   TreeView.cpp
build	Build Release Win32	2026-09-02T14:22:21.5569456Z   Utils.cpp
build	Build Release Win32	2026-09-02T14:22:22.0112628Z   Words.cpp
build	Build Release Win32	2026-09-02T14:22:22.4881606Z   ColorButton.cpp
build	Build Release Win32	2026-09-02T14:22:22.5375090Z   Generating Code...
build	Build Release Win32	2026-09-02T14:22:35.2982252Z   Fb2SourceAutocomplete.cpp
build	Build Release Win32	2026-09-02T14:22:35.7671247Z   Fb2SourceStructuralContext.cpp
build	Build Release Win32	2026-09-02T14:22:36.0474665Z   Fb2CoverImage.cpp
build	Build Release Win32	2026-09-02T14:22:36.9888404Z   Fb2Metadata.cpp
build	Build Release Win32	2026-09-02T14:22:37.9108015Z   Fb2ShellProperties.cpp
build	Build Release Win32	2026-09-02T14:22:38.6130805Z   Generating Code...
build	Build Release Win32	2026-09-02T14:22:40.0869365Z   buildstamp.c
build	Build Release Win32	2026-09-02T14:22:40.8991761Z      Creating library D:\a\fictionbook-editor-next\fictionbook-editor-next\out\Release\FBE.lib and object D:\a\fictionbook-editor-next\fictionbook-editor-next\out\Release\FBE.exp
build	Build Release Win32	2026-09-02T14:22:40.9293145Z   Generating code
build	Build Release Win32	2026-09-02T14:22:44.9351471Z   Finished generating code
build	Build Release Win32	2026-09-02T14:22:45.5197182Z   FBE.vcxproj -> D:\a\fictionbook-editor-next\fictionbook-editor-next\out\Release\FBE.exe
build	Build Release Win32	2026-09-02T14:22:45.9113839Z ##[error]Process completed with exit code 1.
build	Post Run actions/checkout@v5	﻿2026-09-02T14:22:45.9409236Z Post job cleanup.
build	Post Run actions/checkout@v5	2026-09-02T14:22:46.1111775Z [command]"C:\Program Files\Git\bin\git.exe" version
build	Post Run actions/checkout@v5	2026-09-02T14:22:46.1354805Z git version 2.55.0.windows.5
build	Post Run actions/checkout@v5	2026-09-02T14:22:46.1415215Z Temporarily overriding HOME='D:\a\_temp\f818d6be-5daf-479f-ab1c-70a817f54ba2' before making global git config changes
build	Post Run actions/checkout@v5	2026-09-02T14:22:46.1416408Z Adding repository directory to the temporary git global config as a safe directory
build	Post Run actions/checkout@v5	2026-09-02T14:22:46.1426995Z [command]"C:\Program Files\Git\bin\git.exe" config --global --add safe.directory D:\a\fictionbook-editor-next\fictionbook-editor-next
build	Post Run actions/checkout@v5	2026-09-02T14:22:46.1703301Z [command]"C:\Program Files\Git\bin\git.exe" config --local --name-only --get-regexp core\.sshCommand
build	Post Run actions/checkout@v5	2026-09-02T14:22:46.1984746Z [command]"C:\Program Files\Git\bin\git.exe" submodule foreach --recursive "sh -c \"git config --local --name-only --get-regexp 'core\.sshCommand' && git config --local --unset-all 'core.sshCommand' || :\""
build	Post Run actions/checkout@v5	2026-09-02T14:22:46.7350565Z Entering 'third_party/aom'
build	Post Run actions/checkout@v5	2026-09-02T14:22:46.8129840Z Entering 'third_party/hunspell'
build	Post Run actions/checkout@v5	2026-09-02T14:22:46.8906263Z Entering 'third_party/lexilla'
build	Post Run actions/checkout@v5	2026-09-02T14:22:46.9717348Z Entering 'third_party/libde265'
build	Post Run actions/checkout@v5	2026-09-02T14:22:47.0479226Z Entering 'third_party/libheif'
build	Post Run actions/checkout@v5	2026-09-02T14:22:47.1253097Z Entering 'third_party/libwebp'
build	Post Run actions/checkout@v5	2026-09-02T14:22:47.2097255Z Entering 'third_party/openjpeg'
build	Post Run actions/checkout@v5	2026-09-02T14:22:47.2885090Z Entering 'third_party/pcre2'
build	Post Run actions/checkout@v5	2026-09-02T14:22:47.3646157Z Entering 'third_party/pcre2/deps/sljit'
build	Post Run actions/checkout@v5	2026-09-02T14:22:47.4512370Z [command]"C:\Program Files\Git\bin\git.exe" config --local --name-only --get-regexp http\.https\:\/\/github\.com\/\.extraheader
build	Post Run actions/checkout@v5	2026-09-02T14:22:47.4747175Z http.https://github.com/.extraheader
build	Post Run actions/checkout@v5	2026-09-02T14:22:47.4790329Z [command]"C:\Program Files\Git\bin\git.exe" config --local --unset-all http.https://github.com/.extraheader
build	Post Run actions/checkout@v5	2026-09-02T14:22:47.5072238Z [command]"C:\Program Files\Git\bin\git.exe" submodule foreach --recursive "sh -c \"git config --local --name-only --get-regexp 'http\.https\:\/\/github\.com\/\.extraheader' && git config --local --unset-all 'http.https://github.com/.extraheader' || :\""
build	Post Run actions/checkout@v5	2026-09-02T14:22:48.0189159Z Entering 'third_party/aom'
build	Post Run actions/checkout@v5	2026-09-02T14:22:48.0777713Z http.https://github.com/.extraheader
build	Post Run actions/checkout@v5	2026-09-02T14:22:48.1198747Z Entering 'third_party/hunspell'
build	Post Run actions/checkout@v5	2026-09-02T14:22:48.1767906Z http.https://github.com/.extraheader
build	Post Run actions/checkout@v5	2026-09-02T14:22:48.2184161Z Entering 'third_party/lexilla'
build	Post Run actions/checkout@v5	2026-09-02T14:22:48.2773240Z http.https://github.com/.extraheader
build	Post Run actions/checkout@v5	2026-09-02T14:22:48.3180306Z Entering 'third_party/libde265'
build	Post Run actions/checkout@v5	2026-09-02T14:22:48.3743144Z http.https://github.com/.extraheader
build	Post Run actions/checkout@v5	2026-09-02T14:22:48.4150533Z Entering 'third_party/libheif'
build	Post Run actions/checkout@v5	2026-09-02T14:22:48.4727106Z http.https://github.com/.extraheader
build	Post Run actions/checkout@v5	2026-09-02T14:22:48.5127797Z Entering 'third_party/libwebp'
build	Post Run actions/checkout@v5	2026-09-02T14:22:48.5700125Z http.https://github.com/.extraheader
build	Post Run actions/checkout@v5	2026-09-02T14:22:48.6110749Z Entering 'third_party/openjpeg'
build	Post Run actions/checkout@v5	2026-09-02T14:22:48.6716946Z http.https://github.com/.extraheader
build	Post Run actions/checkout@v5	2026-09-02T14:22:48.7122316Z Entering 'third_party/pcre2'
build	Post Run actions/checkout@v5	2026-09-02T14:22:48.7683479Z http.https://github.com/.extraheader
build	Post Run actions/checkout@v5	2026-09-02T14:22:48.8069036Z Entering 'third_party/pcre2/deps/sljit'
build	Post Run actions/checkout@v5	2026-09-02T14:22:48.8650004Z http.https://github.com/.extraheader
build	Post Run actions/checkout@v5	2026-09-02T14:22:48.9146868Z [command]"C:\Program Files\Git\bin\git.exe" config --local --name-only --get-regexp ^includeIf\.gitdir:
build	Post Run actions/checkout@v5	2026-09-02T14:22:48.9407966Z [command]"C:\Program Files\Git\bin\git.exe" submodule foreach --recursive "git config --local --show-origin --name-only --get-regexp remote.origin.url"
build	Post Run actions/checkout@v5	2026-09-02T14:22:49.4734735Z Entering 'third_party/aom'
build	Post Run actions/checkout@v5	2026-09-02T14:22:49.5047379Z file:D:/a/fictionbook-editor-next/fictionbook-editor-next/.git/modules/third_party/aom/config	remote.origin.url
build	Post Run actions/checkout@v5	2026-09-02T14:22:49.5206294Z Entering 'third_party/hunspell'
build	Post Run actions/checkout@v5	2026-09-02T14:22:49.5518422Z file:D:/a/fictionbook-editor-next/fictionbook-editor-next/.git/modules/third_party/hunspell/config	remote.origin.url
build	Post Run actions/checkout@v5	2026-09-02T14:22:49.5676974Z Entering 'third_party/lexilla'
build	Post Run actions/checkout@v5	2026-09-02T14:22:49.5995182Z file:D:/a/fictionbook-editor-next/fictionbook-editor-next/.git/modules/third_party/lexilla/config	remote.origin.url
build	Post Run actions/checkout@v5	2026-09-02T14:22:49.6156426Z Entering 'third_party/libde265'
build	Post Run actions/checkout@v5	2026-09-02T14:22:49.6489820Z file:D:/a/fictionbook-editor-next/fictionbook-editor-next/.git/modules/third_party/libde265/config	remote.origin.url
build	Post Run actions/checkout@v5	2026-09-02T14:22:49.6652650Z Entering 'third_party/libheif'
build	Post Run actions/checkout@v5	2026-09-02T14:22:49.6968324Z file:D:/a/fictionbook-editor-next/fictionbook-editor-next/.git/modules/third_party/libheif/config	remote.origin.url
build	Post Run actions/checkout@v5	2026-09-02T14:22:49.7129954Z Entering 'third_party/libwebp'
build	Post Run actions/checkout@v5	2026-09-02T14:22:49.7442619Z file:D:/a/fictionbook-editor-next/fictionbook-editor-next/.git/modules/third_party/libwebp/config	remote.origin.url
build	Post Run actions/checkout@v5	2026-09-02T14:22:49.7599824Z Entering 'third_party/openjpeg'
build	Post Run actions/checkout@v5	2026-09-02T14:22:49.7908874Z file:D:/a/fictionbook-editor-next/fictionbook-editor-next/.git/modules/third_party/openjpeg/config	remote.origin.url
build	Post Run actions/checkout@v5	2026-09-02T14:22:49.8058883Z Entering 'third_party/pcre2'
build	Post Run actions/checkout@v5	2026-09-02T14:22:49.8374378Z file:D:/a/fictionbook-editor-next/fictionbook-editor-next/.git/modules/third_party/pcre2/config	remote.origin.url
build	Post Run actions/checkout@v5	2026-09-02T14:22:49.8519826Z Entering 'third_party/pcre2/deps/sljit'
build	Post Run actions/checkout@v5	2026-09-02T14:22:49.8838385Z file:D:/a/fictionbook-editor-next/fictionbook-editor-next/.git/modules/third_party/pcre2/modules/deps/sljit/config	remote.origin.url
build	Post Run actions/checkout@v5	2026-09-02T14:22:49.9094210Z [command]"C:\Program Files\Git\bin\git.exe" config --file D:/a/fictionbook-editor-next/fictionbook-editor-next/.git/modules/third_party/aom/config --name-only --get-regexp ^includeIf\.gitdir:
build	Post Run actions/checkout@v5	2026-09-02T14:22:49.9369138Z [command]"C:\Program Files\Git\bin\git.exe" config --file D:/a/fictionbook-editor-next/fictionbook-editor-next/.git/modules/third_party/hunspell/config --name-only --get-regexp ^includeIf\.gitdir:
build	Post Run actions/checkout@v5	2026-09-02T14:22:49.9638423Z [command]"C:\Program Files\Git\bin\git.exe" config --file D:/a/fictionbook-editor-next/fictionbook-editor-next/.git/modules/third_party/lexilla/config --name-only --get-regexp ^includeIf\.gitdir:
build	Post Run actions/checkout@v5	2026-09-02T14:22:49.9912933Z [command]"C:\Program Files\Git\bin\git.exe" config --file D:/a/fictionbook-editor-next/fictionbook-editor-next/.git/modules/third_party/libde265/config --name-only --get-regexp ^includeIf\.gitdir:
build	Post Run actions/checkout@v5	2026-09-02T14:22:50.0185118Z [command]"C:\Program Files\Git\bin\git.exe" config --file D:/a/fictionbook-editor-next/fictionbook-editor-next/.git/modules/third_party/libheif/config --name-only --get-regexp ^includeIf\.gitdir:
build	Post Run actions/checkout@v5	2026-09-02T14:22:50.0458351Z [command]"C:\Program Files\Git\bin\git.exe" config --file D:/a/fictionbook-editor-next/fictionbook-editor-next/.git/modules/third_party/libwebp/config --name-only --get-regexp ^includeIf\.gitdir:
build	Post Run actions/checkout@v5	2026-09-02T14:22:50.0729685Z [command]"C:\Program Files\Git\bin\git.exe" config --file D:/a/fictionbook-editor-next/fictionbook-editor-next/.git/modules/third_party/openjpeg/config --name-only --get-regexp ^includeIf\.gitdir:
build	Post Run actions/checkout@v5	2026-09-02T14:22:50.0991075Z [command]"C:\Program Files\Git\bin\git.exe" config --file D:/a/fictionbook-editor-next/fictionbook-editor-next/.git/modules/third_party/pcre2/config --name-only --get-regexp ^includeIf\.gitdir:
build	Post Run actions/checkout@v5	2026-09-02T14:22:50.1252765Z [command]"C:\Program Files\Git\bin\git.exe" config --file D:/a/fictionbook-editor-next/fictionbook-editor-next/.git/modules/third_party/pcre2/modules/deps/sljit/config --name-only --get-regexp ^includeIf\.gitdir:
build	Complete job	﻿2026-09-02T14:22:50.1718230Z Cleaning up orphan processes
build	Complete job	2026-09-02T14:22:50.1994859Z Terminate orphan process: pid (6640) (vctip)
build	Complete job	2026-09-02T14:22:50.2262333Z Terminate orphan process: pid (4652) (MSBuild)
build	Complete job	2026-09-02T14:22:50.2335588Z Terminate orphan process: pid (2392) (MSBuild)
build	Complete job	2026-09-02T14:22:50.2418534Z Terminate orphan process: pid (7852) (MSBuild)
build	Complete job	2026-09-02T14:22:50.2596831Z Terminate orphan process: pid (4092) (conhost)
build	Complete job	2026-09-02T14:22:50.2703311Z ##[warning]Node.js 20 is deprecated. The following actions target Node.js 20 but are being forced to run on Node.js 24: actions/cache@v4. For more information see: https://github.blog/changelog/2025-09-19-deprecation-of-node-20-on-github-actions-runners/
