build	Verify universal release binaries	﻿2026-09-02T14:39:37.9158651Z ##[group]Run ./tools/build/Initialize-CiUtf8.ps1
build	Verify universal release binaries	2026-09-02T14:39:37.9159187Z ^[[36;1m./tools/build/Initialize-CiUtf8.ps1^[[0m
build	Verify universal release binaries	2026-09-02T14:39:37.9160087Z ^[[36;1m$arguments = @{ Configuration = 'Release'; PlatformToolset = 'v143'; SkipUpdateManifest = $true; BatchOutputDirectory = 'out/target-batches'; ArchHandlerOutputDirectory = 'out/archhandler/Win32/Release' }^[[0m
build	Verify universal release binaries	2026-09-02T14:39:37.9161112Z ^[[36;1mif ($env:GITHUB_REF_TYPE -eq 'tag') { $arguments.FullValidation = $true }^[[0m
build	Verify universal release binaries	2026-09-02T14:39:37.9161593Z ^[[36;1m./tools/build/verify-release.ps1 @arguments^[[0m
build	Verify universal release binaries	2026-09-02T14:39:37.9209322Z shell: C:\Program Files\PowerShell\7\pwsh.EXE -command ". '{0}'"
build	Verify universal release binaries	2026-09-02T14:39:37.9209703Z ##[endgroup]
build	Verify universal release binaries	2026-09-02T14:39:38.4245647Z Build provenance validated: D:\a\fictionbook-editor-next\fictionbook-editor-next\out\build-provenance\CommonCore-Release.json
build	Verify universal release binaries	2026-09-02T14:39:38.4390923Z Build provenance validated: D:\a\fictionbook-editor-next\fictionbook-editor-next\out\build-provenance\Runtime-Release.json
build	Verify universal release binaries	2026-09-02T14:39:38.4649658Z Development bundled plugin layout passed: D:\a\fictionbook-editor-next\fictionbook-editor-next\out\Release\Plugins
build	Verify universal release binaries	2026-09-02T14:39:38.6039878Z Update manifest candidate written: D:\a\fictionbook-editor-next\fictionbook-editor-next\out\tests\update-manifest-candidate\update.xml
build	Verify universal release binaries	2026-09-02T14:39:38.6591795Z Манифест обновления проверен: D:\a\fictionbook-editor-next\fictionbook-editor-next\out\tests\update-manifest-candidate\update.xml
build	Verify universal release binaries	2026-09-02T14:39:38.7303159Z Update manifest candidate behavior passed.
build	Verify universal release binaries	2026-09-02T14:39:38.7952281Z Build provenance written: C:\Users\runneradmin\AppData\Local\Temp\fbe-provenance-6296\provenance\CommonCore-Release.json
build	Verify universal release binaries	2026-09-02T14:39:38.8016234Z Build provenance validated: C:\Users\runneradmin\AppData\Local\Temp\fbe-provenance-6296\provenance\CommonCore-Release.json
build	Verify universal release binaries	2026-09-02T14:39:38.8120975Z Build provenance stale ImportEPUB regression passed.
build	Verify universal release binaries	2026-09-02T14:39:38.8657027Z Build provenance written: C:\Users\runneradmin\AppData\Local\Temp\fbe-provenance-6296\provenance\Runtime-Release.json
build	Verify universal release binaries	2026-09-02T14:39:38.8713632Z Build provenance validated: C:\Users\runneradmin\AppData\Local\Temp\fbe-provenance-6296\provenance\Runtime-Release.json
build	Verify universal release binaries	2026-09-02T14:39:38.8763686Z Runtime provenance tamper regression passed.
build	Verify universal release binaries	2026-09-02T14:39:38.9205783Z Resource ID safety contract passed.
build	Verify universal release binaries	2026-09-02T14:39:38.9623918Z Проверки безопасной работы с исходниками прошли успешно.
build	Verify universal release binaries	2026-09-02T14:39:39.0446457Z Source line-number margin thresholds passed.
build	Verify universal release binaries	2026-09-02T14:39:39.0514847Z Source SCN_UPDATEUI notification contract passed.
build	Verify universal release binaries	2026-09-02T14:39:39.0777117Z Source modern Scintilla feature contract passed.
build	Verify universal release binaries	2026-09-02T14:39:39.2431398Z ^[[31;1mException: ^[[0mD:\a\fictionbook-editor-next\fictionbook-editor-next\tools\tests\test-fbd-support-contract.ps1:46^[[0m
build	Verify universal release binaries	2026-09-02T14:39:39.2432546Z ^[[31;1m^[[0m^[[36;1mLine |^[[0m
build	Verify universal release binaries	2026-09-02T14:39:39.2433236Z ^[[31;1m^[[0m^[[36;1m^[[36;1m  46 | ^[[0m … erIndex') { ^[[36;1mthrow 'Save As filter selection does not control the targ^[[0m …^[[0m
build	Verify universal release binaries	2026-09-02T14:39:39.2434029Z ^[[31;1m^[[0m^[[36;1m^[[36;1m^[[0m^[[36;1m^[[0m^[[36;1m     | ^[[31;1m               ~~~~~~~~~~~~~~~~~~~~~~~~~~~~~~~~~~~~~~~~~~~~~~~~~~~~~~~~~^[[0m
build	Verify universal release binaries	2026-09-02T14:39:39.2434784Z ^[[31;1m^[[0m^[[36;1m^[[36;1m^[[0m^[[36;1m^[[0m^[[36;1m^[[31;1m^[[31;1m^[[36;1m     | ^[[31;1mSave As filter selection does not control the target type.^[[0m
build	Verify universal release binaries	2026-09-02T14:39:39.3008726Z ##[error]Process completed with exit code 1.
